[0.041s] Invoking command in '/home/duckie5/turtlebot3_ws/build/dynamixel_sdk': CMAKE_PREFIX_PATH=${CMAKE_PREFIX_PATH}:/home/duckie5/turtlebot3_ws/install/turtlebot3_teleop:/home/duckie5/turtlebot3_ws/install/turtlebot3_example:/opt/ros/humble /usr/bin/cmake /home/duckie5/turtlebot3_ws/src/DynamixelSDK/ros/dynamixel_sdk -DCMAKE_INSTALL_PREFIX=/home/duckie5/turtlebot3_ws/install/dynamixel_sdk
[0.355s] -- Found ament_cmake: 1.3.12 (/opt/ros/humble/share/ament_cmake/cmake)
[0.355s] -- Override CMake install command with custom implementation using symlinks instead of copying resources
[0.426s] -- Configuring done
[0.436s] -- Generating done
[0.440s] -- Build files have been written to: /home/duckie5/turtlebot3_ws/build/dynamixel_sdk
[0.638s] Invoked command in '/home/duckie5/turtlebot3_ws/build/dynamixel_sdk' returned '0': CMAKE_PREFIX_PATH=${CMAKE_PREFIX_PATH}:/home/duckie5/turtlebot3_ws/install/turtlebot3_teleop:/home/duckie5/turtlebot3_ws/install/turtlebot3_example:/opt/ros/humble /usr/bin/cmake /home/duckie5/turtlebot3_ws/src/DynamixelSDK/ros/dynamixel_sdk -DCMAKE_INSTALL_PREFIX=/home/duckie5/turtlebot3_ws/install/dynamixel_sdk
[0.639s] Invoking command in '/home/duckie5/turtlebot3_ws/build/dynamixel_sdk': CMAKE_PREFIX_PATH=${CMAKE_PREFIX_PATH}:/home/duckie5/turtlebot3_ws/install/turtlebot3_teleop:/home/duckie5/turtlebot3_ws/install/turtlebot3_example:/opt/ros/humble /usr/bin/cmake --build /home/duckie5/turtlebot3_ws/build/dynamixel_sdk -- -j12 -l12
[0.717s] [35m[1mConsolidate compiler generated dependencies of target dynamixel_sdk[0m
[0.743s] [  0%] Built target ament_cmake_python_symlink_dynamixel_sdk
[0.759s] [100%] Built target dynamixel_sdk
[1.009s] running egg_info
[1.010s] writing dynamixel_sdk.egg-info/PKG-INFO
[1.010s] writing dependency_links to dynamixel_sdk.egg-info/dependency_links.txt
[1.010s] writing top-level names to dynamixel_sdk.egg-info/top_level.txt
[1.014s] reading manifest file 'dynamixel_sdk.egg-info/SOURCES.txt'
[1.014s] writing manifest file 'dynamixel_sdk.egg-info/SOURCES.txt'
[1.060s] [100%] Built target ament_cmake_python_build_dynamixel_sdk_egg
[1.076s] Invoked command in '/home/duckie5/turtlebot3_ws/build/dynamixel_sdk' returned '0': CMAKE_PREFIX_PATH=${CMAKE_PREFIX_PATH}:/home/duckie5/turtlebot3_ws/install/turtlebot3_teleop:/home/duckie5/turtlebot3_ws/install/turtlebot3_example:/opt/ros/humble /usr/bin/cmake --build /home/duckie5/turtlebot3_ws/build/dynamixel_sdk -- -j12 -l12
[1.078s] Invoking command in '/home/duckie5/turtlebot3_ws/build/dynamixel_sdk': CMAKE_PREFIX_PATH=${CMAKE_PREFIX_PATH}:/home/duckie5/turtlebot3_ws/install/turtlebot3_teleop:/home/duckie5/turtlebot3_ws/install/turtlebot3_example:/opt/ros/humble /usr/bin/cmake --install /home/duckie5/turtlebot3_ws/build/dynamixel_sdk
[1.089s] -- Install configuration: ""
[1.090s] -- Execute custom install script
[1.090s] -- Up-to-date symlink: /home/duckie5/turtlebot3_ws/install/dynamixel_sdk/include//dynamixel_sdk/dynamixel_sdk.h
[1.091s] -- Up-to-date symlink: /home/duckie5/turtlebot3_ws/install/dynamixel_sdk/include//dynamixel_sdk/group_bulk_read.h
[1.091s] -- Up-to-date symlink: /home/duckie5/turtlebot3_ws/install/dynamixel_sdk/include//dynamixel_sdk/group_bulk_write.h
[1.091s] -- Up-to-date symlink: /home/duckie5/turtlebot3_ws/install/dynamixel_sdk/include//dynamixel_sdk/group_fast_bulk_read.h
[1.091s] -- Up-to-date symlink: /home/duckie5/turtlebot3_ws/install/dynamixel_sdk/include//dynamixel_sdk/group_fast_sync_read.h
[1.091s] -- Up-to-date symlink: /home/duckie5/turtlebot3_ws/install/dynamixel_sdk/include//dynamixel_sdk/group_handler.h
[1.091s] -- Up-to-date symlink: /home/duckie5/turtlebot3_ws/install/dynamixel_sdk/include//dynamixel_sdk/group_sync_read.h
[1.091s] -- Up-to-date symlink: /home/duckie5/turtlebot3_ws/install/dynamixel_sdk/include//dynamixel_sdk/group_sync_write.h
[1.091s] -- Up-to-date symlink: /home/duckie5/turtlebot3_ws/install/dynamixel_sdk/include//dynamixel_sdk/packet_handler.h
[1.092s] -- Up-to-date symlink: /home/duckie5/turtlebot3_ws/install/dynamixel_sdk/include//dynamixel_sdk/port_handler.h
[1.092s] -- Up-to-date symlink: /home/duckie5/turtlebot3_ws/install/dynamixel_sdk/include//dynamixel_sdk/port_handler_arduino.h
[1.092s] -- Up-to-date symlink: /home/duckie5/turtlebot3_ws/install/dynamixel_sdk/include//dynamixel_sdk/port_handler_linux.h
[1.092s] -- Up-to-date symlink: /home/duckie5/turtlebot3_ws/install/dynamixel_sdk/include//dynamixel_sdk/port_handler_mac.h
[1.092s] -- Up-to-date symlink: /home/duckie5/turtlebot3_ws/install/dynamixel_sdk/include//dynamixel_sdk/port_handler_windows.h
[1.092s] -- Up-to-date symlink: /home/duckie5/turtlebot3_ws/install/dynamixel_sdk/include//dynamixel_sdk/protocol1_packet_handler.h
[1.092s] -- Up-to-date symlink: /home/duckie5/turtlebot3_ws/install/dynamixel_sdk/include//dynamixel_sdk/protocol2_packet_handler.h
[1.092s] -- Up-to-date symlink: /home/duckie5/turtlebot3_ws/install/dynamixel_sdk/share/dynamixel_sdk/environment/pythonpath.sh
[1.092s] -- Up-to-date symlink: /home/duckie5/turtlebot3_ws/install/dynamixel_sdk/share/dynamixel_sdk/environment/pythonpath.dsv
[1.093s] -- Up-to-date symlink: /home/duckie5/turtlebot3_ws/install/dynamixel_sdk/local/lib/python3.10/dist-packages/dynamixel_sdk-3.8.4-py3.10.egg-info/PKG-INFO
[1.093s] -- Up-to-date symlink: /home/duckie5/turtlebot3_ws/install/dynamixel_sdk/local/lib/python3.10/dist-packages/dynamixel_sdk-3.8.4-py3.10.egg-info/SOURCES.txt
[1.093s] -- Up-to-date symlink: /home/duckie5/turtlebot3_ws/install/dynamixel_sdk/local/lib/python3.10/dist-packages/dynamixel_sdk-3.8.4-py3.10.egg-info/dependency_links.txt
[1.093s] -- Up-to-date symlink: /home/duckie5/turtlebot3_ws/install/dynamixel_sdk/local/lib/python3.10/dist-packages/dynamixel_sdk-3.8.4-py3.10.egg-info/top_level.txt
[1.094s] -- Up-to-date symlink: /home/duckie5/turtlebot3_ws/install/dynamixel_sdk/local/lib/python3.10/dist-packages/dynamixel_sdk/__init__.py
[1.094s] -- Up-to-date symlink: /home/duckie5/turtlebot3_ws/install/dynamixel_sdk/local/lib/python3.10/dist-packages/dynamixel_sdk/group_bulk_read.cpp
[1.094s] -- Up-to-date symlink: /home/duckie5/turtlebot3_ws/install/dynamixel_sdk/local/lib/python3.10/dist-packages/dynamixel_sdk/group_bulk_read.py
[1.094s] -- Up-to-date symlink: /home/duckie5/turtlebot3_ws/install/dynamixel_sdk/local/lib/python3.10/dist-packages/dynamixel_sdk/group_bulk_write.cpp
[1.094s] -- Up-to-date symlink: /home/duckie5/turtlebot3_ws/install/dynamixel_sdk/local/lib/python3.10/dist-packages/dynamixel_sdk/group_bulk_write.py
[1.094s] -- Up-to-date symlink: /home/duckie5/turtlebot3_ws/install/dynamixel_sdk/local/lib/python3.10/dist-packages/dynamixel_sdk/group_fast_bulk_read.cpp
[1.094s] -- Up-to-date symlink: /home/duckie5/turtlebot3_ws/install/dynamixel_sdk/local/lib/python3.10/dist-packages/dynamixel_sdk/group_fast_sync_read.cpp
[1.095s] -- Up-to-date symlink: /home/duckie5/turtlebot3_ws/install/dynamixel_sdk/local/lib/python3.10/dist-packages/dynamixel_sdk/group_handler.cpp
[1.095s] -- Up-to-date symlink: /home/duckie5/turtlebot3_ws/install/dynamixel_sdk/local/lib/python3.10/dist-packages/dynamixel_sdk/group_sync_read.cpp
[1.095s] -- Up-to-date symlink: /home/duckie5/turtlebot3_ws/install/dynamixel_sdk/local/lib/python3.10/dist-packages/dynamixel_sdk/group_sync_read.py
[1.095s] -- Up-to-date symlink: /home/duckie5/turtlebot3_ws/install/dynamixel_sdk/local/lib/python3.10/dist-packages/dynamixel_sdk/group_sync_write.cpp
[1.095s] -- Up-to-date symlink: /home/duckie5/turtlebot3_ws/install/dynamixel_sdk/local/lib/python3.10/dist-packages/dynamixel_sdk/group_sync_write.py
[1.095s] -- Up-to-date symlink: /home/duckie5/turtlebot3_ws/install/dynamixel_sdk/local/lib/python3.10/dist-packages/dynamixel_sdk/packet_handler.cpp
[1.095s] -- Up-to-date symlink: /home/duckie5/turtlebot3_ws/install/dynamixel_sdk/local/lib/python3.10/dist-packages/dynamixel_sdk/packet_handler.py
[1.095s] -- Up-to-date symlink: /home/duckie5/turtlebot3_ws/install/dynamixel_sdk/local/lib/python3.10/dist-packages/dynamixel_sdk/port_handler.cpp
[1.095s] -- Up-to-date symlink: /home/duckie5/turtlebot3_ws/install/dynamixel_sdk/local/lib/python3.10/dist-packages/dynamixel_sdk/port_handler.py
[1.096s] -- Up-to-date symlink: /home/duckie5/turtlebot3_ws/install/dynamixel_sdk/local/lib/python3.10/dist-packages/dynamixel_sdk/port_handler_arduino.cpp
[1.096s] -- Up-to-date symlink: /home/duckie5/turtlebot3_ws/install/dynamixel_sdk/local/lib/python3.10/dist-packages/dynamixel_sdk/port_handler_linux.cpp
[1.096s] -- Up-to-date symlink: /home/duckie5/turtlebot3_ws/install/dynamixel_sdk/local/lib/python3.10/dist-packages/dynamixel_sdk/port_handler_mac.cpp
[1.096s] -- Up-to-date symlink: /home/duckie5/turtlebot3_ws/install/dynamixel_sdk/local/lib/python3.10/dist-packages/dynamixel_sdk/port_handler_windows.cpp
[1.096s] -- Up-to-date symlink: /home/duckie5/turtlebot3_ws/install/dynamixel_sdk/local/lib/python3.10/dist-packages/dynamixel_sdk/protocol1_packet_handler.cpp
[1.096s] -- Up-to-date symlink: /home/duckie5/turtlebot3_ws/install/dynamixel_sdk/local/lib/python3.10/dist-packages/dynamixel_sdk/protocol1_packet_handler.py
[1.096s] -- Up-to-date symlink: /home/duckie5/turtlebot3_ws/install/dynamixel_sdk/local/lib/python3.10/dist-packages/dynamixel_sdk/protocol2_packet_handler.cpp
[1.097s] -- Up-to-date symlink: /home/duckie5/turtlebot3_ws/install/dynamixel_sdk/local/lib/python3.10/dist-packages/dynamixel_sdk/protocol2_packet_handler.py
[1.097s] -- Up-to-date symlink: /home/duckie5/turtlebot3_ws/install/dynamixel_sdk/local/lib/python3.10/dist-packages/dynamixel_sdk/robotis_def.py
[1.097s] -- Up-to-date symlink: /home/duckie5/turtlebot3_ws/install/dynamixel_sdk/share/dynamixel_sdk/environment/library_path.sh
[1.097s] -- Up-to-date symlink: /home/duckie5/turtlebot3_ws/install/dynamixel_sdk/share/dynamixel_sdk/environment/library_path.dsv
[1.097s] -- Up-to-date symlink: /home/duckie5/turtlebot3_ws/install/dynamixel_sdk/share/ament_index/resource_index/package_run_dependencies/dynamixel_sdk
[1.097s] -- Up-to-date symlink: /home/duckie5/turtlebot3_ws/install/dynamixel_sdk/share/ament_index/resource_index/parent_prefix_path/dynamixel_sdk
[1.097s] -- Up-to-date symlink: /home/duckie5/turtlebot3_ws/install/dynamixel_sdk/share/dynamixel_sdk/environment/ament_prefix_path.sh
[1.097s] -- Up-to-date symlink: /home/duckie5/turtlebot3_ws/install/dynamixel_sdk/share/dynamixel_sdk/environment/ament_prefix_path.dsv
[1.098s] -- Up-to-date symlink: /home/duckie5/turtlebot3_ws/install/dynamixel_sdk/share/dynamixel_sdk/environment/path.sh
[1.098s] -- Up-to-date symlink: /home/duckie5/turtlebot3_ws/install/dynamixel_sdk/share/dynamixel_sdk/environment/path.dsv
[1.098s] -- Up-to-date symlink: /home/duckie5/turtlebot3_ws/install/dynamixel_sdk/share/dynamixel_sdk/local_setup.bash
[1.098s] -- Up-to-date symlink: /home/duckie5/turtlebot3_ws/install/dynamixel_sdk/share/dynamixel_sdk/local_setup.sh
[1.098s] -- Up-to-date symlink: /home/duckie5/turtlebot3_ws/install/dynamixel_sdk/share/dynamixel_sdk/local_setup.zsh
[1.098s] -- Up-to-date symlink: /home/duckie5/turtlebot3_ws/install/dynamixel_sdk/share/dynamixel_sdk/local_setup.dsv
[1.098s] -- Symlinking: /home/duckie5/turtlebot3_ws/install/dynamixel_sdk/share/dynamixel_sdk/package.dsv
[1.113s] -- Up-to-date symlink: /home/duckie5/turtlebot3_ws/install/dynamixel_sdk/share/ament_index/resource_index/packages/dynamixel_sdk
[1.113s] -- Up-to-date symlink: /home/duckie5/turtlebot3_ws/install/dynamixel_sdk/share/dynamixel_sdk/cmake/ament_cmake_export_targets-extras.cmake
[1.113s] -- Up-to-date symlink: /home/duckie5/turtlebot3_ws/install/dynamixel_sdk/share/dynamixel_sdk/cmake/ament_cmake_export_include_directories-extras.cmake
[1.114s] -- Up-to-date symlink: /home/duckie5/turtlebot3_ws/install/dynamixel_sdk/share/dynamixel_sdk/cmake/ament_cmake_export_libraries-extras.cmake
[1.114s] -- Up-to-date symlink: /home/duckie5/turtlebot3_ws/install/dynamixel_sdk/share/dynamixel_sdk/cmake/dynamixel_sdkConfig.cmake
[1.114s] -- Up-to-date symlink: /home/duckie5/turtlebot3_ws/install/dynamixel_sdk/share/dynamixel_sdk/cmake/dynamixel_sdkConfig-version.cmake
[1.114s] -- Up-to-date symlink: /home/duckie5/turtlebot3_ws/install/dynamixel_sdk/share/dynamixel_sdk/package.xml
[1.115s] -- Up-to-date: /home/duckie5/turtlebot3_ws/install/dynamixel_sdk/lib/libdynamixel_sdk.so
[1.150s] Listing '/home/duckie5/turtlebot3_ws/install/dynamixel_sdk/local/lib/python3.10/dist-packages/dynamixel_sdk'...
[1.155s] -- Up-to-date: /home/duckie5/turtlebot3_ws/install/dynamixel_sdk/share/dynamixel_sdk/cmake/dynamixel_sdkExport.cmake
[1.155s] -- Up-to-date: /home/duckie5/turtlebot3_ws/install/dynamixel_sdk/share/dynamixel_sdk/cmake/dynamixel_sdkExport-noconfig.cmake
[1.159s] Invoked command in '/home/duckie5/turtlebot3_ws/build/dynamixel_sdk' returned '0': CMAKE_PREFIX_PATH=${CMAKE_PREFIX_PATH}:/home/duckie5/turtlebot3_ws/install/turtlebot3_teleop:/home/duckie5/turtlebot3_ws/install/turtlebot3_example:/opt/ros/humble /usr/bin/cmake --install /home/duckie5/turtlebot3_ws/build/dynamixel_sdk
