[0.048s] Invoking command in '/home/duckie5/turtlebot3_ws/build/dynamixel_sdk': CMAKE_PREFIX_PATH=${CMAKE_PREFIX_PATH}:/home/duckie5/turtlebot3_ws/install/test_package:/home/duckie5/turtlebot3_ws/install/turtlebot3_teleop:/home/duckie5/turtlebot3_ws/install/turtlebot3_example:/opt/ros/humble /usr/bin/cmake --build /home/duckie5/turtlebot3_ws/build/dynamixel_sdk -- -j12 -l12
[0.648s] [100%] Built target dynamixel_sdk
[0.648s] [100%] Built target ament_cmake_python_symlink_dynamixel_sdk
[0.648s] running egg_info
[0.649s] writing dynamixel_sdk.egg-info/PKG-INFO
[0.649s] writing dependency_links to dynamixel_sdk.egg-info/dependency_links.txt
[0.649s] writing top-level names to dynamixel_sdk.egg-info/top_level.txt
[0.649s] reading manifest file 'dynamixel_sdk.egg-info/SOURCES.txt'
[0.649s] writing manifest file 'dynamixel_sdk.egg-info/SOURCES.txt'
[0.649s] [100%] Built target ament_cmake_python_build_dynamixel_sdk_egg
[0.902s] Invoked command in '/home/duckie5/turtlebot3_ws/build/dynamixel_sdk' returned '0': CMAKE_PREFIX_PATH=${CMAKE_PREFIX_PATH}:/home/duckie5/turtlebot3_ws/install/test_package:/home/duckie5/turtlebot3_ws/install/turtlebot3_teleop:/home/duckie5/turtlebot3_ws/install/turtlebot3_example:/opt/ros/humble /usr/bin/cmake --build /home/duckie5/turtlebot3_ws/build/dynamixel_sdk -- -j12 -l12
[0.903s] Invoking command in '/home/duckie5/turtlebot3_ws/build/dynamixel_sdk': CMAKE_PREFIX_PATH=${CMAKE_PREFIX_PATH}:/home/duckie5/turtlebot3_ws/install/test_package:/home/duckie5/turtlebot3_ws/install/turtlebot3_teleop:/home/duckie5/turtlebot3_ws/install/turtlebot3_example:/opt/ros/humble /usr/bin/cmake --install /home/duckie5/turtlebot3_ws/build/dynamixel_sdk
[0.923s] -- Install configuration: ""
[0.924s] -- Execute custom install script
[0.926s] -- Up-to-date symlink: /home/duckie5/turtlebot3_ws/install/dynamixel_sdk/include//dynamixel_sdk/dynamixel_sdk.h
[0.927s] -- Up-to-date symlink: /home/duckie5/turtlebot3_ws/install/dynamixel_sdk/include//dynamixel_sdk/group_bulk_read.h
[0.927s] -- Up-to-date symlink: /home/duckie5/turtlebot3_ws/install/dynamixel_sdk/include//dynamixel_sdk/group_bulk_write.h
[0.929s] -- Up-to-date symlink: /home/duckie5/turtlebot3_ws/install/dynamixel_sdk/include//dynamixel_sdk/group_fast_bulk_read.h
[0.929s] -- Up-to-date symlink: /home/duckie5/turtlebot3_ws/install/dynamixel_sdk/include//dynamixel_sdk/group_fast_sync_read.h
[0.931s] -- Up-to-date symlink: /home/duckie5/turtlebot3_ws/install/dynamixel_sdk/include//dynamixel_sdk/group_handler.h
[0.931s] -- Up-to-date symlink: /home/duckie5/turtlebot3_ws/install/dynamixel_sdk/include//dynamixel_sdk/group_sync_read.h
[0.931s] -- Up-to-date symlink: /home/duckie5/turtlebot3_ws/install/dynamixel_sdk/include//dynamixel_sdk/group_sync_write.h
[0.931s] -- Up-to-date symlink: /home/duckie5/turtlebot3_ws/install/dynamixel_sdk/include//dynamixel_sdk/packet_handler.h
[0.931s] -- Up-to-date symlink: /home/duckie5/turtlebot3_ws/install/dynamixel_sdk/include//dynamixel_sdk/port_handler.h
[0.931s] -- Up-to-date symlink: /home/duckie5/turtlebot3_ws/install/dynamixel_sdk/include//dynamixel_sdk/port_handler_arduino.h
[0.931s] -- Up-to-date symlink: /home/duckie5/turtlebot3_ws/install/dynamixel_sdk/include//dynamixel_sdk/port_handler_linux.h
[0.932s] -- Up-to-date symlink: /home/duckie5/turtlebot3_ws/install/dynamixel_sdk/include//dynamixel_sdk/port_handler_mac.h
[0.932s] -- Up-to-date symlink: /home/duckie5/turtlebot3_ws/install/dynamixel_sdk/include//dynamixel_sdk/port_handler_windows.h
[0.932s] -- Up-to-date symlink: /home/duckie5/turtlebot3_ws/install/dynamixel_sdk/include//dynamixel_sdk/protocol1_packet_handler.h
[0.933s] -- Up-to-date symlink: /home/duckie5/turtlebot3_ws/install/dynamixel_sdk/include//dynamixel_sdk/protocol2_packet_handler.h
[0.933s] -- Up-to-date symlink: /home/duckie5/turtlebot3_ws/install/dynamixel_sdk/share/dynamixel_sdk/environment/pythonpath.sh
[0.933s] -- Up-to-date symlink: /home/duckie5/turtlebot3_ws/install/dynamixel_sdk/share/dynamixel_sdk/environment/pythonpath.dsv
[0.933s] -- Up-to-date symlink: /home/duckie5/turtlebot3_ws/install/dynamixel_sdk/local/lib/python3.10/dist-packages/dynamixel_sdk-3.8.4-py3.10.egg-info/PKG-INFO
[0.934s] -- Up-to-date symlink: /home/duckie5/turtlebot3_ws/install/dynamixel_sdk/local/lib/python3.10/dist-packages/dynamixel_sdk-3.8.4-py3.10.egg-info/SOURCES.txt
[0.934s] -- Up-to-date symlink: /home/duckie5/turtlebot3_ws/install/dynamixel_sdk/local/lib/python3.10/dist-packages/dynamixel_sdk-3.8.4-py3.10.egg-info/dependency_links.txt
[0.934s] -- Up-to-date symlink: /home/duckie5/turtlebot3_ws/install/dynamixel_sdk/local/lib/python3.10/dist-packages/dynamixel_sdk-3.8.4-py3.10.egg-info/top_level.txt
[0.934s] -- Up-to-date symlink: /home/duckie5/turtlebot3_ws/install/dynamixel_sdk/local/lib/python3.10/dist-packages/dynamixel_sdk/__init__.py
[0.934s] -- Up-to-date symlink: /home/duckie5/turtlebot3_ws/install/dynamixel_sdk/local/lib/python3.10/dist-packages/dynamixel_sdk/group_bulk_read.cpp
[0.934s] -- Up-to-date symlink: /home/duckie5/turtlebot3_ws/install/dynamixel_sdk/local/lib/python3.10/dist-packages/dynamixel_sdk/group_bulk_read.py
[0.935s] -- Up-to-date symlink: /home/duckie5/turtlebot3_ws/install/dynamixel_sdk/local/lib/python3.10/dist-packages/dynamixel_sdk/group_bulk_write.cpp
[0.935s] -- Up-to-date symlink: /home/duckie5/turtlebot3_ws/install/dynamixel_sdk/local/lib/python3.10/dist-packages/dynamixel_sdk/group_bulk_write.py
[0.935s] -- Up-to-date symlink: /home/duckie5/turtlebot3_ws/install/dynamixel_sdk/local/lib/python3.10/dist-packages/dynamixel_sdk/group_fast_bulk_read.cpp
[0.935s] -- Up-to-date symlink: /home/duckie5/turtlebot3_ws/install/dynamixel_sdk/local/lib/python3.10/dist-packages/dynamixel_sdk/group_fast_sync_read.cpp
[0.936s] -- Up-to-date symlink: /home/duckie5/turtlebot3_ws/install/dynamixel_sdk/local/lib/python3.10/dist-packages/dynamixel_sdk/group_handler.cpp
[0.936s] -- Up-to-date symlink: /home/duckie5/turtlebot3_ws/install/dynamixel_sdk/local/lib/python3.10/dist-packages/dynamixel_sdk/group_sync_read.cpp
[0.936s] -- Up-to-date symlink: /home/duckie5/turtlebot3_ws/install/dynamixel_sdk/local/lib/python3.10/dist-packages/dynamixel_sdk/group_sync_read.py
[0.936s] -- Up-to-date symlink: /home/duckie5/turtlebot3_ws/install/dynamixel_sdk/local/lib/python3.10/dist-packages/dynamixel_sdk/group_sync_write.cpp
[0.936s] -- Up-to-date symlink: /home/duckie5/turtlebot3_ws/install/dynamixel_sdk/local/lib/python3.10/dist-packages/dynamixel_sdk/group_sync_write.py
[0.937s] -- Up-to-date symlink: /home/duckie5/turtlebot3_ws/install/dynamixel_sdk/local/lib/python3.10/dist-packages/dynamixel_sdk/packet_handler.cpp
[0.937s] -- Up-to-date symlink: /home/duckie5/turtlebot3_ws/install/dynamixel_sdk/local/lib/python3.10/dist-packages/dynamixel_sdk/packet_handler.py
[0.938s] -- Up-to-date symlink: /home/duckie5/turtlebot3_ws/install/dynamixel_sdk/local/lib/python3.10/dist-packages/dynamixel_sdk/port_handler.cpp
[0.939s] -- Up-to-date symlink: /home/duckie5/turtlebot3_ws/install/dynamixel_sdk/local/lib/python3.10/dist-packages/dynamixel_sdk/port_handler.py
[0.940s] -- Up-to-date symlink: /home/duckie5/turtlebot3_ws/install/dynamixel_sdk/local/lib/python3.10/dist-packages/dynamixel_sdk/port_handler_arduino.cpp
[0.940s] -- Up-to-date symlink: /home/duckie5/turtlebot3_ws/install/dynamixel_sdk/local/lib/python3.10/dist-packages/dynamixel_sdk/port_handler_linux.cpp
[0.940s] -- Up-to-date symlink: /home/duckie5/turtlebot3_ws/install/dynamixel_sdk/local/lib/python3.10/dist-packages/dynamixel_sdk/port_handler_mac.cpp
[0.941s] -- Up-to-date symlink: /home/duckie5/turtlebot3_ws/install/dynamixel_sdk/local/lib/python3.10/dist-packages/dynamixel_sdk/port_handler_windows.cpp
[0.941s] -- Up-to-date symlink: /home/duckie5/turtlebot3_ws/install/dynamixel_sdk/local/lib/python3.10/dist-packages/dynamixel_sdk/protocol1_packet_handler.cpp
[0.941s] -- Up-to-date symlink: /home/duckie5/turtlebot3_ws/install/dynamixel_sdk/local/lib/python3.10/dist-packages/dynamixel_sdk/protocol1_packet_handler.py
[0.942s] -- Up-to-date symlink: /home/duckie5/turtlebot3_ws/install/dynamixel_sdk/local/lib/python3.10/dist-packages/dynamixel_sdk/protocol2_packet_handler.cpp
[0.943s] -- Up-to-date symlink: /home/duckie5/turtlebot3_ws/install/dynamixel_sdk/local/lib/python3.10/dist-packages/dynamixel_sdk/protocol2_packet_handler.py
[0.943s] -- Up-to-date symlink: /home/duckie5/turtlebot3_ws/install/dynamixel_sdk/local/lib/python3.10/dist-packages/dynamixel_sdk/robotis_def.py
[0.943s] -- Up-to-date symlink: /home/duckie5/turtlebot3_ws/install/dynamixel_sdk/share/dynamixel_sdk/environment/library_path.sh
[0.943s] -- Up-to-date symlink: /home/duckie5/turtlebot3_ws/install/dynamixel_sdk/share/dynamixel_sdk/environment/library_path.dsv
[0.943s] -- Up-to-date symlink: /home/duckie5/turtlebot3_ws/install/dynamixel_sdk/share/ament_index/resource_index/package_run_dependencies/dynamixel_sdk
[0.946s] -- Up-to-date symlink: /home/duckie5/turtlebot3_ws/install/dynamixel_sdk/share/ament_index/resource_index/parent_prefix_path/dynamixel_sdk
[0.946s] -- Up-to-date symlink: /home/duckie5/turtlebot3_ws/install/dynamixel_sdk/share/dynamixel_sdk/environment/ament_prefix_path.sh
[0.947s] -- Up-to-date symlink: /home/duckie5/turtlebot3_ws/install/dynamixel_sdk/share/dynamixel_sdk/environment/ament_prefix_path.dsv
[0.947s] -- Up-to-date symlink: /home/duckie5/turtlebot3_ws/install/dynamixel_sdk/share/dynamixel_sdk/environment/path.sh
[0.947s] -- Up-to-date symlink: /home/duckie5/turtlebot3_ws/install/dynamixel_sdk/share/dynamixel_sdk/environment/path.dsv
[0.950s] -- Up-to-date symlink: /home/duckie5/turtlebot3_ws/install/dynamixel_sdk/share/dynamixel_sdk/local_setup.bash
[0.951s] -- Up-to-date symlink: /home/duckie5/turtlebot3_ws/install/dynamixel_sdk/share/dynamixel_sdk/local_setup.sh
[0.951s] -- Up-to-date symlink: /home/duckie5/turtlebot3_ws/install/dynamixel_sdk/share/dynamixel_sdk/local_setup.zsh
[0.951s] -- Up-to-date symlink: /home/duckie5/turtlebot3_ws/install/dynamixel_sdk/share/dynamixel_sdk/local_setup.dsv
[0.951s] -- Symlinking: /home/duckie5/turtlebot3_ws/install/dynamixel_sdk/share/dynamixel_sdk/package.dsv
[0.982s] -- Up-to-date symlink: /home/duckie5/turtlebot3_ws/install/dynamixel_sdk/share/ament_index/resource_index/packages/dynamixel_sdk
[0.983s] -- Up-to-date symlink: /home/duckie5/turtlebot3_ws/install/dynamixel_sdk/share/dynamixel_sdk/cmake/ament_cmake_export_targets-extras.cmake
[0.983s] -- Up-to-date symlink: /home/duckie5/turtlebot3_ws/install/dynamixel_sdk/share/dynamixel_sdk/cmake/ament_cmake_export_include_directories-extras.cmake
[0.983s] -- Up-to-date symlink: /home/duckie5/turtlebot3_ws/install/dynamixel_sdk/share/dynamixel_sdk/cmake/ament_cmake_export_libraries-extras.cmake
[0.984s] -- Up-to-date symlink: /home/duckie5/turtlebot3_ws/install/dynamixel_sdk/share/dynamixel_sdk/cmake/dynamixel_sdkConfig.cmake
[0.984s] -- Up-to-date symlink: /home/duckie5/turtlebot3_ws/install/dynamixel_sdk/share/dynamixel_sdk/cmake/dynamixel_sdkConfig-version.cmake
[0.984s] -- Up-to-date symlink: /home/duckie5/turtlebot3_ws/install/dynamixel_sdk/share/dynamixel_sdk/package.xml
[0.985s] -- Up-to-date: /home/duckie5/turtlebot3_ws/install/dynamixel_sdk/lib/libdynamixel_sdk.so
[1.000s] Listing '/home/duckie5/turtlebot3_ws/install/dynamixel_sdk/local/lib/python3.10/dist-packages/dynamixel_sdk'...
[1.000s] -- Up-to-date: /home/duckie5/turtlebot3_ws/install/dynamixel_sdk/share/dynamixel_sdk/cmake/dynamixel_sdkExport.cmake
[1.000s] -- Up-to-date: /home/duckie5/turtlebot3_ws/install/dynamixel_sdk/share/dynamixel_sdk/cmake/dynamixel_sdkExport-noconfig.cmake
[1.024s] Invoked command in '/home/duckie5/turtlebot3_ws/build/dynamixel_sdk' returned '0': CMAKE_PREFIX_PATH=${CMAKE_PREFIX_PATH}:/home/duckie5/turtlebot3_ws/install/test_package:/home/duckie5/turtlebot3_ws/install/turtlebot3_teleop:/home/duckie5/turtlebot3_ws/install/turtlebot3_example:/opt/ros/humble /usr/bin/cmake --install /home/duckie5/turtlebot3_ws/build/dynamixel_sdk
