[0.018s] Invoking command in '/home/duckie5/turtlebot3_ws/build/turtlebot3_navigation2': CMAKE_PREFIX_PATH=/opt/ros/humble /usr/bin/cmake /home/duckie5/turtlebot3_ws/src/turtlebot3/turtlebot3_navigation2 -DAMENT_CMAKE_SYMLINK_INSTALL=1 -DCMAKE_INSTALL_PREFIX=/home/duckie5/turtlebot3_ws/install/turtlebot3_navigation2
[0.373s] -- The C compiler identification is GNU 11.4.0
[0.525s] -- The CXX compiler identification is GNU 11.4.0
[0.532s] -- Detecting C compiler ABI info
[0.673s] -- Detecting C compiler ABI info - done
[0.681s] -- Check for working C compiler: /usr/bin/cc - skipped
[0.682s] -- Detecting C compile features
[0.682s] -- Detecting C compile features - done
[0.685s] -- Detecting CXX compiler ABI info
[0.772s] -- Detecting CXX compiler ABI info - done
[0.777s] -- Check for working CXX compiler: /usr/bin/c++ - skipped
[0.778s] -- Detecting CXX compile features
[0.778s] -- Detecting CXX compile features - done
[0.789s] -- Found ament_cmake: 1.3.12 (/opt/ros/humble/share/ament_cmake/cmake)
[0.925s] -- Found Python3: /usr/bin/python3 (found version "3.10.12") found components: Interpreter 
[0.990s] -- Override CMake install command with custom implementation using symlinks instead of copying resources
[1.077s] -- Configuring done
[1.080s] -- Generating done
[1.081s] -- Build files have been written to: /home/duckie5/turtlebot3_ws/build/turtlebot3_navigation2
[1.090s] Invoked command in '/home/duckie5/turtlebot3_ws/build/turtlebot3_navigation2' returned '0': CMAKE_PREFIX_PATH=/opt/ros/humble /usr/bin/cmake /home/duckie5/turtlebot3_ws/src/turtlebot3/turtlebot3_navigation2 -DAMENT_CMAKE_SYMLINK_INSTALL=1 -DCMAKE_INSTALL_PREFIX=/home/duckie5/turtlebot3_ws/install/turtlebot3_navigation2
[1.092s] Invoking command in '/home/duckie5/turtlebot3_ws/build/turtlebot3_navigation2': CMAKE_PREFIX_PATH=/opt/ros/humble /usr/bin/cmake --build /home/duckie5/turtlebot3_ws/build/turtlebot3_navigation2 -- -j12 -l12
[1.133s] Invoked command in '/home/duckie5/turtlebot3_ws/build/turtlebot3_navigation2' returned '0': CMAKE_PREFIX_PATH=/opt/ros/humble /usr/bin/cmake --build /home/duckie5/turtlebot3_ws/build/turtlebot3_navigation2 -- -j12 -l12
[1.144s] Invoking command in '/home/duckie5/turtlebot3_ws/build/turtlebot3_navigation2': CMAKE_PREFIX_PATH=/opt/ros/humble /usr/bin/cmake --install /home/duckie5/turtlebot3_ws/build/turtlebot3_navigation2
[1.150s] -- Install configuration: ""
[1.151s] -- Execute custom install script
[1.151s] -- Symlinking: /home/duckie5/turtlebot3_ws/install/turtlebot3_navigation2/share/turtlebot3_navigation2/launch/navigation2.launch.py
[1.159s] -- Symlinking: /home/duckie5/turtlebot3_ws/install/turtlebot3_navigation2/share/turtlebot3_navigation2/map/map.pgm
[1.169s] -- Symlinking: /home/duckie5/turtlebot3_ws/install/turtlebot3_navigation2/share/turtlebot3_navigation2/map/map.yaml
[1.177s] -- Symlinking: /home/duckie5/turtlebot3_ws/install/turtlebot3_navigation2/share/turtlebot3_navigation2/param/burger.yaml
[1.187s] -- Symlinking: /home/duckie5/turtlebot3_ws/install/turtlebot3_navigation2/share/turtlebot3_navigation2/param/burger_cam.yaml
[1.196s] -- Symlinking: /home/duckie5/turtlebot3_ws/install/turtlebot3_navigation2/share/turtlebot3_navigation2/param/humble/burger.yaml
[1.205s] -- Symlinking: /home/duckie5/turtlebot3_ws/install/turtlebot3_navigation2/share/turtlebot3_navigation2/param/humble/burger_cam.yaml
[1.214s] -- Symlinking: /home/duckie5/turtlebot3_ws/install/turtlebot3_navigation2/share/turtlebot3_navigation2/param/humble/waffle.yaml
[1.223s] -- Symlinking: /home/duckie5/turtlebot3_ws/install/turtlebot3_navigation2/share/turtlebot3_navigation2/param/humble/waffle_pi.yaml
[1.233s] -- Symlinking: /home/duckie5/turtlebot3_ws/install/turtlebot3_navigation2/share/turtlebot3_navigation2/param/waffle.yaml
[1.242s] -- Symlinking: /home/duckie5/turtlebot3_ws/install/turtlebot3_navigation2/share/turtlebot3_navigation2/param/waffle_pi.yaml
[1.257s] -- Symlinking: /home/duckie5/turtlebot3_ws/install/turtlebot3_navigation2/share/turtlebot3_navigation2/rviz/tb3_navigation2.rviz
[1.266s] -- Symlinking: /home/duckie5/turtlebot3_ws/install/turtlebot3_navigation2/share/ament_index/resource_index/package_run_dependencies/turtlebot3_navigation2
[1.276s] -- Symlinking: /home/duckie5/turtlebot3_ws/install/turtlebot3_navigation2/share/ament_index/resource_index/parent_prefix_path/turtlebot3_navigation2
[1.284s] -- Symlinking: /home/duckie5/turtlebot3_ws/install/turtlebot3_navigation2/share/turtlebot3_navigation2/environment/ament_prefix_path.sh
[1.298s] -- Symlinking: /home/duckie5/turtlebot3_ws/install/turtlebot3_navigation2/share/turtlebot3_navigation2/environment/ament_prefix_path.dsv
[1.309s] -- Symlinking: /home/duckie5/turtlebot3_ws/install/turtlebot3_navigation2/share/turtlebot3_navigation2/environment/path.sh
[1.317s] -- Symlinking: /home/duckie5/turtlebot3_ws/install/turtlebot3_navigation2/share/turtlebot3_navigation2/environment/path.dsv
[1.329s] -- Symlinking: /home/duckie5/turtlebot3_ws/install/turtlebot3_navigation2/share/turtlebot3_navigation2/local_setup.bash
[1.339s] -- Symlinking: /home/duckie5/turtlebot3_ws/install/turtlebot3_navigation2/share/turtlebot3_navigation2/local_setup.sh
[1.348s] -- Symlinking: /home/duckie5/turtlebot3_ws/install/turtlebot3_navigation2/share/turtlebot3_navigation2/local_setup.zsh
[1.364s] -- Symlinking: /home/duckie5/turtlebot3_ws/install/turtlebot3_navigation2/share/turtlebot3_navigation2/local_setup.dsv
[1.374s] -- Symlinking: /home/duckie5/turtlebot3_ws/install/turtlebot3_navigation2/share/turtlebot3_navigation2/package.dsv
[1.391s] -- Symlinking: /home/duckie5/turtlebot3_ws/install/turtlebot3_navigation2/share/ament_index/resource_index/packages/turtlebot3_navigation2
[1.409s] -- Symlinking: /home/duckie5/turtlebot3_ws/install/turtlebot3_navigation2/share/turtlebot3_navigation2/cmake/turtlebot3_navigation2Config.cmake
[1.434s] -- Symlinking: /home/duckie5/turtlebot3_ws/install/turtlebot3_navigation2/share/turtlebot3_navigation2/cmake/turtlebot3_navigation2Config-version.cmake
[1.466s] -- Symlinking: /home/duckie5/turtlebot3_ws/install/turtlebot3_navigation2/share/turtlebot3_navigation2/package.xml
[1.511s] Invoked command in '/home/duckie5/turtlebot3_ws/build/turtlebot3_navigation2' returned '0': CMAKE_PREFIX_PATH=/opt/ros/humble /usr/bin/cmake --install /home/duckie5/turtlebot3_ws/build/turtlebot3_navigation2
