running egg_info
creating ../../build/tb3_lane_fusion/tb3_lane_fusion.egg-info
writing ../../build/tb3_lane_fusion/tb3_lane_fusion.egg-info/PKG-INFO
writing dependency_links to ../../build/tb3_lane_fusion/tb3_lane_fusion.egg-info/dependency_links.txt
writing entry points to ../../build/tb3_lane_fusion/tb3_lane_fusion.egg-info/entry_points.txt
writing requirements to ../../build/tb3_lane_fusion/tb3_lane_fusion.egg-info/requires.txt
writing top-level names to ../../build/tb3_lane_fusion/tb3_lane_fusion.egg-info/top_level.txt
writing manifest file '../../build/tb3_lane_fusion/tb3_lane_fusion.egg-info/SOURCES.txt'
reading manifest file '../../build/tb3_lane_fusion/tb3_lane_fusion.egg-info/SOURCES.txt'
writing manifest file '../../build/tb3_lane_fusion/tb3_lane_fusion.egg-info/SOURCES.txt'
running build
running build_py
creating /home/duckie5/turtlebot3_ws/build/tb3_lane_fusion/build
creating /home/duckie5/turtlebot3_ws/build/tb3_lane_fusion/build/lib
creating /home/duckie5/turtlebot3_ws/build/tb3_lane_fusion/build/lib/tb3_lane_fusion
copying tb3_lane_fusion/test_node.py -> /home/duckie5/turtlebot3_ws/build/tb3_lane_fusion/build/lib/tb3_lane_fusion
copying tb3_lane_fusion/__init__.py -> /home/duckie5/turtlebot3_ws/build/tb3_lane_fusion/build/lib/tb3_lane_fusion
running install
running install_lib
creating /home/duckie5/turtlebot3_ws/install/tb3_lane_fusion/lib/python3.10/site-packages/tb3_lane_fusion
copying /home/duckie5/turtlebot3_ws/build/tb3_lane_fusion/build/lib/tb3_lane_fusion/test_node.py -> /home/duckie5/turtlebot3_ws/install/tb3_lane_fusion/lib/python3.10/site-packages/tb3_lane_fusion
copying /home/duckie5/turtlebot3_ws/build/tb3_lane_fusion/build/lib/tb3_lane_fusion/__init__.py -> /home/duckie5/turtlebot3_ws/install/tb3_lane_fusion/lib/python3.10/site-packages/tb3_lane_fusion
byte-compiling /home/duckie5/turtlebot3_ws/install/tb3_lane_fusion/lib/python3.10/site-packages/tb3_lane_fusion/test_node.py to test_node.cpython-310.pyc
byte-compiling /home/duckie5/turtlebot3_ws/install/tb3_lane_fusion/lib/python3.10/site-packages/tb3_lane_fusion/__init__.py to __init__.cpython-310.pyc
running install_data
creating /home/duckie5/turtlebot3_ws/install/tb3_lane_fusion/share/ament_index
creating /home/duckie5/turtlebot3_ws/install/tb3_lane_fusion/share/ament_index/resource_index
creating /home/duckie5/turtlebot3_ws/install/tb3_lane_fusion/share/ament_index/resource_index/packages
copying resource/tb3_lane_fusion -> /home/duckie5/turtlebot3_ws/install/tb3_lane_fusion/share/ament_index/resource_index/packages
copying package.xml -> /home/duckie5/turtlebot3_ws/install/tb3_lane_fusion/share/tb3_lane_fusion
running install_egg_info
Copying ../../build/tb3_lane_fusion/tb3_lane_fusion.egg-info to /home/duckie5/turtlebot3_ws/install/tb3_lane_fusion/lib/python3.10/site-packages/tb3_lane_fusion-0.0.0-py3.10.egg-info
running install_scripts
Installing test_node script to /home/duckie5/turtlebot3_ws/install/tb3_lane_fusion/lib/tb3_lane_fusion
writing list of installed files to '/home/duckie5/turtlebot3_ws/build/tb3_lane_fusion/install.log'
