[1.418s] Invoking command in '/home/duckie5/turtlebot3_ws/src/tb3_lane_fusion': PYTHONPATH=/home/duckie5/turtlebot3_ws/build/tb3_lane_fusion/prefix_override:/usr/lib/python3/dist-packages/colcon_core/task/python/colcon_distutils_commands:/home/duckie5/turtlebot3_ws/install/tb3_lane_fusion/lib/python3.10/site-packages:${PYTHONPATH} /usr/bin/python3 -W ignore:setup.py install is deprecated -W ignore:easy_install command is deprecated setup.py egg_info --egg-base ../../build/tb3_lane_fusion build --build-base /home/duckie5/turtlebot3_ws/build/tb3_lane_fusion/build install --record /home/duckie5/turtlebot3_ws/build/tb3_lane_fusion/install.log --single-version-externally-managed install_data
[1.768s] running egg_info
[1.769s] creating ../../build/tb3_lane_fusion/tb3_lane_fusion.egg-info
[1.770s] writing ../../build/tb3_lane_fusion/tb3_lane_fusion.egg-info/PKG-INFO
[1.771s] writing dependency_links to ../../build/tb3_lane_fusion/tb3_lane_fusion.egg-info/dependency_links.txt
[1.771s] writing entry points to ../../build/tb3_lane_fusion/tb3_lane_fusion.egg-info/entry_points.txt
[1.771s] writing requirements to ../../build/tb3_lane_fusion/tb3_lane_fusion.egg-info/requires.txt
[1.771s] writing top-level names to ../../build/tb3_lane_fusion/tb3_lane_fusion.egg-info/top_level.txt
[1.771s] writing manifest file '../../build/tb3_lane_fusion/tb3_lane_fusion.egg-info/SOURCES.txt'
[1.774s] reading manifest file '../../build/tb3_lane_fusion/tb3_lane_fusion.egg-info/SOURCES.txt'
[1.774s] writing manifest file '../../build/tb3_lane_fusion/tb3_lane_fusion.egg-info/SOURCES.txt'
[1.775s] running build
[1.775s] running build_py
[1.775s] creating /home/duckie5/turtlebot3_ws/build/tb3_lane_fusion/build
[1.775s] creating /home/duckie5/turtlebot3_ws/build/tb3_lane_fusion/build/lib
[1.775s] creating /home/duckie5/turtlebot3_ws/build/tb3_lane_fusion/build/lib/tb3_lane_fusion
[1.775s] copying tb3_lane_fusion/test_node.py -> /home/duckie5/turtlebot3_ws/build/tb3_lane_fusion/build/lib/tb3_lane_fusion
[1.776s] copying tb3_lane_fusion/__init__.py -> /home/duckie5/turtlebot3_ws/build/tb3_lane_fusion/build/lib/tb3_lane_fusion
[1.776s] running install
[1.776s] running install_lib
[1.777s] creating /home/duckie5/turtlebot3_ws/install/tb3_lane_fusion/lib/python3.10/site-packages/tb3_lane_fusion
[1.777s] copying /home/duckie5/turtlebot3_ws/build/tb3_lane_fusion/build/lib/tb3_lane_fusion/test_node.py -> /home/duckie5/turtlebot3_ws/install/tb3_lane_fusion/lib/python3.10/site-packages/tb3_lane_fusion
[1.777s] copying /home/duckie5/turtlebot3_ws/build/tb3_lane_fusion/build/lib/tb3_lane_fusion/__init__.py -> /home/duckie5/turtlebot3_ws/install/tb3_lane_fusion/lib/python3.10/site-packages/tb3_lane_fusion
[1.778s] byte-compiling /home/duckie5/turtlebot3_ws/install/tb3_lane_fusion/lib/python3.10/site-packages/tb3_lane_fusion/test_node.py to test_node.cpython-310.pyc
[1.778s] byte-compiling /home/duckie5/turtlebot3_ws/install/tb3_lane_fusion/lib/python3.10/site-packages/tb3_lane_fusion/__init__.py to __init__.cpython-310.pyc
[1.778s] running install_data
[1.779s] creating /home/duckie5/turtlebot3_ws/install/tb3_lane_fusion/share/ament_index
[1.779s] creating /home/duckie5/turtlebot3_ws/install/tb3_lane_fusion/share/ament_index/resource_index
[1.779s] creating /home/duckie5/turtlebot3_ws/install/tb3_lane_fusion/share/ament_index/resource_index/packages
[1.779s] copying resource/tb3_lane_fusion -> /home/duckie5/turtlebot3_ws/install/tb3_lane_fusion/share/ament_index/resource_index/packages
[1.779s] copying package.xml -> /home/duckie5/turtlebot3_ws/install/tb3_lane_fusion/share/tb3_lane_fusion
[1.779s] running install_egg_info
[1.782s] Copying ../../build/tb3_lane_fusion/tb3_lane_fusion.egg-info to /home/duckie5/turtlebot3_ws/install/tb3_lane_fusion/lib/python3.10/site-packages/tb3_lane_fusion-0.0.0-py3.10.egg-info
[1.783s] running install_scripts
[1.808s] Installing test_node script to /home/duckie5/turtlebot3_ws/install/tb3_lane_fusion/lib/tb3_lane_fusion
[1.808s] writing list of installed files to '/home/duckie5/turtlebot3_ws/build/tb3_lane_fusion/install.log'
[1.866s] Invoked command in '/home/duckie5/turtlebot3_ws/src/tb3_lane_fusion' returned '0': PYTHONPATH=/home/duckie5/turtlebot3_ws/build/tb3_lane_fusion/prefix_override:/usr/lib/python3/dist-packages/colcon_core/task/python/colcon_distutils_commands:/home/duckie5/turtlebot3_ws/install/tb3_lane_fusion/lib/python3.10/site-packages:${PYTHONPATH} /usr/bin/python3 -W ignore:setup.py install is deprecated -W ignore:easy_install command is deprecated setup.py egg_info --egg-base ../../build/tb3_lane_fusion build --build-base /home/duckie5/turtlebot3_ws/build/tb3_lane_fusion/build install --record /home/duckie5/turtlebot3_ws/build/tb3_lane_fusion/install.log --single-version-externally-managed install_data
