[0.038s] Invoking command in '/home/duckie5/turtlebot3_ws/build/turtlebot3_cartographer': CMAKE_PREFIX_PATH=${CMAKE_PREFIX_PATH}:/home/duckie5/turtlebot3_ws/install/turtlebot3_teleop:/home/duckie5/turtlebot3_ws/install/turtlebot3_example:/opt/ros/humble /usr/bin/cmake /home/duckie5/turtlebot3_ws/src/turtlebot3/turtlebot3_cartographer -DCMAKE_INSTALL_PREFIX=/home/duckie5/turtlebot3_ws/install/turtlebot3_cartographer
[0.341s] -- Found ament_cmake: 1.3.12 (/opt/ros/humble/share/ament_cmake/cmake)
[0.341s] -- Override CMake install command with custom implementation using symlinks instead of copying resources
[0.341s] -- Configuring done
[0.343s] -- Generating done
[0.343s] -- Build files have been written to: /home/duckie5/turtlebot3_ws/build/turtlebot3_cartographer
[0.616s] Invoked command in '/home/duckie5/turtlebot3_ws/build/turtlebot3_cartographer' returned '0': CMAKE_PREFIX_PATH=${CMAKE_PREFIX_PATH}:/home/duckie5/turtlebot3_ws/install/turtlebot3_teleop:/home/duckie5/turtlebot3_ws/install/turtlebot3_example:/opt/ros/humble /usr/bin/cmake /home/duckie5/turtlebot3_ws/src/turtlebot3/turtlebot3_cartographer -DCMAKE_INSTALL_PREFIX=/home/duckie5/turtlebot3_ws/install/turtlebot3_cartographer
[0.617s] Invoking command in '/home/duckie5/turtlebot3_ws/build/turtlebot3_cartographer': CMAKE_PREFIX_PATH=${CMAKE_PREFIX_PATH}:/home/duckie5/turtlebot3_ws/install/turtlebot3_teleop:/home/duckie5/turtlebot3_ws/install/turtlebot3_example:/opt/ros/humble /usr/bin/cmake --build /home/duckie5/turtlebot3_ws/build/turtlebot3_cartographer -- -j12 -l12
[0.711s] Invoked command in '/home/duckie5/turtlebot3_ws/build/turtlebot3_cartographer' returned '0': CMAKE_PREFIX_PATH=${CMAKE_PREFIX_PATH}:/home/duckie5/turtlebot3_ws/install/turtlebot3_teleop:/home/duckie5/turtlebot3_ws/install/turtlebot3_example:/opt/ros/humble /usr/bin/cmake --build /home/duckie5/turtlebot3_ws/build/turtlebot3_cartographer -- -j12 -l12
[0.713s] Invoking command in '/home/duckie5/turtlebot3_ws/build/turtlebot3_cartographer': CMAKE_PREFIX_PATH=${CMAKE_PREFIX_PATH}:/home/duckie5/turtlebot3_ws/install/turtlebot3_teleop:/home/duckie5/turtlebot3_ws/install/turtlebot3_example:/opt/ros/humble /usr/bin/cmake --install /home/duckie5/turtlebot3_ws/build/turtlebot3_cartographer
[0.725s] -- Install configuration: ""
[0.725s] -- Execute custom install script
[0.726s] -- Up-to-date symlink: /home/duckie5/turtlebot3_ws/install/turtlebot3_cartographer/share/turtlebot3_cartographer/config/turtlebot3_lds_2d.lua
[0.726s] -- Up-to-date symlink: /home/duckie5/turtlebot3_ws/install/turtlebot3_cartographer/share/turtlebot3_cartographer/launch/cartographer.launch.py
[0.726s] -- Up-to-date symlink: /home/duckie5/turtlebot3_ws/install/turtlebot3_cartographer/share/turtlebot3_cartographer/launch/occupancy_grid.launch.py
[0.726s] -- Up-to-date symlink: /home/duckie5/turtlebot3_ws/install/turtlebot3_cartographer/share/turtlebot3_cartographer/rviz/tb3_cartographer.rviz
[0.727s] -- Up-to-date symlink: /home/duckie5/turtlebot3_ws/install/turtlebot3_cartographer/share/ament_index/resource_index/package_run_dependencies/turtlebot3_cartographer
[0.727s] -- Up-to-date symlink: /home/duckie5/turtlebot3_ws/install/turtlebot3_cartographer/share/ament_index/resource_index/parent_prefix_path/turtlebot3_cartographer
[0.727s] -- Up-to-date symlink: /home/duckie5/turtlebot3_ws/install/turtlebot3_cartographer/share/turtlebot3_cartographer/environment/ament_prefix_path.sh
[0.728s] -- Up-to-date symlink: /home/duckie5/turtlebot3_ws/install/turtlebot3_cartographer/share/turtlebot3_cartographer/environment/ament_prefix_path.dsv
[0.728s] -- Up-to-date symlink: /home/duckie5/turtlebot3_ws/install/turtlebot3_cartographer/share/turtlebot3_cartographer/environment/path.sh
[0.729s] -- Up-to-date symlink: /home/duckie5/turtlebot3_ws/install/turtlebot3_cartographer/share/turtlebot3_cartographer/environment/path.dsv
[0.729s] -- Up-to-date symlink: /home/duckie5/turtlebot3_ws/install/turtlebot3_cartographer/share/turtlebot3_cartographer/local_setup.bash
[0.729s] -- Up-to-date symlink: /home/duckie5/turtlebot3_ws/install/turtlebot3_cartographer/share/turtlebot3_cartographer/local_setup.sh
[0.729s] -- Up-to-date symlink: /home/duckie5/turtlebot3_ws/install/turtlebot3_cartographer/share/turtlebot3_cartographer/local_setup.zsh
[0.729s] -- Up-to-date symlink: /home/duckie5/turtlebot3_ws/install/turtlebot3_cartographer/share/turtlebot3_cartographer/local_setup.dsv
[0.730s] -- Symlinking: /home/duckie5/turtlebot3_ws/install/turtlebot3_cartographer/share/turtlebot3_cartographer/package.dsv
[0.742s] -- Up-to-date symlink: /home/duckie5/turtlebot3_ws/install/turtlebot3_cartographer/share/ament_index/resource_index/packages/turtlebot3_cartographer
[0.742s] -- Up-to-date symlink: /home/duckie5/turtlebot3_ws/install/turtlebot3_cartographer/share/turtlebot3_cartographer/cmake/turtlebot3_cartographerConfig.cmake
[0.742s] -- Up-to-date symlink: /home/duckie5/turtlebot3_ws/install/turtlebot3_cartographer/share/turtlebot3_cartographer/cmake/turtlebot3_cartographerConfig-version.cmake
[0.743s] -- Up-to-date symlink: /home/duckie5/turtlebot3_ws/install/turtlebot3_cartographer/share/turtlebot3_cartographer/package.xml
[0.780s] Invoked command in '/home/duckie5/turtlebot3_ws/build/turtlebot3_cartographer' returned '0': CMAKE_PREFIX_PATH=${CMAKE_PREFIX_PATH}:/home/duckie5/turtlebot3_ws/install/turtlebot3_teleop:/home/duckie5/turtlebot3_ws/install/turtlebot3_example:/opt/ros/humble /usr/bin/cmake --install /home/duckie5/turtlebot3_ws/build/turtlebot3_cartographer
