[0.570s] Invoking command in '/home/duckie5/turtlebot3_ws/build/turtlebot3_example': AMENT_PREFIX_PATH=/home/duckie5/turtlebot3_ws/install/turtlebot3_msgs:${AMENT_PREFIX_PATH} CMAKE_PREFIX_PATH=/home/duckie5/turtlebot3_ws/install/turtlebot3_msgs LD_LIBRARY_PATH=/home/duckie5/turtlebot3_ws/install/turtlebot3_msgs/lib:${LD_LIBRARY_PATH} PYTHONPATH=/home/duckie5/turtlebot3_ws/build/turtlebot3_example/prefix_override:/usr/lib/python3/dist-packages/colcon_core/task/python/colcon_distutils_commands:/home/duckie5/turtlebot3_ws/install/turtlebot3_example/lib/python3.10/site-packages:/home/duckie5/turtlebot3_ws/install/turtlebot3_msgs/local/lib/python3.10/dist-packages:${PYTHONPATH} /usr/bin/python3 -W ignore:setup.py install is deprecated -W ignore:easy_install command is deprecated setup.py develop --editable --build-directory /home/duckie5/turtlebot3_ws/build/turtlebot3_example/build --no-deps symlink_data
[0.790s] running develop
[0.963s] running egg_info
[0.963s] creating turtlebot3_example.egg-info
[0.963s] writing turtlebot3_example.egg-info/PKG-INFO
[0.963s] writing dependency_links to turtlebot3_example.egg-info/dependency_links.txt
[0.963s] writing entry points to turtlebot3_example.egg-info/entry_points.txt
[0.963s] writing requirements to turtlebot3_example.egg-info/requires.txt
[0.963s] writing top-level names to turtlebot3_example.egg-info/top_level.txt
[0.964s] writing manifest file 'turtlebot3_example.egg-info/SOURCES.txt'
[0.966s] reading manifest file 'turtlebot3_example.egg-info/SOURCES.txt'
[0.966s] writing manifest file 'turtlebot3_example.egg-info/SOURCES.txt'
[0.967s] running build_ext
[0.967s] Creating /home/duckie5/turtlebot3_ws/install/turtlebot3_example/lib/python3.10/site-packages/turtlebot3-example.egg-link (link to .)
[0.968s] Installing turtlebot3_absolute_move script to /home/duckie5/turtlebot3_ws/install/turtlebot3_example/lib/turtlebot3_example
[0.968s] Installing turtlebot3_interactive_marker script to /home/duckie5/turtlebot3_ws/install/turtlebot3_example/lib/turtlebot3_example
[0.968s] Installing turtlebot3_obstacle_detection script to /home/duckie5/turtlebot3_ws/install/turtlebot3_example/lib/turtlebot3_example
[0.968s] Installing turtlebot3_patrol_client script to /home/duckie5/turtlebot3_ws/install/turtlebot3_example/lib/turtlebot3_example
[0.968s] Installing turtlebot3_patrol_server script to /home/duckie5/turtlebot3_ws/install/turtlebot3_example/lib/turtlebot3_example
[0.969s] Installing turtlebot3_relative_move script to /home/duckie5/turtlebot3_ws/install/turtlebot3_example/lib/turtlebot3_example
[0.969s] 
[0.969s] Installed /home/duckie5/turtlebot3_ws/build/turtlebot3_example
[0.969s] running symlink_data
[0.969s] creating /home/duckie5/turtlebot3_ws/install/turtlebot3_example/share/ament_index
[0.969s] creating /home/duckie5/turtlebot3_ws/install/turtlebot3_example/share/ament_index/resource_index
[0.969s] creating /home/duckie5/turtlebot3_ws/install/turtlebot3_example/share/ament_index/resource_index/packages
[0.969s] symbolically linking /home/duckie5/turtlebot3_ws/build/turtlebot3_example/resource/turtlebot3_example -> /home/duckie5/turtlebot3_ws/install/turtlebot3_example/share/ament_index/resource_index/packages
[0.969s] symbolically linking /home/duckie5/turtlebot3_ws/build/turtlebot3_example/package.xml -> /home/duckie5/turtlebot3_ws/install/turtlebot3_example/share/turtlebot3_example
[1.002s] Invoked command in '/home/duckie5/turtlebot3_ws/build/turtlebot3_example' returned '0': AMENT_PREFIX_PATH=/home/duckie5/turtlebot3_ws/install/turtlebot3_msgs:${AMENT_PREFIX_PATH} CMAKE_PREFIX_PATH=/home/duckie5/turtlebot3_ws/install/turtlebot3_msgs LD_LIBRARY_PATH=/home/duckie5/turtlebot3_ws/install/turtlebot3_msgs/lib:${LD_LIBRARY_PATH} PYTHONPATH=/home/duckie5/turtlebot3_ws/build/turtlebot3_example/prefix_override:/usr/lib/python3/dist-packages/colcon_core/task/python/colcon_distutils_commands:/home/duckie5/turtlebot3_ws/install/turtlebot3_example/lib/python3.10/site-packages:/home/duckie5/turtlebot3_ws/install/turtlebot3_msgs/local/lib/python3.10/dist-packages:${PYTHONPATH} /usr/bin/python3 -W ignore:setup.py install is deprecated -W ignore:easy_install command is deprecated setup.py develop --editable --build-directory /home/duckie5/turtlebot3_ws/build/turtlebot3_example/build --no-deps symlink_data
