[1.074s] Invoking command in '/home/duckie5/turtlebot3_ws/src/tb3_lane_fusion': PYTHONPATH=/home/duckie5/turtlebot3_ws/build/tb3_lane_fusion/prefix_override:/usr/lib/python3/dist-packages/colcon_core/task/python/colcon_distutils_commands:/home/duckie5/turtlebot3_ws/install/tb3_lane_fusion/lib/python3.10/site-packages:${PYTHONPATH} /usr/bin/python3 -W ignore:setup.py install is deprecated -W ignore:easy_install command is deprecated setup.py egg_info --egg-base ../../build/tb3_lane_fusion build --build-base /home/duckie5/turtlebot3_ws/build/tb3_lane_fusion/build install --record /home/duckie5/turtlebot3_ws/build/tb3_lane_fusion/install.log --single-version-externally-managed install_data
[1.332s] running egg_info
[1.333s] writing ../../build/tb3_lane_fusion/tb3_lane_fusion.egg-info/PKG-INFO
[1.333s] writing dependency_links to ../../build/tb3_lane_fusion/tb3_lane_fusion.egg-info/dependency_links.txt
[1.333s] writing entry points to ../../build/tb3_lane_fusion/tb3_lane_fusion.egg-info/entry_points.txt
[1.334s] writing requirements to ../../build/tb3_lane_fusion/tb3_lane_fusion.egg-info/requires.txt
[1.334s] writing top-level names to ../../build/tb3_lane_fusion/tb3_lane_fusion.egg-info/top_level.txt
[1.336s] reading manifest file '../../build/tb3_lane_fusion/tb3_lane_fusion.egg-info/SOURCES.txt'
[1.337s] writing manifest file '../../build/tb3_lane_fusion/tb3_lane_fusion.egg-info/SOURCES.txt'
[1.337s] running build
[1.337s] running build_py
[1.338s] copying tb3_lane_fusion/lane_map_node.py -> /home/duckie5/turtlebot3_ws/build/tb3_lane_fusion/build/lib/tb3_lane_fusion
[1.338s] running install
[1.338s] running install_lib
[1.339s] copying /home/duckie5/turtlebot3_ws/build/tb3_lane_fusion/build/lib/tb3_lane_fusion/lane_map_node.py -> /home/duckie5/turtlebot3_ws/install/tb3_lane_fusion/lib/python3.10/site-packages/tb3_lane_fusion
[1.340s] byte-compiling /home/duckie5/turtlebot3_ws/install/tb3_lane_fusion/lib/python3.10/site-packages/tb3_lane_fusion/lane_map_node.py to lane_map_node.cpython-310.pyc
[1.341s] running install_data
[1.341s] running install_egg_info
[1.343s] removing '/home/duckie5/turtlebot3_ws/install/tb3_lane_fusion/lib/python3.10/site-packages/tb3_lane_fusion-0.0.0-py3.10.egg-info' (and everything under it)
[1.343s] Copying ../../build/tb3_lane_fusion/tb3_lane_fusion.egg-info to /home/duckie5/turtlebot3_ws/install/tb3_lane_fusion/lib/python3.10/site-packages/tb3_lane_fusion-0.0.0-py3.10.egg-info
[1.344s] running install_scripts
[1.366s] Installing lane_bev_node script to /home/duckie5/turtlebot3_ws/install/tb3_lane_fusion/lib/tb3_lane_fusion
[1.366s] Installing lane_map_node script to /home/duckie5/turtlebot3_ws/install/tb3_lane_fusion/lib/tb3_lane_fusion
[1.366s] Installing slam_interface_node script to /home/duckie5/turtlebot3_ws/install/tb3_lane_fusion/lib/tb3_lane_fusion
[1.367s] Installing test_node script to /home/duckie5/turtlebot3_ws/install/tb3_lane_fusion/lib/tb3_lane_fusion
[1.367s] writing list of installed files to '/home/duckie5/turtlebot3_ws/build/tb3_lane_fusion/install.log'
[1.441s] Invoked command in '/home/duckie5/turtlebot3_ws/src/tb3_lane_fusion' returned '0': PYTHONPATH=/home/duckie5/turtlebot3_ws/build/tb3_lane_fusion/prefix_override:/usr/lib/python3/dist-packages/colcon_core/task/python/colcon_distutils_commands:/home/duckie5/turtlebot3_ws/install/tb3_lane_fusion/lib/python3.10/site-packages:${PYTHONPATH} /usr/bin/python3 -W ignore:setup.py install is deprecated -W ignore:easy_install command is deprecated setup.py egg_info --egg-base ../../build/tb3_lane_fusion build --build-base /home/duckie5/turtlebot3_ws/build/tb3_lane_fusion/build install --record /home/duckie5/turtlebot3_ws/build/tb3_lane_fusion/install.log --single-version-externally-managed install_data
