[0.009s] Invoking command in '/home/duckie5/turtlebot3_ws/build/dynamixel_sdk_examples': AMENT_PREFIX_PATH=/home/duckie5/turtlebot3_ws/install/dynamixel_sdk_custom_interfaces:/home/duckie5/turtlebot3_ws/install/dynamixel_sdk:${AMENT_PREFIX_PATH} CMAKE_PREFIX_PATH=/home/duckie5/turtlebot3_ws/install/dynamixel_sdk_custom_interfaces:/home/duckie5/turtlebot3_ws/install/dynamixel_sdk:/opt/ros/humble LD_LIBRARY_PATH=/home/duckie5/turtlebot3_ws/install/dynamixel_sdk_custom_interfaces/lib:/home/duckie5/turtlebot3_ws/install/dynamixel_sdk/lib:${LD_LIBRARY_PATH} PYTHONPATH=/home/duckie5/turtlebot3_ws/install/dynamixel_sdk_custom_interfaces/local/lib/python3.10/dist-packages:/home/duckie5/turtlebot3_ws/install/dynamixel_sdk/local/lib/python3.10/dist-packages:${PYTHONPATH} /usr/bin/cmake /home/duckie5/turtlebot3_ws/src/DynamixelSDK/ros/dynamixel_sdk_examples -DAMENT_CMAKE_SYMLINK_INSTALL=1 -DCMAKE_INSTALL_PREFIX=/home/duckie5/turtlebot3_ws/install/dynamixel_sdk_examples
[0.054s] -- The C compiler identification is GNU 11.4.0
[0.099s] -- The CXX compiler identification is GNU 11.4.0
[0.105s] -- Detecting C compiler ABI info
[0.165s] -- Detecting C compiler ABI info - done
[0.171s] -- Check for working C compiler: /usr/bin/cc - skipped
[0.171s] -- Detecting C compile features
[0.171s] -- Detecting C compile features - done
[0.173s] -- Detecting CXX compiler ABI info
[0.241s] -- Detecting CXX compiler ABI info - done
[0.246s] -- Check for working CXX compiler: /usr/bin/c++ - skipped
[0.246s] -- Detecting CXX compile features
[0.247s] -- Detecting CXX compile features - done
[0.249s] -- Found ament_cmake: 1.3.12 (/opt/ros/humble/share/ament_cmake/cmake)
[0.365s] -- Found Python3: /usr/bin/python3 (found version "3.10.12") found components: Interpreter 
[0.411s] -- Override CMake install command with custom implementation using symlinks instead of copying resources
[0.436s] -- Found dynamixel_sdk: 3.8.4 (/home/duckie5/turtlebot3_ws/install/dynamixel_sdk/share/dynamixel_sdk/cmake)
[0.437s] -- Found dynamixel_sdk_custom_interfaces: 3.8.4 (/home/duckie5/turtlebot3_ws/install/dynamixel_sdk_custom_interfaces/share/dynamixel_sdk_custom_interfaces/cmake)
[0.466s] -- Found rosidl_generator_c: 3.1.7 (/opt/ros/humble/share/rosidl_generator_c/cmake)
[0.470s] -- Found rosidl_adapter: 3.1.7 (/opt/ros/humble/share/rosidl_adapter/cmake)
[0.477s] -- Found rosidl_generator_cpp: 3.1.7 (/opt/ros/humble/share/rosidl_generator_cpp/cmake)
[0.486s] -- Using all available rosidl_typesupport_c: rosidl_typesupport_fastrtps_c;rosidl_typesupport_introspection_c
[0.499s] -- Using all available rosidl_typesupport_cpp: rosidl_typesupport_fastrtps_cpp;rosidl_typesupport_introspection_cpp
[0.519s] -- Found rclcpp: 16.0.15 (/opt/ros/humble/share/rclcpp/cmake)
[0.559s] -- Found rmw_implementation_cmake: 6.1.2 (/opt/ros/humble/share/rmw_implementation_cmake/cmake)
[0.563s] -- Found rmw_fastrtps_cpp: 6.2.9 (/opt/ros/humble/share/rmw_fastrtps_cpp/cmake)
[0.647s] -- Found OpenSSL: /usr/lib/x86_64-linux-gnu/libcrypto.so (found version "3.0.2")  
[0.671s] -- Found FastRTPS: /opt/ros/humble/include  
[0.706s] -- Using RMW implementation 'rmw_fastrtps_cpp' as default
[0.715s] -- Looking for pthread.h
[0.777s] -- Looking for pthread.h - found
[0.777s] -- Performing Test CMAKE_HAVE_LIBC_PTHREAD
[0.839s] -- Performing Test CMAKE_HAVE_LIBC_PTHREAD - Success
[0.840s] -- Found Threads: TRUE  
[0.885s] -- Found rclpy: 3.3.17 (/opt/ros/humble/share/rclpy/cmake)
[0.888s] -- Found ament_lint_auto: 0.12.14 (/opt/ros/humble/share/ament_lint_auto/cmake)
[0.955s] -- Added test 'copyright' to check source files copyright and LICENSE
[0.956s] -- Added test 'cppcheck' to perform static code analysis on C / C++ code
[0.956s] -- Configured cppcheck include dirs: /home/duckie5/turtlebot3_ws/src/DynamixelSDK/ros/dynamixel_sdk_examples/include
[0.956s] -- Configured cppcheck exclude dirs and/or files: 
[0.957s] -- Added test 'cpplint' to check C / C++ code against the Google style
[0.957s] -- Configured cpplint exclude dirs and/or files: 
[0.957s] -- Added test 'flake8' to check Python code syntax and style conventions
[0.958s] -- Added test 'lint_cmake' to check CMake code style
[0.958s] -- Added test 'pep257' to check Python code against some of the docstring style conventions in PEP 257
[0.959s] -- Added test 'uncrustify' to check C / C++ code style
[0.959s] -- Configured uncrustify additional arguments: 
[0.959s] -- Added test 'xmllint' to check XML markup files
[0.960s] -- Configuring done
[0.968s] -- Generating done
[0.971s] -- Build files have been written to: /home/duckie5/turtlebot3_ws/build/dynamixel_sdk_examples
[0.979s] Invoked command in '/home/duckie5/turtlebot3_ws/build/dynamixel_sdk_examples' returned '0': AMENT_PREFIX_PATH=/home/duckie5/turtlebot3_ws/install/dynamixel_sdk_custom_interfaces:/home/duckie5/turtlebot3_ws/install/dynamixel_sdk:${AMENT_PREFIX_PATH} CMAKE_PREFIX_PATH=/home/duckie5/turtlebot3_ws/install/dynamixel_sdk_custom_interfaces:/home/duckie5/turtlebot3_ws/install/dynamixel_sdk:/opt/ros/humble LD_LIBRARY_PATH=/home/duckie5/turtlebot3_ws/install/dynamixel_sdk_custom_interfaces/lib:/home/duckie5/turtlebot3_ws/install/dynamixel_sdk/lib:${LD_LIBRARY_PATH} PYTHONPATH=/home/duckie5/turtlebot3_ws/install/dynamixel_sdk_custom_interfaces/local/lib/python3.10/dist-packages:/home/duckie5/turtlebot3_ws/install/dynamixel_sdk/local/lib/python3.10/dist-packages:${PYTHONPATH} /usr/bin/cmake /home/duckie5/turtlebot3_ws/src/DynamixelSDK/ros/dynamixel_sdk_examples -DAMENT_CMAKE_SYMLINK_INSTALL=1 -DCMAKE_INSTALL_PREFIX=/home/duckie5/turtlebot3_ws/install/dynamixel_sdk_examples
[0.980s] Invoking command in '/home/duckie5/turtlebot3_ws/build/dynamixel_sdk_examples': AMENT_PREFIX_PATH=/home/duckie5/turtlebot3_ws/install/dynamixel_sdk_custom_interfaces:/home/duckie5/turtlebot3_ws/install/dynamixel_sdk:${AMENT_PREFIX_PATH} CMAKE_PREFIX_PATH=/home/duckie5/turtlebot3_ws/install/dynamixel_sdk_custom_interfaces:/home/duckie5/turtlebot3_ws/install/dynamixel_sdk:/opt/ros/humble LD_LIBRARY_PATH=/home/duckie5/turtlebot3_ws/install/dynamixel_sdk_custom_interfaces/lib:/home/duckie5/turtlebot3_ws/install/dynamixel_sdk/lib:${LD_LIBRARY_PATH} PYTHONPATH=/home/duckie5/turtlebot3_ws/install/dynamixel_sdk_custom_interfaces/local/lib/python3.10/dist-packages:/home/duckie5/turtlebot3_ws/install/dynamixel_sdk/local/lib/python3.10/dist-packages:${PYTHONPATH} /usr/bin/cmake --build /home/duckie5/turtlebot3_ws/build/dynamixel_sdk_examples -- -j12 -l12
[1.022s] [ 50%] [32mBuilding CXX object CMakeFiles/read_write_node.dir/src/read_write_node.cpp.o[0m
[10.998s] [100%] [32m[1mLinking CXX executable read_write_node[0m
[11.353s] [100%] Built target read_write_node
[11.364s] Invoked command in '/home/duckie5/turtlebot3_ws/build/dynamixel_sdk_examples' returned '0': AMENT_PREFIX_PATH=/home/duckie5/turtlebot3_ws/install/dynamixel_sdk_custom_interfaces:/home/duckie5/turtlebot3_ws/install/dynamixel_sdk:${AMENT_PREFIX_PATH} CMAKE_PREFIX_PATH=/home/duckie5/turtlebot3_ws/install/dynamixel_sdk_custom_interfaces:/home/duckie5/turtlebot3_ws/install/dynamixel_sdk:/opt/ros/humble LD_LIBRARY_PATH=/home/duckie5/turtlebot3_ws/install/dynamixel_sdk_custom_interfaces/lib:/home/duckie5/turtlebot3_ws/install/dynamixel_sdk/lib:${LD_LIBRARY_PATH} PYTHONPATH=/home/duckie5/turtlebot3_ws/install/dynamixel_sdk_custom_interfaces/local/lib/python3.10/dist-packages:/home/duckie5/turtlebot3_ws/install/dynamixel_sdk/local/lib/python3.10/dist-packages:${PYTHONPATH} /usr/bin/cmake --build /home/duckie5/turtlebot3_ws/build/dynamixel_sdk_examples -- -j12 -l12
[11.366s] Invoking command in '/home/duckie5/turtlebot3_ws/build/dynamixel_sdk_examples': AMENT_PREFIX_PATH=/home/duckie5/turtlebot3_ws/install/dynamixel_sdk_custom_interfaces:/home/duckie5/turtlebot3_ws/install/dynamixel_sdk:${AMENT_PREFIX_PATH} CMAKE_PREFIX_PATH=/home/duckie5/turtlebot3_ws/install/dynamixel_sdk_custom_interfaces:/home/duckie5/turtlebot3_ws/install/dynamixel_sdk:/opt/ros/humble LD_LIBRARY_PATH=/home/duckie5/turtlebot3_ws/install/dynamixel_sdk_custom_interfaces/lib:/home/duckie5/turtlebot3_ws/install/dynamixel_sdk/lib:${LD_LIBRARY_PATH} PYTHONPATH=/home/duckie5/turtlebot3_ws/install/dynamixel_sdk_custom_interfaces/local/lib/python3.10/dist-packages:/home/duckie5/turtlebot3_ws/install/dynamixel_sdk/local/lib/python3.10/dist-packages:${PYTHONPATH} /usr/bin/cmake --install /home/duckie5/turtlebot3_ws/build/dynamixel_sdk_examples
[11.373s] -- Install configuration: ""
[11.373s] -- Execute custom install script
[11.374s] -- Symlinking: /home/duckie5/turtlebot3_ws/install/dynamixel_sdk_examples/lib/dynamixel_sdk_examples/read_write_node
[11.382s] -- Symlinking: /home/duckie5/turtlebot3_ws/install/dynamixel_sdk_examples/lib/dynamixel_sdk_examples/read_write_node.py
[11.391s] -- Symlinking: /home/duckie5/turtlebot3_ws/install/dynamixel_sdk_examples/share/ament_index/resource_index/package_run_dependencies/dynamixel_sdk_examples
[11.401s] -- Symlinking: /home/duckie5/turtlebot3_ws/install/dynamixel_sdk_examples/share/ament_index/resource_index/parent_prefix_path/dynamixel_sdk_examples
[11.409s] -- Symlinking: /home/duckie5/turtlebot3_ws/install/dynamixel_sdk_examples/share/dynamixel_sdk_examples/environment/ament_prefix_path.sh
[11.418s] -- Symlinking: /home/duckie5/turtlebot3_ws/install/dynamixel_sdk_examples/share/dynamixel_sdk_examples/environment/ament_prefix_path.dsv
[11.426s] -- Symlinking: /home/duckie5/turtlebot3_ws/install/dynamixel_sdk_examples/share/dynamixel_sdk_examples/environment/path.sh
[11.435s] -- Symlinking: /home/duckie5/turtlebot3_ws/install/dynamixel_sdk_examples/share/dynamixel_sdk_examples/environment/path.dsv
[11.444s] -- Symlinking: /home/duckie5/turtlebot3_ws/install/dynamixel_sdk_examples/share/dynamixel_sdk_examples/local_setup.bash
[11.452s] -- Symlinking: /home/duckie5/turtlebot3_ws/install/dynamixel_sdk_examples/share/dynamixel_sdk_examples/local_setup.sh
[11.461s] -- Symlinking: /home/duckie5/turtlebot3_ws/install/dynamixel_sdk_examples/share/dynamixel_sdk_examples/local_setup.zsh
[11.469s] -- Symlinking: /home/duckie5/turtlebot3_ws/install/dynamixel_sdk_examples/share/dynamixel_sdk_examples/local_setup.dsv
[11.478s] -- Symlinking: /home/duckie5/turtlebot3_ws/install/dynamixel_sdk_examples/share/dynamixel_sdk_examples/package.dsv
[11.487s] -- Symlinking: /home/duckie5/turtlebot3_ws/install/dynamixel_sdk_examples/share/ament_index/resource_index/packages/dynamixel_sdk_examples
[11.496s] -- Symlinking: /home/duckie5/turtlebot3_ws/install/dynamixel_sdk_examples/share/dynamixel_sdk_examples/cmake/dynamixel_sdk_examplesConfig.cmake
[11.505s] -- Symlinking: /home/duckie5/turtlebot3_ws/install/dynamixel_sdk_examples/share/dynamixel_sdk_examples/cmake/dynamixel_sdk_examplesConfig-version.cmake
[11.514s] -- Symlinking: /home/duckie5/turtlebot3_ws/install/dynamixel_sdk_examples/share/dynamixel_sdk_examples/package.xml
[11.524s] Invoked command in '/home/duckie5/turtlebot3_ws/build/dynamixel_sdk_examples' returned '0': AMENT_PREFIX_PATH=/home/duckie5/turtlebot3_ws/install/dynamixel_sdk_custom_interfaces:/home/duckie5/turtlebot3_ws/install/dynamixel_sdk:${AMENT_PREFIX_PATH} CMAKE_PREFIX_PATH=/home/duckie5/turtlebot3_ws/install/dynamixel_sdk_custom_interfaces:/home/duckie5/turtlebot3_ws/install/dynamixel_sdk:/opt/ros/humble LD_LIBRARY_PATH=/home/duckie5/turtlebot3_ws/install/dynamixel_sdk_custom_interfaces/lib:/home/duckie5/turtlebot3_ws/install/dynamixel_sdk/lib:${LD_LIBRARY_PATH} PYTHONPATH=/home/duckie5/turtlebot3_ws/install/dynamixel_sdk_custom_interfaces/local/lib/python3.10/dist-packages:/home/duckie5/turtlebot3_ws/install/dynamixel_sdk/local/lib/python3.10/dist-packages:${PYTHONPATH} /usr/bin/cmake --install /home/duckie5/turtlebot3_ws/build/dynamixel_sdk_examples
