[0.014s] Invoking command in '/home/duckie5/turtlebot3_ws/build/turtlebot3_node': CMAKE_PREFIX_PATH=/home/duckie5/turtlebot3_ws/install/turtlebot3_msgs:/home/duckie5/turtlebot3_ws/install/dynamixel_sdk:/home/duckie5/turtlebot3_ws/install/turtlebot3:/home/duckie5/turtlebot3_ws/install/turtlebot3_bringup:/home/duckie5/turtlebot3_ws/install/turtlebot3_node:/home/duckie5/turtlebot3_ws/install/turtlebot3_navigation2:/home/duckie5/turtlebot3_ws/install/turtlebot3_description:/home/duckie5/turtlebot3_ws/install/turtlebot3_cartographer:/home/duckie5/turtlebot3_ws/install/dynamixel_sdk_examples:/home/duckie5/turtlebot3_ws/install/dynamixel_sdk_custom_interfaces:/home/duckie5/turtlebot3_ws/install/turtlebot3_teleop:/home/duckie5/turtlebot3_ws/install/turtlebot3_example:/opt/ros/humble LD_LIBRARY_PATH=/home/duckie5/turtlebot3_ws/install/turtlebot3_msgs/lib:/home/duckie5/turtlebot3_ws/install/dynamixel_sdk/lib:/home/duckie5/turtlebot3_ws/install/dynamixel_sdk_custom_interfaces/lib:/usr/lib/x86_64-linux-gnu/gazebo-11/plugins:/opt/ros/humble/opt/rviz_ogre_vendor/lib:/opt/ros/humble/lib/x86_64-linux-gnu:/opt/ros/humble/lib:/usr/lib/x86_64-linux-gnu/gazebo-11/plugins:/usr/lib/x86_64-linux-gnu/gazebo-11/plugins:/usr/lib/x86_64-linux-gnu/gazebo-11/plugins /usr/bin/cmake /home/duckie5/turtlebot3_ws/src/turtlebot3/turtlebot3_node -DCMAKE_INSTALL_PREFIX=/home/duckie5/turtlebot3_ws/install/turtlebot3_node
[0.027s] -- Found ament_cmake: 1.3.12 (/opt/ros/humble/share/ament_cmake/cmake)
[0.174s] -- Override CMake install command with custom implementation using symlinks instead of copying resources
[0.182s] -- Found dynamixel_sdk: 3.8.4 (/home/duckie5/turtlebot3_ws/install/dynamixel_sdk/share/dynamixel_sdk/cmake)
[0.184s] -- Found geometry_msgs: 4.9.0 (/opt/ros/humble/share/geometry_msgs/cmake)
[0.216s] -- Found rosidl_generator_c: 3.1.7 (/opt/ros/humble/share/rosidl_generator_c/cmake)
[0.218s] -- Found rosidl_adapter: 3.1.7 (/opt/ros/humble/share/rosidl_adapter/cmake)
[0.223s] -- Found rosidl_generator_cpp: 3.1.7 (/opt/ros/humble/share/rosidl_generator_cpp/cmake)
[0.232s] -- Using all available rosidl_typesupport_c: rosidl_typesupport_fastrtps_c;rosidl_typesupport_introspection_c
[0.243s] -- Using all available rosidl_typesupport_cpp: rosidl_typesupport_fastrtps_cpp;rosidl_typesupport_introspection_cpp
[0.283s] -- Found message_filters: 4.3.11 (/opt/ros/humble/share/message_filters/cmake)
[0.311s] -- Found rmw_implementation_cmake: 6.1.2 (/opt/ros/humble/share/rmw_implementation_cmake/cmake)
[0.313s] -- Found rmw_fastrtps_cpp: 6.2.9 (/opt/ros/humble/share/rmw_fastrtps_cpp/cmake)
[0.452s] -- Using RMW implementation 'rmw_fastrtps_cpp' as default
[0.494s] -- Found nav_msgs: 4.9.0 (/opt/ros/humble/share/nav_msgs/cmake)
[0.512s] -- Found sensor_msgs: 4.9.0 (/opt/ros/humble/share/sensor_msgs/cmake)
[0.531s] -- Found std_srvs: 4.9.0 (/opt/ros/humble/share/std_srvs/cmake)
[0.541s] -- Found tf2: 0.25.16 (/opt/ros/humble/share/tf2/cmake)
[0.545s] -- Found tf2_ros: 0.25.16 (/opt/ros/humble/share/tf2_ros/cmake)
[0.634s] -- Found turtlebot3_msgs: 2.4.0 (/home/duckie5/turtlebot3_ws/install/turtlebot3_msgs/share/turtlebot3_msgs/cmake)
[0.733s] -- Configuring done
[0.757s] -- Generating done
[0.763s] -- Build files have been written to: /home/duckie5/turtlebot3_ws/build/turtlebot3_node
[0.782s] Invoked command in '/home/duckie5/turtlebot3_ws/build/turtlebot3_node' returned '0': CMAKE_PREFIX_PATH=/home/duckie5/turtlebot3_ws/install/turtlebot3_msgs:/home/duckie5/turtlebot3_ws/install/dynamixel_sdk:/home/duckie5/turtlebot3_ws/install/turtlebot3:/home/duckie5/turtlebot3_ws/install/turtlebot3_bringup:/home/duckie5/turtlebot3_ws/install/turtlebot3_node:/home/duckie5/turtlebot3_ws/install/turtlebot3_navigation2:/home/duckie5/turtlebot3_ws/install/turtlebot3_description:/home/duckie5/turtlebot3_ws/install/turtlebot3_cartographer:/home/duckie5/turtlebot3_ws/install/dynamixel_sdk_examples:/home/duckie5/turtlebot3_ws/install/dynamixel_sdk_custom_interfaces:/home/duckie5/turtlebot3_ws/install/turtlebot3_teleop:/home/duckie5/turtlebot3_ws/install/turtlebot3_example:/opt/ros/humble LD_LIBRARY_PATH=/home/duckie5/turtlebot3_ws/install/turtlebot3_msgs/lib:/home/duckie5/turtlebot3_ws/install/dynamixel_sdk/lib:/home/duckie5/turtlebot3_ws/install/dynamixel_sdk_custom_interfaces/lib:/usr/lib/x86_64-linux-gnu/gazebo-11/plugins:/opt/ros/humble/opt/rviz_ogre_vendor/lib:/opt/ros/humble/lib/x86_64-linux-gnu:/opt/ros/humble/lib:/usr/lib/x86_64-linux-gnu/gazebo-11/plugins:/usr/lib/x86_64-linux-gnu/gazebo-11/plugins:/usr/lib/x86_64-linux-gnu/gazebo-11/plugins /usr/bin/cmake /home/duckie5/turtlebot3_ws/src/turtlebot3/turtlebot3_node -DCMAKE_INSTALL_PREFIX=/home/duckie5/turtlebot3_ws/install/turtlebot3_node
[0.784s] Invoking command in '/home/duckie5/turtlebot3_ws/build/turtlebot3_node': CMAKE_PREFIX_PATH=/home/duckie5/turtlebot3_ws/install/turtlebot3_msgs:/home/duckie5/turtlebot3_ws/install/dynamixel_sdk:/home/duckie5/turtlebot3_ws/install/turtlebot3:/home/duckie5/turtlebot3_ws/install/turtlebot3_bringup:/home/duckie5/turtlebot3_ws/install/turtlebot3_node:/home/duckie5/turtlebot3_ws/install/turtlebot3_navigation2:/home/duckie5/turtlebot3_ws/install/turtlebot3_description:/home/duckie5/turtlebot3_ws/install/turtlebot3_cartographer:/home/duckie5/turtlebot3_ws/install/dynamixel_sdk_examples:/home/duckie5/turtlebot3_ws/install/dynamixel_sdk_custom_interfaces:/home/duckie5/turtlebot3_ws/install/turtlebot3_teleop:/home/duckie5/turtlebot3_ws/install/turtlebot3_example:/opt/ros/humble LD_LIBRARY_PATH=/home/duckie5/turtlebot3_ws/install/turtlebot3_msgs/lib:/home/duckie5/turtlebot3_ws/install/dynamixel_sdk/lib:/home/duckie5/turtlebot3_ws/install/dynamixel_sdk_custom_interfaces/lib:/usr/lib/x86_64-linux-gnu/gazebo-11/plugins:/opt/ros/humble/opt/rviz_ogre_vendor/lib:/opt/ros/humble/lib/x86_64-linux-gnu:/opt/ros/humble/lib:/usr/lib/x86_64-linux-gnu/gazebo-11/plugins:/usr/lib/x86_64-linux-gnu/gazebo-11/plugins:/usr/lib/x86_64-linux-gnu/gazebo-11/plugins /usr/bin/cmake --build /home/duckie5/turtlebot3_ws/build/turtlebot3_node -- -j12 -l12
[0.845s] [35m[1mConsolidate compiler generated dependencies of target turtlebot3_node_lib[0m
[0.897s] [ 85%] Built target turtlebot3_node_lib
[0.914s] [35m[1mConsolidate compiler generated dependencies of target turtlebot3_ros[0m
[0.940s] [100%] Built target turtlebot3_ros
[0.955s] Invoked command in '/home/duckie5/turtlebot3_ws/build/turtlebot3_node' returned '0': CMAKE_PREFIX_PATH=/home/duckie5/turtlebot3_ws/install/turtlebot3_msgs:/home/duckie5/turtlebot3_ws/install/dynamixel_sdk:/home/duckie5/turtlebot3_ws/install/turtlebot3:/home/duckie5/turtlebot3_ws/install/turtlebot3_bringup:/home/duckie5/turtlebot3_ws/install/turtlebot3_node:/home/duckie5/turtlebot3_ws/install/turtlebot3_navigation2:/home/duckie5/turtlebot3_ws/install/turtlebot3_description:/home/duckie5/turtlebot3_ws/install/turtlebot3_cartographer:/home/duckie5/turtlebot3_ws/install/dynamixel_sdk_examples:/home/duckie5/turtlebot3_ws/install/dynamixel_sdk_custom_interfaces:/home/duckie5/turtlebot3_ws/install/turtlebot3_teleop:/home/duckie5/turtlebot3_ws/install/turtlebot3_example:/opt/ros/humble LD_LIBRARY_PATH=/home/duckie5/turtlebot3_ws/install/turtlebot3_msgs/lib:/home/duckie5/turtlebot3_ws/install/dynamixel_sdk/lib:/home/duckie5/turtlebot3_ws/install/dynamixel_sdk_custom_interfaces/lib:/usr/lib/x86_64-linux-gnu/gazebo-11/plugins:/opt/ros/humble/opt/rviz_ogre_vendor/lib:/opt/ros/humble/lib/x86_64-linux-gnu:/opt/ros/humble/lib:/usr/lib/x86_64-linux-gnu/gazebo-11/plugins:/usr/lib/x86_64-linux-gnu/gazebo-11/plugins:/usr/lib/x86_64-linux-gnu/gazebo-11/plugins /usr/bin/cmake --build /home/duckie5/turtlebot3_ws/build/turtlebot3_node -- -j12 -l12
[0.956s] Invoking command in '/home/duckie5/turtlebot3_ws/build/turtlebot3_node': CMAKE_PREFIX_PATH=/home/duckie5/turtlebot3_ws/install/turtlebot3_msgs:/home/duckie5/turtlebot3_ws/install/dynamixel_sdk:/home/duckie5/turtlebot3_ws/install/turtlebot3:/home/duckie5/turtlebot3_ws/install/turtlebot3_bringup:/home/duckie5/turtlebot3_ws/install/turtlebot3_node:/home/duckie5/turtlebot3_ws/install/turtlebot3_navigation2:/home/duckie5/turtlebot3_ws/install/turtlebot3_description:/home/duckie5/turtlebot3_ws/install/turtlebot3_cartographer:/home/duckie5/turtlebot3_ws/install/dynamixel_sdk_examples:/home/duckie5/turtlebot3_ws/install/dynamixel_sdk_custom_interfaces:/home/duckie5/turtlebot3_ws/install/turtlebot3_teleop:/home/duckie5/turtlebot3_ws/install/turtlebot3_example:/opt/ros/humble LD_LIBRARY_PATH=/home/duckie5/turtlebot3_ws/install/turtlebot3_msgs/lib:/home/duckie5/turtlebot3_ws/install/dynamixel_sdk/lib:/home/duckie5/turtlebot3_ws/install/dynamixel_sdk_custom_interfaces/lib:/usr/lib/x86_64-linux-gnu/gazebo-11/plugins:/opt/ros/humble/opt/rviz_ogre_vendor/lib:/opt/ros/humble/lib/x86_64-linux-gnu:/opt/ros/humble/lib:/usr/lib/x86_64-linux-gnu/gazebo-11/plugins:/usr/lib/x86_64-linux-gnu/gazebo-11/plugins:/usr/lib/x86_64-linux-gnu/gazebo-11/plugins /usr/bin/cmake --install /home/duckie5/turtlebot3_ws/build/turtlebot3_node
[0.965s] -- Install configuration: ""
[0.965s] -- Execute custom install script
[0.965s] -- Up-to-date symlink: /home/duckie5/turtlebot3_ws/install/turtlebot3_node/share/turtlebot3_node/param/burger.yaml
[0.966s] -- Up-to-date symlink: /home/duckie5/turtlebot3_ws/install/turtlebot3_node/share/turtlebot3_node/param/waffle.yaml
[0.966s] -- Up-to-date symlink: /home/duckie5/turtlebot3_ws/install/turtlebot3_node/share/turtlebot3_node/param/waffle_pi.yaml
[0.966s] -- Up-to-date symlink: /home/duckie5/turtlebot3_ws/install/turtlebot3_node/lib/turtlebot3_node/turtlebot3_ros
[0.966s] -- Up-to-date symlink: /home/duckie5/turtlebot3_ws/install/turtlebot3_node/share/ament_index/resource_index/package_run_dependencies/turtlebot3_node
[0.966s] -- Up-to-date symlink: /home/duckie5/turtlebot3_ws/install/turtlebot3_node/share/ament_index/resource_index/parent_prefix_path/turtlebot3_node
[0.966s] -- Up-to-date symlink: /home/duckie5/turtlebot3_ws/install/turtlebot3_node/share/turtlebot3_node/environment/ament_prefix_path.sh
[0.966s] -- Up-to-date symlink: /home/duckie5/turtlebot3_ws/install/turtlebot3_node/share/turtlebot3_node/environment/ament_prefix_path.dsv
[0.966s] -- Up-to-date symlink: /home/duckie5/turtlebot3_ws/install/turtlebot3_node/share/turtlebot3_node/environment/path.sh
[0.967s] -- Up-to-date symlink: /home/duckie5/turtlebot3_ws/install/turtlebot3_node/share/turtlebot3_node/environment/path.dsv
[0.967s] -- Up-to-date symlink: /home/duckie5/turtlebot3_ws/install/turtlebot3_node/share/turtlebot3_node/local_setup.bash
[0.967s] -- Up-to-date symlink: /home/duckie5/turtlebot3_ws/install/turtlebot3_node/share/turtlebot3_node/local_setup.sh
[0.967s] -- Up-to-date symlink: /home/duckie5/turtlebot3_ws/install/turtlebot3_node/share/turtlebot3_node/local_setup.zsh
[0.967s] -- Up-to-date symlink: /home/duckie5/turtlebot3_ws/install/turtlebot3_node/share/turtlebot3_node/local_setup.dsv
[0.967s] -- Symlinking: /home/duckie5/turtlebot3_ws/install/turtlebot3_node/share/turtlebot3_node/package.dsv
[0.981s] -- Up-to-date symlink: /home/duckie5/turtlebot3_ws/install/turtlebot3_node/share/ament_index/resource_index/packages/turtlebot3_node
[0.982s] -- Up-to-date symlink: /home/duckie5/turtlebot3_ws/install/turtlebot3_node/share/turtlebot3_node/cmake/ament_cmake_export_dependencies-extras.cmake
[0.982s] -- Up-to-date symlink: /home/duckie5/turtlebot3_ws/install/turtlebot3_node/share/turtlebot3_node/cmake/ament_cmake_export_include_directories-extras.cmake
[0.982s] -- Up-to-date symlink: /home/duckie5/turtlebot3_ws/install/turtlebot3_node/share/turtlebot3_node/cmake/turtlebot3_nodeConfig.cmake
[0.982s] -- Up-to-date symlink: /home/duckie5/turtlebot3_ws/install/turtlebot3_node/share/turtlebot3_node/cmake/turtlebot3_nodeConfig-version.cmake
[0.982s] -- Up-to-date symlink: /home/duckie5/turtlebot3_ws/install/turtlebot3_node/share/turtlebot3_node/package.xml
[0.985s] Invoked command in '/home/duckie5/turtlebot3_ws/build/turtlebot3_node' returned '0': CMAKE_PREFIX_PATH=/home/duckie5/turtlebot3_ws/install/turtlebot3_msgs:/home/duckie5/turtlebot3_ws/install/dynamixel_sdk:/home/duckie5/turtlebot3_ws/install/turtlebot3:/home/duckie5/turtlebot3_ws/install/turtlebot3_bringup:/home/duckie5/turtlebot3_ws/install/turtlebot3_node:/home/duckie5/turtlebot3_ws/install/turtlebot3_navigation2:/home/duckie5/turtlebot3_ws/install/turtlebot3_description:/home/duckie5/turtlebot3_ws/install/turtlebot3_cartographer:/home/duckie5/turtlebot3_ws/install/dynamixel_sdk_examples:/home/duckie5/turtlebot3_ws/install/dynamixel_sdk_custom_interfaces:/home/duckie5/turtlebot3_ws/install/turtlebot3_teleop:/home/duckie5/turtlebot3_ws/install/turtlebot3_example:/opt/ros/humble LD_LIBRARY_PATH=/home/duckie5/turtlebot3_ws/install/turtlebot3_msgs/lib:/home/duckie5/turtlebot3_ws/install/dynamixel_sdk/lib:/home/duckie5/turtlebot3_ws/install/dynamixel_sdk_custom_interfaces/lib:/usr/lib/x86_64-linux-gnu/gazebo-11/plugins:/opt/ros/humble/opt/rviz_ogre_vendor/lib:/opt/ros/humble/lib/x86_64-linux-gnu:/opt/ros/humble/lib:/usr/lib/x86_64-linux-gnu/gazebo-11/plugins:/usr/lib/x86_64-linux-gnu/gazebo-11/plugins:/usr/lib/x86_64-linux-gnu/gazebo-11/plugins /usr/bin/cmake --install /home/duckie5/turtlebot3_ws/build/turtlebot3_node
