[1.364s] Invoking command in '/home/duckie5/turtlebot3_ws/src/tb3_lane_fusion': PYTHONPATH=/home/duckie5/turtlebot3_ws/build/tb3_lane_fusion/prefix_override:/usr/lib/python3/dist-packages/colcon_core/task/python/colcon_distutils_commands:/home/duckie5/turtlebot3_ws/install/tb3_lane_fusion/lib/python3.10/site-packages:${PYTHONPATH} /usr/bin/python3 -W ignore:setup.py install is deprecated -W ignore:easy_install command is deprecated setup.py egg_info --egg-base ../../build/tb3_lane_fusion build --build-base /home/duckie5/turtlebot3_ws/build/tb3_lane_fusion/build install --record /home/duckie5/turtlebot3_ws/build/tb3_lane_fusion/install.log --single-version-externally-managed install_data
[1.613s] running egg_info
[1.614s] writing ../../build/tb3_lane_fusion/tb3_lane_fusion.egg-info/PKG-INFO
[1.614s] writing dependency_links to ../../build/tb3_lane_fusion/tb3_lane_fusion.egg-info/dependency_links.txt
[1.614s] writing entry points to ../../build/tb3_lane_fusion/tb3_lane_fusion.egg-info/entry_points.txt
[1.615s] writing requirements to ../../build/tb3_lane_fusion/tb3_lane_fusion.egg-info/requires.txt
[1.615s] writing top-level names to ../../build/tb3_lane_fusion/tb3_lane_fusion.egg-info/top_level.txt
[1.617s] reading manifest file '../../build/tb3_lane_fusion/tb3_lane_fusion.egg-info/SOURCES.txt'
[1.617s] writing manifest file '../../build/tb3_lane_fusion/tb3_lane_fusion.egg-info/SOURCES.txt'
[1.618s] running build
[1.618s] running build_py
[1.618s] copying tb3_lane_fusion/slam_interface_node.py -> /home/duckie5/turtlebot3_ws/build/tb3_lane_fusion/build/lib/tb3_lane_fusion
[1.618s] running install
[1.618s] running install_lib
[1.619s] copying /home/duckie5/turtlebot3_ws/build/tb3_lane_fusion/build/lib/tb3_lane_fusion/slam_interface_node.py -> /home/duckie5/turtlebot3_ws/install/tb3_lane_fusion/lib/python3.10/site-packages/tb3_lane_fusion
[1.619s] byte-compiling /home/duckie5/turtlebot3_ws/install/tb3_lane_fusion/lib/python3.10/site-packages/tb3_lane_fusion/slam_interface_node.py to slam_interface_node.cpython-310.pyc
[1.620s] running install_data
[1.620s] running install_egg_info
[1.622s] removing '/home/duckie5/turtlebot3_ws/install/tb3_lane_fusion/lib/python3.10/site-packages/tb3_lane_fusion-0.0.0-py3.10.egg-info' (and everything under it)
[1.622s] Copying ../../build/tb3_lane_fusion/tb3_lane_fusion.egg-info to /home/duckie5/turtlebot3_ws/install/tb3_lane_fusion/lib/python3.10/site-packages/tb3_lane_fusion-0.0.0-py3.10.egg-info
[1.623s] running install_scripts
[1.643s] Installing slam_interface_node script to /home/duckie5/turtlebot3_ws/install/tb3_lane_fusion/lib/tb3_lane_fusion
[1.643s] Installing test_node script to /home/duckie5/turtlebot3_ws/install/tb3_lane_fusion/lib/tb3_lane_fusion
[1.644s] writing list of installed files to '/home/duckie5/turtlebot3_ws/build/tb3_lane_fusion/install.log'
[1.711s] Invoked command in '/home/duckie5/turtlebot3_ws/src/tb3_lane_fusion' returned '0': PYTHONPATH=/home/duckie5/turtlebot3_ws/build/tb3_lane_fusion/prefix_override:/usr/lib/python3/dist-packages/colcon_core/task/python/colcon_distutils_commands:/home/duckie5/turtlebot3_ws/install/tb3_lane_fusion/lib/python3.10/site-packages:${PYTHONPATH} /usr/bin/python3 -W ignore:setup.py install is deprecated -W ignore:easy_install command is deprecated setup.py egg_info --egg-base ../../build/tb3_lane_fusion build --build-base /home/duckie5/turtlebot3_ws/build/tb3_lane_fusion/build install --record /home/duckie5/turtlebot3_ws/build/tb3_lane_fusion/install.log --single-version-externally-managed install_data
