[0.020s] Invoking command in '/home/duckie5/turtlebot3_ws/build/turtlebot3_description': CMAKE_PREFIX_PATH=/opt/ros/humble /usr/bin/cmake /home/duckie5/turtlebot3_ws/src/turtlebot3/turtlebot3_description -DAMENT_CMAKE_SYMLINK_INSTALL=1 -DCMAKE_INSTALL_PREFIX=/home/duckie5/turtlebot3_ws/install/turtlebot3_description
[0.378s] -- The C compiler identification is GNU 11.4.0
[0.534s] -- The CXX compiler identification is GNU 11.4.0
[0.541s] -- Detecting C compiler ABI info
[0.675s] -- Detecting C compiler ABI info - done
[0.680s] -- Check for working C compiler: /usr/bin/cc - skipped
[0.681s] -- Detecting C compile features
[0.682s] -- Detecting C compile features - done
[0.684s] -- Detecting CXX compiler ABI info
[0.762s] -- Detecting CXX compiler ABI info - done
[0.770s] -- Check for working CXX compiler: /usr/bin/c++ - skipped
[0.770s] -- Detecting CXX compile features
[0.771s] -- Detecting CXX compile features - done
[0.797s] -- Found ament_cmake: 1.3.12 (/opt/ros/humble/share/ament_cmake/cmake)
[0.942s] -- Found Python3: /usr/bin/python3 (found version "3.10.12") found components: Interpreter 
[1.012s] -- Override CMake install command with custom implementation using symlinks instead of copying resources
[1.038s] -- Found urdf: 2.6.1 (/opt/ros/humble/share/urdf/cmake)
[1.158s] -- Configuring done
[1.162s] -- Generating done
[1.165s] -- Build files have been written to: /home/duckie5/turtlebot3_ws/build/turtlebot3_description
[1.175s] Invoked command in '/home/duckie5/turtlebot3_ws/build/turtlebot3_description' returned '0': CMAKE_PREFIX_PATH=/opt/ros/humble /usr/bin/cmake /home/duckie5/turtlebot3_ws/src/turtlebot3/turtlebot3_description -DAMENT_CMAKE_SYMLINK_INSTALL=1 -DCMAKE_INSTALL_PREFIX=/home/duckie5/turtlebot3_ws/install/turtlebot3_description
[1.176s] Invoking command in '/home/duckie5/turtlebot3_ws/build/turtlebot3_description': CMAKE_PREFIX_PATH=/opt/ros/humble /usr/bin/cmake --build /home/duckie5/turtlebot3_ws/build/turtlebot3_description -- -j12 -l12
[1.216s] Invoked command in '/home/duckie5/turtlebot3_ws/build/turtlebot3_description' returned '0': CMAKE_PREFIX_PATH=/opt/ros/humble /usr/bin/cmake --build /home/duckie5/turtlebot3_ws/build/turtlebot3_description -- -j12 -l12
[1.218s] Invoking command in '/home/duckie5/turtlebot3_ws/build/turtlebot3_description': CMAKE_PREFIX_PATH=/opt/ros/humble /usr/bin/cmake --install /home/duckie5/turtlebot3_ws/build/turtlebot3_description
[1.224s] -- Install configuration: ""
[1.224s] -- Execute custom install script
[1.225s] -- Symlinking: /home/duckie5/turtlebot3_ws/install/turtlebot3_description/share/turtlebot3_description/meshes/bases/burger_base.stl
[1.233s] -- Symlinking: /home/duckie5/turtlebot3_ws/install/turtlebot3_description/share/turtlebot3_description/meshes/bases/waffle_base.stl
[1.241s] -- Symlinking: /home/duckie5/turtlebot3_ws/install/turtlebot3_description/share/turtlebot3_description/meshes/bases/waffle_pi_base.stl
[1.250s] -- Symlinking: /home/duckie5/turtlebot3_ws/install/turtlebot3_description/share/turtlebot3_description/meshes/sensors/astra.dae
[1.264s] -- Symlinking: /home/duckie5/turtlebot3_ws/install/turtlebot3_description/share/turtlebot3_description/meshes/sensors/astra.jpg
[1.273s] -- Symlinking: /home/duckie5/turtlebot3_ws/install/turtlebot3_description/share/turtlebot3_description/meshes/sensors/lds.stl
[1.283s] -- Symlinking: /home/duckie5/turtlebot3_ws/install/turtlebot3_description/share/turtlebot3_description/meshes/sensors/r200.dae
[1.292s] -- Symlinking: /home/duckie5/turtlebot3_ws/install/turtlebot3_description/share/turtlebot3_description/meshes/sensors/r200.jpg
[1.307s] -- Symlinking: /home/duckie5/turtlebot3_ws/install/turtlebot3_description/share/turtlebot3_description/meshes/wheels/left_tire.stl
[1.316s] -- Symlinking: /home/duckie5/turtlebot3_ws/install/turtlebot3_description/share/turtlebot3_description/meshes/wheels/right_tire.stl
[1.325s] -- Symlinking: /home/duckie5/turtlebot3_ws/install/turtlebot3_description/share/turtlebot3_description/rviz/model.rviz
[1.336s] -- Symlinking: /home/duckie5/turtlebot3_ws/install/turtlebot3_description/share/turtlebot3_description/urdf/common_properties.urdf
[1.346s] -- Symlinking: /home/duckie5/turtlebot3_ws/install/turtlebot3_description/share/turtlebot3_description/urdf/turtlebot3_burger.urdf
[1.355s] -- Symlinking: /home/duckie5/turtlebot3_ws/install/turtlebot3_description/share/turtlebot3_description/urdf/turtlebot3_waffle.urdf
[1.371s] -- Symlinking: /home/duckie5/turtlebot3_ws/install/turtlebot3_description/share/turtlebot3_description/urdf/turtlebot3_waffle_pi.urdf
[1.381s] -- Symlinking: /home/duckie5/turtlebot3_ws/install/turtlebot3_description/share/ament_index/resource_index/package_run_dependencies/turtlebot3_description
[1.397s] -- Symlinking: /home/duckie5/turtlebot3_ws/install/turtlebot3_description/share/ament_index/resource_index/parent_prefix_path/turtlebot3_description
[1.413s] -- Symlinking: /home/duckie5/turtlebot3_ws/install/turtlebot3_description/share/turtlebot3_description/environment/ament_prefix_path.sh
[1.433s] -- Symlinking: /home/duckie5/turtlebot3_ws/install/turtlebot3_description/share/turtlebot3_description/environment/ament_prefix_path.dsv
[1.462s] -- Symlinking: /home/duckie5/turtlebot3_ws/install/turtlebot3_description/share/turtlebot3_description/environment/path.sh
[1.485s] -- Symlinking: /home/duckie5/turtlebot3_ws/install/turtlebot3_description/share/turtlebot3_description/environment/path.dsv
[1.502s] -- Symlinking: /home/duckie5/turtlebot3_ws/install/turtlebot3_description/share/turtlebot3_description/local_setup.bash
[1.522s] -- Symlinking: /home/duckie5/turtlebot3_ws/install/turtlebot3_description/share/turtlebot3_description/local_setup.sh
[1.545s] -- Symlinking: /home/duckie5/turtlebot3_ws/install/turtlebot3_description/share/turtlebot3_description/local_setup.zsh
[1.562s] -- Symlinking: /home/duckie5/turtlebot3_ws/install/turtlebot3_description/share/turtlebot3_description/local_setup.dsv
[1.580s] -- Symlinking: /home/duckie5/turtlebot3_ws/install/turtlebot3_description/share/turtlebot3_description/package.dsv
[1.597s] -- Symlinking: /home/duckie5/turtlebot3_ws/install/turtlebot3_description/share/ament_index/resource_index/packages/turtlebot3_description
[1.615s] -- Symlinking: /home/duckie5/turtlebot3_ws/install/turtlebot3_description/share/turtlebot3_description/cmake/turtlebot3_descriptionConfig.cmake
[1.633s] -- Symlinking: /home/duckie5/turtlebot3_ws/install/turtlebot3_description/share/turtlebot3_description/cmake/turtlebot3_descriptionConfig-version.cmake
[1.650s] -- Symlinking: /home/duckie5/turtlebot3_ws/install/turtlebot3_description/share/turtlebot3_description/package.xml
[1.671s] Invoked command in '/home/duckie5/turtlebot3_ws/build/turtlebot3_description' returned '0': CMAKE_PREFIX_PATH=/opt/ros/humble /usr/bin/cmake --install /home/duckie5/turtlebot3_ws/build/turtlebot3_description
