[0.009s] Invoking command in '/home/duckie5/turtlebot3_ws/build/turtlebot3_node': AMENT_PREFIX_PATH=/home/duckie5/turtlebot3_ws/install/turtlebot3_msgs:/home/duckie5/turtlebot3_ws/install/dynamixel_sdk:${AMENT_PREFIX_PATH} CMAKE_PREFIX_PATH=/home/duckie5/turtlebot3_ws/install/turtlebot3_msgs:/home/duckie5/turtlebot3_ws/install/dynamixel_sdk:/opt/ros/humble LD_LIBRARY_PATH=/home/duckie5/turtlebot3_ws/install/turtlebot3_msgs/lib:/home/duckie5/turtlebot3_ws/install/dynamixel_sdk/lib:${LD_LIBRARY_PATH} PYTHONPATH=/home/duckie5/turtlebot3_ws/install/turtlebot3_msgs/local/lib/python3.10/dist-packages:/home/duckie5/turtlebot3_ws/install/dynamixel_sdk/local/lib/python3.10/dist-packages:${PYTHONPATH} /usr/bin/cmake /home/duckie5/turtlebot3_ws/src/turtlebot3/turtlebot3_node -DAMENT_CMAKE_SYMLINK_INSTALL=1 -DCMAKE_INSTALL_PREFIX=/home/duckie5/turtlebot3_ws/install/turtlebot3_node
[0.054s] -- The C compiler identification is GNU 11.4.0
[0.101s] -- The CXX compiler identification is GNU 11.4.0
[0.107s] -- Detecting C compiler ABI info
[0.167s] -- Detecting C compiler ABI info - done
[0.172s] -- Check for working C compiler: /usr/bin/cc - skipped
[0.172s] -- Detecting C compile features
[0.173s] -- Detecting C compile features - done
[0.175s] -- Detecting CXX compiler ABI info
[0.244s] -- Detecting CXX compiler ABI info - done
[0.249s] -- Check for working CXX compiler: /usr/bin/c++ - skipped
[0.249s] -- Detecting CXX compile features
[0.249s] -- Detecting CXX compile features - done
[0.252s] -- Found ament_cmake: 1.3.12 (/opt/ros/humble/share/ament_cmake/cmake)
[0.374s] -- Found Python3: /usr/bin/python3 (found version "3.10.12") found components: Interpreter 
[0.425s] -- Override CMake install command with custom implementation using symlinks instead of copying resources
[0.451s] -- Found dynamixel_sdk: 3.8.4 (/home/duckie5/turtlebot3_ws/install/dynamixel_sdk/share/dynamixel_sdk/cmake)
[0.453s] -- Found geometry_msgs: 4.9.0 (/opt/ros/humble/share/geometry_msgs/cmake)
[0.485s] -- Found rosidl_generator_c: 3.1.7 (/opt/ros/humble/share/rosidl_generator_c/cmake)
[0.489s] -- Found rosidl_adapter: 3.1.7 (/opt/ros/humble/share/rosidl_adapter/cmake)
[0.496s] -- Found rosidl_generator_cpp: 3.1.7 (/opt/ros/humble/share/rosidl_generator_cpp/cmake)
[0.506s] -- Using all available rosidl_typesupport_c: rosidl_typesupport_fastrtps_c;rosidl_typesupport_introspection_c
[0.519s] -- Using all available rosidl_typesupport_cpp: rosidl_typesupport_fastrtps_cpp;rosidl_typesupport_introspection_cpp
[0.558s] -- Found message_filters: 4.3.11 (/opt/ros/humble/share/message_filters/cmake)
[0.592s] -- Found rmw_implementation_cmake: 6.1.2 (/opt/ros/humble/share/rmw_implementation_cmake/cmake)
[0.595s] -- Found rmw_fastrtps_cpp: 6.2.9 (/opt/ros/humble/share/rmw_fastrtps_cpp/cmake)
[0.671s] -- Found OpenSSL: /usr/lib/x86_64-linux-gnu/libcrypto.so (found version "3.0.2")  
[0.695s] -- Found FastRTPS: /opt/ros/humble/include  
[0.734s] -- Using RMW implementation 'rmw_fastrtps_cpp' as default
[0.742s] -- Looking for pthread.h
[0.806s] -- Looking for pthread.h - found
[0.806s] -- Performing Test CMAKE_HAVE_LIBC_PTHREAD
[0.870s] -- Performing Test CMAKE_HAVE_LIBC_PTHREAD - Success
[0.871s] -- Found Threads: TRUE  
[0.902s] -- Found nav_msgs: 4.9.0 (/opt/ros/humble/share/nav_msgs/cmake)
[0.919s] -- Found sensor_msgs: 4.9.0 (/opt/ros/humble/share/sensor_msgs/cmake)
[0.935s] -- Found std_srvs: 4.9.0 (/opt/ros/humble/share/std_srvs/cmake)
[0.947s] -- Found tf2: 0.25.16 (/opt/ros/humble/share/tf2/cmake)
[0.957s] -- Found tf2_ros: 0.25.16 (/opt/ros/humble/share/tf2_ros/cmake)
[1.032s] -- Found turtlebot3_msgs: 2.4.0 (/home/duckie5/turtlebot3_ws/install/turtlebot3_msgs/share/turtlebot3_msgs/cmake)
[1.096s] -- Configuring done
[1.111s] -- Generating done
[1.116s] -- Build files have been written to: /home/duckie5/turtlebot3_ws/build/turtlebot3_node
[1.126s] Invoked command in '/home/duckie5/turtlebot3_ws/build/turtlebot3_node' returned '0': AMENT_PREFIX_PATH=/home/duckie5/turtlebot3_ws/install/turtlebot3_msgs:/home/duckie5/turtlebot3_ws/install/dynamixel_sdk:${AMENT_PREFIX_PATH} CMAKE_PREFIX_PATH=/home/duckie5/turtlebot3_ws/install/turtlebot3_msgs:/home/duckie5/turtlebot3_ws/install/dynamixel_sdk:/opt/ros/humble LD_LIBRARY_PATH=/home/duckie5/turtlebot3_ws/install/turtlebot3_msgs/lib:/home/duckie5/turtlebot3_ws/install/dynamixel_sdk/lib:${LD_LIBRARY_PATH} PYTHONPATH=/home/duckie5/turtlebot3_ws/install/turtlebot3_msgs/local/lib/python3.10/dist-packages:/home/duckie5/turtlebot3_ws/install/dynamixel_sdk/local/lib/python3.10/dist-packages:${PYTHONPATH} /usr/bin/cmake /home/duckie5/turtlebot3_ws/src/turtlebot3/turtlebot3_node -DAMENT_CMAKE_SYMLINK_INSTALL=1 -DCMAKE_INSTALL_PREFIX=/home/duckie5/turtlebot3_ws/install/turtlebot3_node
[1.127s] Invoking command in '/home/duckie5/turtlebot3_ws/build/turtlebot3_node': AMENT_PREFIX_PATH=/home/duckie5/turtlebot3_ws/install/turtlebot3_msgs:/home/duckie5/turtlebot3_ws/install/dynamixel_sdk:${AMENT_PREFIX_PATH} CMAKE_PREFIX_PATH=/home/duckie5/turtlebot3_ws/install/turtlebot3_msgs:/home/duckie5/turtlebot3_ws/install/dynamixel_sdk:/opt/ros/humble LD_LIBRARY_PATH=/home/duckie5/turtlebot3_ws/install/turtlebot3_msgs/lib:/home/duckie5/turtlebot3_ws/install/dynamixel_sdk/lib:${LD_LIBRARY_PATH} PYTHONPATH=/home/duckie5/turtlebot3_ws/install/turtlebot3_msgs/local/lib/python3.10/dist-packages:/home/duckie5/turtlebot3_ws/install/dynamixel_sdk/local/lib/python3.10/dist-packages:${PYTHONPATH} /usr/bin/cmake --build /home/duckie5/turtlebot3_ws/build/turtlebot3_node -- -j12 -l12
[1.176s] [ 71%] [32mBuilding CXX object CMakeFiles/turtlebot3_node_lib.dir/src/dynamixel_sdk_wrapper.cpp.o[0m
[1.176s] [ 71%] [32mBuilding CXX object CMakeFiles/turtlebot3_node_lib.dir/src/devices/sound.cpp.o[0m
[1.176s] [ 71%] [32mBuilding CXX object CMakeFiles/turtlebot3_node_lib.dir/src/turtlebot3.cpp.o[0m
[1.176s] [ 71%] [32mBuilding CXX object CMakeFiles/turtlebot3_node_lib.dir/src/diff_drive_controller.cpp.o[0m
[1.176s] [ 71%] [32mBuilding CXX object CMakeFiles/turtlebot3_node_lib.dir/src/devices/motor_power.cpp.o[0m
[1.176s] [ 71%] [32mBuilding CXX object CMakeFiles/turtlebot3_node_lib.dir/src/sensors/joint_state.cpp.o[0m
[1.176s] [ 71%] [32mBuilding CXX object CMakeFiles/turtlebot3_node_lib.dir/src/odometry.cpp.o[0m
[1.176s] [ 71%] [32mBuilding CXX object CMakeFiles/turtlebot3_node_lib.dir/src/devices/reset.cpp.o[0m
[1.177s] [ 71%] [32mBuilding CXX object CMakeFiles/turtlebot3_node_lib.dir/src/sensors/imu.cpp.o[0m
[1.177s] [ 78%] [32mBuilding CXX object CMakeFiles/turtlebot3_node_lib.dir/src/sensors/battery_state.cpp.o[0m
[1.177s] [ 71%] [32mBuilding CXX object CMakeFiles/turtlebot3_node_lib.dir/src/sensors/sensor_state.cpp.o[0m
[15.856s] [ 85%] [32m[1mLinking CXX static library libturtlebot3_node_lib.a[0m
[16.408s] [ 85%] Built target turtlebot3_node_lib
[16.426s] [ 92%] [32mBuilding CXX object CMakeFiles/turtlebot3_ros.dir/src/node_main.cpp.o[0m
[19.058s] [100%] [32m[1mLinking CXX executable turtlebot3_ros[0m
[20.401s] [100%] Built target turtlebot3_ros
[20.412s] Invoked command in '/home/duckie5/turtlebot3_ws/build/turtlebot3_node' returned '0': AMENT_PREFIX_PATH=/home/duckie5/turtlebot3_ws/install/turtlebot3_msgs:/home/duckie5/turtlebot3_ws/install/dynamixel_sdk:${AMENT_PREFIX_PATH} CMAKE_PREFIX_PATH=/home/duckie5/turtlebot3_ws/install/turtlebot3_msgs:/home/duckie5/turtlebot3_ws/install/dynamixel_sdk:/opt/ros/humble LD_LIBRARY_PATH=/home/duckie5/turtlebot3_ws/install/turtlebot3_msgs/lib:/home/duckie5/turtlebot3_ws/install/dynamixel_sdk/lib:${LD_LIBRARY_PATH} PYTHONPATH=/home/duckie5/turtlebot3_ws/install/turtlebot3_msgs/local/lib/python3.10/dist-packages:/home/duckie5/turtlebot3_ws/install/dynamixel_sdk/local/lib/python3.10/dist-packages:${PYTHONPATH} /usr/bin/cmake --build /home/duckie5/turtlebot3_ws/build/turtlebot3_node -- -j12 -l12
[20.413s] Invoking command in '/home/duckie5/turtlebot3_ws/build/turtlebot3_node': AMENT_PREFIX_PATH=/home/duckie5/turtlebot3_ws/install/turtlebot3_msgs:/home/duckie5/turtlebot3_ws/install/dynamixel_sdk:${AMENT_PREFIX_PATH} CMAKE_PREFIX_PATH=/home/duckie5/turtlebot3_ws/install/turtlebot3_msgs:/home/duckie5/turtlebot3_ws/install/dynamixel_sdk:/opt/ros/humble LD_LIBRARY_PATH=/home/duckie5/turtlebot3_ws/install/turtlebot3_msgs/lib:/home/duckie5/turtlebot3_ws/install/dynamixel_sdk/lib:${LD_LIBRARY_PATH} PYTHONPATH=/home/duckie5/turtlebot3_ws/install/turtlebot3_msgs/local/lib/python3.10/dist-packages:/home/duckie5/turtlebot3_ws/install/dynamixel_sdk/local/lib/python3.10/dist-packages:${PYTHONPATH} /usr/bin/cmake --install /home/duckie5/turtlebot3_ws/build/turtlebot3_node
[20.419s] -- Install configuration: ""
[20.420s] -- Execute custom install script
[20.420s] -- Symlinking: /home/duckie5/turtlebot3_ws/install/turtlebot3_node/share/turtlebot3_node/param/burger.yaml
[20.427s] -- Symlinking: /home/duckie5/turtlebot3_ws/install/turtlebot3_node/share/turtlebot3_node/param/waffle.yaml
[20.434s] -- Symlinking: /home/duckie5/turtlebot3_ws/install/turtlebot3_node/share/turtlebot3_node/param/waffle_pi.yaml
[20.441s] -- Symlinking: /home/duckie5/turtlebot3_ws/install/turtlebot3_node/lib/turtlebot3_node/turtlebot3_ros
[20.448s] -- Symlinking: /home/duckie5/turtlebot3_ws/install/turtlebot3_node/share/ament_index/resource_index/package_run_dependencies/turtlebot3_node
[20.456s] -- Symlinking: /home/duckie5/turtlebot3_ws/install/turtlebot3_node/share/ament_index/resource_index/parent_prefix_path/turtlebot3_node
[20.463s] -- Symlinking: /home/duckie5/turtlebot3_ws/install/turtlebot3_node/share/turtlebot3_node/environment/ament_prefix_path.sh
[20.470s] -- Symlinking: /home/duckie5/turtlebot3_ws/install/turtlebot3_node/share/turtlebot3_node/environment/ament_prefix_path.dsv
[20.477s] -- Symlinking: /home/duckie5/turtlebot3_ws/install/turtlebot3_node/share/turtlebot3_node/environment/path.sh
[20.484s] -- Symlinking: /home/duckie5/turtlebot3_ws/install/turtlebot3_node/share/turtlebot3_node/environment/path.dsv
[20.491s] -- Symlinking: /home/duckie5/turtlebot3_ws/install/turtlebot3_node/share/turtlebot3_node/local_setup.bash
[20.498s] -- Symlinking: /home/duckie5/turtlebot3_ws/install/turtlebot3_node/share/turtlebot3_node/local_setup.sh
[20.505s] -- Symlinking: /home/duckie5/turtlebot3_ws/install/turtlebot3_node/share/turtlebot3_node/local_setup.zsh
[20.512s] -- Symlinking: /home/duckie5/turtlebot3_ws/install/turtlebot3_node/share/turtlebot3_node/local_setup.dsv
[20.520s] -- Symlinking: /home/duckie5/turtlebot3_ws/install/turtlebot3_node/share/turtlebot3_node/package.dsv
[20.528s] -- Symlinking: /home/duckie5/turtlebot3_ws/install/turtlebot3_node/share/ament_index/resource_index/packages/turtlebot3_node
[20.535s] -- Symlinking: /home/duckie5/turtlebot3_ws/install/turtlebot3_node/share/turtlebot3_node/cmake/ament_cmake_export_dependencies-extras.cmake
[20.542s] -- Symlinking: /home/duckie5/turtlebot3_ws/install/turtlebot3_node/share/turtlebot3_node/cmake/ament_cmake_export_include_directories-extras.cmake
[20.549s] -- Symlinking: /home/duckie5/turtlebot3_ws/install/turtlebot3_node/share/turtlebot3_node/cmake/turtlebot3_nodeConfig.cmake
[20.556s] -- Symlinking: /home/duckie5/turtlebot3_ws/install/turtlebot3_node/share/turtlebot3_node/cmake/turtlebot3_nodeConfig-version.cmake
[20.563s] -- Symlinking: /home/duckie5/turtlebot3_ws/install/turtlebot3_node/share/turtlebot3_node/package.xml
[20.573s] Invoked command in '/home/duckie5/turtlebot3_ws/build/turtlebot3_node' returned '0': AMENT_PREFIX_PATH=/home/duckie5/turtlebot3_ws/install/turtlebot3_msgs:/home/duckie5/turtlebot3_ws/install/dynamixel_sdk:${AMENT_PREFIX_PATH} CMAKE_PREFIX_PATH=/home/duckie5/turtlebot3_ws/install/turtlebot3_msgs:/home/duckie5/turtlebot3_ws/install/dynamixel_sdk:/opt/ros/humble LD_LIBRARY_PATH=/home/duckie5/turtlebot3_ws/install/turtlebot3_msgs/lib:/home/duckie5/turtlebot3_ws/install/dynamixel_sdk/lib:${LD_LIBRARY_PATH} PYTHONPATH=/home/duckie5/turtlebot3_ws/install/turtlebot3_msgs/local/lib/python3.10/dist-packages:/home/duckie5/turtlebot3_ws/install/dynamixel_sdk/local/lib/python3.10/dist-packages:${PYTHONPATH} /usr/bin/cmake --install /home/duckie5/turtlebot3_ws/build/turtlebot3_node
