[0.022s] Invoking command in '/home/duckie5/turtlebot3_ws/build/dynamixel_sdk_examples': CMAKE_PREFIX_PATH=/home/duckie5/turtlebot3_ws/install/dynamixel_sdk_custom_interfaces:/home/duckie5/turtlebot3_ws/install/dynamixel_sdk:/home/duckie5/turtlebot3_ws/install/turtlebot3:/home/duckie5/turtlebot3_ws/install/turtlebot3_bringup:/home/duckie5/turtlebot3_ws/install/turtlebot3_node:/home/duckie5/turtlebot3_ws/install/turtlebot3_navigation2:/home/duckie5/turtlebot3_ws/install/turtlebot3_msgs:/home/duckie5/turtlebot3_ws/install/turtlebot3_description:/home/duckie5/turtlebot3_ws/install/turtlebot3_cartographer:/home/duckie5/turtlebot3_ws/install/dynamixel_sdk_examples:/home/duckie5/turtlebot3_ws/install/turtlebot3_teleop:/home/duckie5/turtlebot3_ws/install/turtlebot3_example:/opt/ros/humble LD_LIBRARY_PATH=/home/duckie5/turtlebot3_ws/install/dynamixel_sdk_custom_interfaces/lib:/home/duckie5/turtlebot3_ws/install/dynamixel_sdk/lib:/home/duckie5/turtlebot3_ws/install/turtlebot3_msgs/lib:/usr/lib/x86_64-linux-gnu/gazebo-11/plugins:/opt/ros/humble/opt/rviz_ogre_vendor/lib:/opt/ros/humble/lib/x86_64-linux-gnu:/opt/ros/humble/lib:/usr/lib/x86_64-linux-gnu/gazebo-11/plugins:/usr/lib/x86_64-linux-gnu/gazebo-11/plugins:/usr/lib/x86_64-linux-gnu/gazebo-11/plugins /usr/bin/cmake /home/duckie5/turtlebot3_ws/src/DynamixelSDK/ros/dynamixel_sdk_examples -DCMAKE_INSTALL_PREFIX=/home/duckie5/turtlebot3_ws/install/dynamixel_sdk_examples
[0.039s] -- Found ament_cmake: 1.3.12 (/opt/ros/humble/share/ament_cmake/cmake)
[0.199s] -- Override CMake install command with custom implementation using symlinks instead of copying resources
[0.206s] -- Found dynamixel_sdk: 3.8.4 (/home/duckie5/turtlebot3_ws/install/dynamixel_sdk/share/dynamixel_sdk/cmake)
[0.208s] -- Found dynamixel_sdk_custom_interfaces: 3.8.4 (/home/duckie5/turtlebot3_ws/install/dynamixel_sdk_custom_interfaces/share/dynamixel_sdk_custom_interfaces/cmake)
[0.240s] -- Found rosidl_generator_c: 3.1.7 (/opt/ros/humble/share/rosidl_generator_c/cmake)
[0.243s] -- Found rosidl_adapter: 3.1.7 (/opt/ros/humble/share/rosidl_adapter/cmake)
[0.253s] -- Found rosidl_generator_cpp: 3.1.7 (/opt/ros/humble/share/rosidl_generator_cpp/cmake)
[0.264s] -- Using all available rosidl_typesupport_c: rosidl_typesupport_fastrtps_c;rosidl_typesupport_introspection_c
[0.276s] -- Using all available rosidl_typesupport_cpp: rosidl_typesupport_fastrtps_cpp;rosidl_typesupport_introspection_cpp
[0.303s] -- Found rclcpp: 16.0.15 (/opt/ros/humble/share/rclcpp/cmake)
[0.348s] -- Found rmw_implementation_cmake: 6.1.2 (/opt/ros/humble/share/rmw_implementation_cmake/cmake)
[0.351s] -- Found rmw_fastrtps_cpp: 6.2.9 (/opt/ros/humble/share/rmw_fastrtps_cpp/cmake)
[0.500s] -- Using RMW implementation 'rmw_fastrtps_cpp' as default
[0.563s] -- Found rclpy: 3.3.17 (/opt/ros/humble/share/rclpy/cmake)
[0.564s] -- Found ament_lint_auto: 0.12.14 (/opt/ros/humble/share/ament_lint_auto/cmake)
[0.654s] -- Added test 'copyright' to check source files copyright and LICENSE
[0.656s] -- Added test 'cppcheck' to perform static code analysis on C / C++ code
[0.656s] -- Configured cppcheck include dirs: /home/duckie5/turtlebot3_ws/src/DynamixelSDK/ros/dynamixel_sdk_examples/include
[0.656s] -- Configured cppcheck exclude dirs and/or files: 
[0.657s] -- Added test 'cpplint' to check C / C++ code against the Google style
[0.657s] -- Configured cpplint exclude dirs and/or files: 
[0.658s] -- Added test 'flake8' to check Python code syntax and style conventions
[0.658s] -- Added test 'lint_cmake' to check CMake code style
[0.659s] -- Added test 'pep257' to check Python code against some of the docstring style conventions in PEP 257
[0.660s] -- Added test 'uncrustify' to check C / C++ code style
[0.660s] -- Configured uncrustify additional arguments: 
[0.660s] -- Added test 'xmllint' to check XML markup files
[0.662s] -- Configuring done
[0.678s] -- Generating done
[0.681s] -- Build files have been written to: /home/duckie5/turtlebot3_ws/build/dynamixel_sdk_examples
[0.830s] Invoked command in '/home/duckie5/turtlebot3_ws/build/dynamixel_sdk_examples' returned '0': CMAKE_PREFIX_PATH=/home/duckie5/turtlebot3_ws/install/dynamixel_sdk_custom_interfaces:/home/duckie5/turtlebot3_ws/install/dynamixel_sdk:/home/duckie5/turtlebot3_ws/install/turtlebot3:/home/duckie5/turtlebot3_ws/install/turtlebot3_bringup:/home/duckie5/turtlebot3_ws/install/turtlebot3_node:/home/duckie5/turtlebot3_ws/install/turtlebot3_navigation2:/home/duckie5/turtlebot3_ws/install/turtlebot3_msgs:/home/duckie5/turtlebot3_ws/install/turtlebot3_description:/home/duckie5/turtlebot3_ws/install/turtlebot3_cartographer:/home/duckie5/turtlebot3_ws/install/dynamixel_sdk_examples:/home/duckie5/turtlebot3_ws/install/turtlebot3_teleop:/home/duckie5/turtlebot3_ws/install/turtlebot3_example:/opt/ros/humble LD_LIBRARY_PATH=/home/duckie5/turtlebot3_ws/install/dynamixel_sdk_custom_interfaces/lib:/home/duckie5/turtlebot3_ws/install/dynamixel_sdk/lib:/home/duckie5/turtlebot3_ws/install/turtlebot3_msgs/lib:/usr/lib/x86_64-linux-gnu/gazebo-11/plugins:/opt/ros/humble/opt/rviz_ogre_vendor/lib:/opt/ros/humble/lib/x86_64-linux-gnu:/opt/ros/humble/lib:/usr/lib/x86_64-linux-gnu/gazebo-11/plugins:/usr/lib/x86_64-linux-gnu/gazebo-11/plugins:/usr/lib/x86_64-linux-gnu/gazebo-11/plugins /usr/bin/cmake /home/duckie5/turtlebot3_ws/src/DynamixelSDK/ros/dynamixel_sdk_examples -DCMAKE_INSTALL_PREFIX=/home/duckie5/turtlebot3_ws/install/dynamixel_sdk_examples
[0.833s] Invoking command in '/home/duckie5/turtlebot3_ws/build/dynamixel_sdk_examples': CMAKE_PREFIX_PATH=/home/duckie5/turtlebot3_ws/install/dynamixel_sdk_custom_interfaces:/home/duckie5/turtlebot3_ws/install/dynamixel_sdk:/home/duckie5/turtlebot3_ws/install/turtlebot3:/home/duckie5/turtlebot3_ws/install/turtlebot3_bringup:/home/duckie5/turtlebot3_ws/install/turtlebot3_node:/home/duckie5/turtlebot3_ws/install/turtlebot3_navigation2:/home/duckie5/turtlebot3_ws/install/turtlebot3_msgs:/home/duckie5/turtlebot3_ws/install/turtlebot3_description:/home/duckie5/turtlebot3_ws/install/turtlebot3_cartographer:/home/duckie5/turtlebot3_ws/install/dynamixel_sdk_examples:/home/duckie5/turtlebot3_ws/install/turtlebot3_teleop:/home/duckie5/turtlebot3_ws/install/turtlebot3_example:/opt/ros/humble LD_LIBRARY_PATH=/home/duckie5/turtlebot3_ws/install/dynamixel_sdk_custom_interfaces/lib:/home/duckie5/turtlebot3_ws/install/dynamixel_sdk/lib:/home/duckie5/turtlebot3_ws/install/turtlebot3_msgs/lib:/usr/lib/x86_64-linux-gnu/gazebo-11/plugins:/opt/ros/humble/opt/rviz_ogre_vendor/lib:/opt/ros/humble/lib/x86_64-linux-gnu:/opt/ros/humble/lib:/usr/lib/x86_64-linux-gnu/gazebo-11/plugins:/usr/lib/x86_64-linux-gnu/gazebo-11/plugins:/usr/lib/x86_64-linux-gnu/gazebo-11/plugins /usr/bin/cmake --build /home/duckie5/turtlebot3_ws/build/dynamixel_sdk_examples -- -j12 -l12
[0.882s] [35m[1mConsolidate compiler generated dependencies of target read_write_node[0m
[0.917s] [100%] Built target read_write_node
[0.933s] Invoked command in '/home/duckie5/turtlebot3_ws/build/dynamixel_sdk_examples' returned '0': CMAKE_PREFIX_PATH=/home/duckie5/turtlebot3_ws/install/dynamixel_sdk_custom_interfaces:/home/duckie5/turtlebot3_ws/install/dynamixel_sdk:/home/duckie5/turtlebot3_ws/install/turtlebot3:/home/duckie5/turtlebot3_ws/install/turtlebot3_bringup:/home/duckie5/turtlebot3_ws/install/turtlebot3_node:/home/duckie5/turtlebot3_ws/install/turtlebot3_navigation2:/home/duckie5/turtlebot3_ws/install/turtlebot3_msgs:/home/duckie5/turtlebot3_ws/install/turtlebot3_description:/home/duckie5/turtlebot3_ws/install/turtlebot3_cartographer:/home/duckie5/turtlebot3_ws/install/dynamixel_sdk_examples:/home/duckie5/turtlebot3_ws/install/turtlebot3_teleop:/home/duckie5/turtlebot3_ws/install/turtlebot3_example:/opt/ros/humble LD_LIBRARY_PATH=/home/duckie5/turtlebot3_ws/install/dynamixel_sdk_custom_interfaces/lib:/home/duckie5/turtlebot3_ws/install/dynamixel_sdk/lib:/home/duckie5/turtlebot3_ws/install/turtlebot3_msgs/lib:/usr/lib/x86_64-linux-gnu/gazebo-11/plugins:/opt/ros/humble/opt/rviz_ogre_vendor/lib:/opt/ros/humble/lib/x86_64-linux-gnu:/opt/ros/humble/lib:/usr/lib/x86_64-linux-gnu/gazebo-11/plugins:/usr/lib/x86_64-linux-gnu/gazebo-11/plugins:/usr/lib/x86_64-linux-gnu/gazebo-11/plugins /usr/bin/cmake --build /home/duckie5/turtlebot3_ws/build/dynamixel_sdk_examples -- -j12 -l12
[0.935s] Invoking command in '/home/duckie5/turtlebot3_ws/build/dynamixel_sdk_examples': CMAKE_PREFIX_PATH=/home/duckie5/turtlebot3_ws/install/dynamixel_sdk_custom_interfaces:/home/duckie5/turtlebot3_ws/install/dynamixel_sdk:/home/duckie5/turtlebot3_ws/install/turtlebot3:/home/duckie5/turtlebot3_ws/install/turtlebot3_bringup:/home/duckie5/turtlebot3_ws/install/turtlebot3_node:/home/duckie5/turtlebot3_ws/install/turtlebot3_navigation2:/home/duckie5/turtlebot3_ws/install/turtlebot3_msgs:/home/duckie5/turtlebot3_ws/install/turtlebot3_description:/home/duckie5/turtlebot3_ws/install/turtlebot3_cartographer:/home/duckie5/turtlebot3_ws/install/dynamixel_sdk_examples:/home/duckie5/turtlebot3_ws/install/turtlebot3_teleop:/home/duckie5/turtlebot3_ws/install/turtlebot3_example:/opt/ros/humble LD_LIBRARY_PATH=/home/duckie5/turtlebot3_ws/install/dynamixel_sdk_custom_interfaces/lib:/home/duckie5/turtlebot3_ws/install/dynamixel_sdk/lib:/home/duckie5/turtlebot3_ws/install/turtlebot3_msgs/lib:/usr/lib/x86_64-linux-gnu/gazebo-11/plugins:/opt/ros/humble/opt/rviz_ogre_vendor/lib:/opt/ros/humble/lib/x86_64-linux-gnu:/opt/ros/humble/lib:/usr/lib/x86_64-linux-gnu/gazebo-11/plugins:/usr/lib/x86_64-linux-gnu/gazebo-11/plugins:/usr/lib/x86_64-linux-gnu/gazebo-11/plugins /usr/bin/cmake --install /home/duckie5/turtlebot3_ws/build/dynamixel_sdk_examples
[0.944s] -- Install configuration: ""
[0.944s] -- Execute custom install script
[0.945s] -- Up-to-date symlink: /home/duckie5/turtlebot3_ws/install/dynamixel_sdk_examples/lib/dynamixel_sdk_examples/read_write_node
[0.945s] -- Up-to-date symlink: /home/duckie5/turtlebot3_ws/install/dynamixel_sdk_examples/lib/dynamixel_sdk_examples/read_write_node.py
[0.945s] -- Up-to-date symlink: /home/duckie5/turtlebot3_ws/install/dynamixel_sdk_examples/share/ament_index/resource_index/package_run_dependencies/dynamixel_sdk_examples
[0.945s] -- Up-to-date symlink: /home/duckie5/turtlebot3_ws/install/dynamixel_sdk_examples/share/ament_index/resource_index/parent_prefix_path/dynamixel_sdk_examples
[0.945s] -- Up-to-date symlink: /home/duckie5/turtlebot3_ws/install/dynamixel_sdk_examples/share/dynamixel_sdk_examples/environment/ament_prefix_path.sh
[0.946s] -- Up-to-date symlink: /home/duckie5/turtlebot3_ws/install/dynamixel_sdk_examples/share/dynamixel_sdk_examples/environment/ament_prefix_path.dsv
[0.946s] -- Up-to-date symlink: /home/duckie5/turtlebot3_ws/install/dynamixel_sdk_examples/share/dynamixel_sdk_examples/environment/path.sh
[0.946s] -- Up-to-date symlink: /home/duckie5/turtlebot3_ws/install/dynamixel_sdk_examples/share/dynamixel_sdk_examples/environment/path.dsv
[0.946s] -- Up-to-date symlink: /home/duckie5/turtlebot3_ws/install/dynamixel_sdk_examples/share/dynamixel_sdk_examples/local_setup.bash
[0.946s] -- Up-to-date symlink: /home/duckie5/turtlebot3_ws/install/dynamixel_sdk_examples/share/dynamixel_sdk_examples/local_setup.sh
[0.946s] -- Up-to-date symlink: /home/duckie5/turtlebot3_ws/install/dynamixel_sdk_examples/share/dynamixel_sdk_examples/local_setup.zsh
[0.947s] -- Up-to-date symlink: /home/duckie5/turtlebot3_ws/install/dynamixel_sdk_examples/share/dynamixel_sdk_examples/local_setup.dsv
[0.947s] -- Symlinking: /home/duckie5/turtlebot3_ws/install/dynamixel_sdk_examples/share/dynamixel_sdk_examples/package.dsv
[0.958s] -- Up-to-date symlink: /home/duckie5/turtlebot3_ws/install/dynamixel_sdk_examples/share/ament_index/resource_index/packages/dynamixel_sdk_examples
[0.958s] -- Up-to-date symlink: /home/duckie5/turtlebot3_ws/install/dynamixel_sdk_examples/share/dynamixel_sdk_examples/cmake/dynamixel_sdk_examplesConfig.cmake
[0.958s] -- Up-to-date symlink: /home/duckie5/turtlebot3_ws/install/dynamixel_sdk_examples/share/dynamixel_sdk_examples/cmake/dynamixel_sdk_examplesConfig-version.cmake
[0.958s] -- Up-to-date symlink: /home/duckie5/turtlebot3_ws/install/dynamixel_sdk_examples/share/dynamixel_sdk_examples/package.xml
[0.961s] Invoked command in '/home/duckie5/turtlebot3_ws/build/dynamixel_sdk_examples' returned '0': CMAKE_PREFIX_PATH=/home/duckie5/turtlebot3_ws/install/dynamixel_sdk_custom_interfaces:/home/duckie5/turtlebot3_ws/install/dynamixel_sdk:/home/duckie5/turtlebot3_ws/install/turtlebot3:/home/duckie5/turtlebot3_ws/install/turtlebot3_bringup:/home/duckie5/turtlebot3_ws/install/turtlebot3_node:/home/duckie5/turtlebot3_ws/install/turtlebot3_navigation2:/home/duckie5/turtlebot3_ws/install/turtlebot3_msgs:/home/duckie5/turtlebot3_ws/install/turtlebot3_description:/home/duckie5/turtlebot3_ws/install/turtlebot3_cartographer:/home/duckie5/turtlebot3_ws/install/dynamixel_sdk_examples:/home/duckie5/turtlebot3_ws/install/turtlebot3_teleop:/home/duckie5/turtlebot3_ws/install/turtlebot3_example:/opt/ros/humble LD_LIBRARY_PATH=/home/duckie5/turtlebot3_ws/install/dynamixel_sdk_custom_interfaces/lib:/home/duckie5/turtlebot3_ws/install/dynamixel_sdk/lib:/home/duckie5/turtlebot3_ws/install/turtlebot3_msgs/lib:/usr/lib/x86_64-linux-gnu/gazebo-11/plugins:/opt/ros/humble/opt/rviz_ogre_vendor/lib:/opt/ros/humble/lib/x86_64-linux-gnu:/opt/ros/humble/lib:/usr/lib/x86_64-linux-gnu/gazebo-11/plugins:/usr/lib/x86_64-linux-gnu/gazebo-11/plugins:/usr/lib/x86_64-linux-gnu/gazebo-11/plugins /usr/bin/cmake --install /home/duckie5/turtlebot3_ws/build/dynamixel_sdk_examples
