[0.597s] Invoking command in '/home/duckie5/turtlebot3_ws/build/turtlebot3_teleop': PYTHONPATH=/home/duckie5/turtlebot3_ws/build/turtlebot3_teleop/prefix_override:/usr/lib/python3/dist-packages/colcon_core/task/python/colcon_distutils_commands:/home/duckie5/turtlebot3_ws/install/turtlebot3_teleop/lib/python3.10/site-packages:${PYTHONPATH} /usr/bin/python3 -W ignore:setup.py install is deprecated -W ignore:easy_install command is deprecated setup.py develop --editable --build-directory /home/duckie5/turtlebot3_ws/build/turtlebot3_teleop/build --no-deps symlink_data
[0.863s] running develop
[1.075s] running egg_info
[1.076s] creating turtlebot3_teleop.egg-info
[1.076s] writing turtlebot3_teleop.egg-info/PKG-INFO
[1.076s] writing dependency_links to turtlebot3_teleop.egg-info/dependency_links.txt
[1.076s] writing entry points to turtlebot3_teleop.egg-info/entry_points.txt
[1.076s] writing requirements to turtlebot3_teleop.egg-info/requires.txt
[1.076s] writing top-level names to turtlebot3_teleop.egg-info/top_level.txt
[1.076s] writing manifest file 'turtlebot3_teleop.egg-info/SOURCES.txt'
[1.078s] reading manifest file 'turtlebot3_teleop.egg-info/SOURCES.txt'
[1.079s] writing manifest file 'turtlebot3_teleop.egg-info/SOURCES.txt'
[1.080s] running build_ext
[1.080s] Creating /home/duckie5/turtlebot3_ws/install/turtlebot3_teleop/lib/python3.10/site-packages/turtlebot3-teleop.egg-link (link to .)
[1.081s] Installing teleop_keyboard script to /home/duckie5/turtlebot3_ws/install/turtlebot3_teleop/lib/turtlebot3_teleop
[1.081s] 
[1.081s] Installed /home/duckie5/turtlebot3_ws/build/turtlebot3_teleop
[1.081s] running symlink_data
[1.081s] creating /home/duckie5/turtlebot3_ws/install/turtlebot3_teleop/share/ament_index
[1.081s] creating /home/duckie5/turtlebot3_ws/install/turtlebot3_teleop/share/ament_index/resource_index
[1.081s] creating /home/duckie5/turtlebot3_ws/install/turtlebot3_teleop/share/ament_index/resource_index/packages
[1.081s] symbolically linking /home/duckie5/turtlebot3_ws/build/turtlebot3_teleop/resource/turtlebot3_teleop -> /home/duckie5/turtlebot3_ws/install/turtlebot3_teleop/share/ament_index/resource_index/packages
[1.082s] symbolically linking /home/duckie5/turtlebot3_ws/build/turtlebot3_teleop/package.xml -> /home/duckie5/turtlebot3_ws/install/turtlebot3_teleop/share/turtlebot3_teleop
[1.147s] Invoked command in '/home/duckie5/turtlebot3_ws/build/turtlebot3_teleop' returned '0': PYTHONPATH=/home/duckie5/turtlebot3_ws/build/turtlebot3_teleop/prefix_override:/usr/lib/python3/dist-packages/colcon_core/task/python/colcon_distutils_commands:/home/duckie5/turtlebot3_ws/install/turtlebot3_teleop/lib/python3.10/site-packages:${PYTHONPATH} /usr/bin/python3 -W ignore:setup.py install is deprecated -W ignore:easy_install command is deprecated setup.py develop --editable --build-directory /home/duckie5/turtlebot3_ws/build/turtlebot3_teleop/build --no-deps symlink_data
