[0.863s] Invoking command in '/home/duckie5/turtlebot3_ws/src/turtlebot3/turtlebot3_example': CMAKE_PREFIX_PATH=/home/duckie5/turtlebot3_ws/install/turtlebot3_msgs:/home/duckie5/turtlebot3_ws/install/turtlebot3:/home/duckie5/turtlebot3_ws/install/turtlebot3_bringup:/home/duckie5/turtlebot3_ws/install/turtlebot3_node:/home/duckie5/turtlebot3_ws/install/turtlebot3_navigation2:/home/duckie5/turtlebot3_ws/install/turtlebot3_description:/home/duckie5/turtlebot3_ws/install/turtlebot3_cartographer:/home/duckie5/turtlebot3_ws/install/dynamixel_sdk_examples:/home/duckie5/turtlebot3_ws/install/dynamixel_sdk_custom_interfaces:/home/duckie5/turtlebot3_ws/install/dynamixel_sdk LD_LIBRARY_PATH=/home/duckie5/turtlebot3_ws/install/turtlebot3_msgs/lib:/home/duckie5/turtlebot3_ws/install/dynamixel_sdk_custom_interfaces/lib:/home/duckie5/turtlebot3_ws/install/dynamixel_sdk/lib:/usr/lib/x86_64-linux-gnu/gazebo-11/plugins:/opt/ros/humble/opt/rviz_ogre_vendor/lib:/opt/ros/humble/lib/x86_64-linux-gnu:/opt/ros/humble/lib:/usr/lib/x86_64-linux-gnu/gazebo-11/plugins:/usr/lib/x86_64-linux-gnu/gazebo-11/plugins:/usr/lib/x86_64-linux-gnu/gazebo-11/plugins PYTHONPATH=/home/duckie5/turtlebot3_ws/build/turtlebot3_example/prefix_override:/usr/lib/python3/dist-packages/colcon_core/task/python/colcon_distutils_commands:/home/duckie5/turtlebot3_ws/install/turtlebot3_example/lib/python3.10/site-packages:${PYTHONPATH} /usr/bin/python3 -W ignore:setup.py install is deprecated -W ignore:easy_install command is deprecated setup.py egg_info --egg-base ../../../build/turtlebot3_example build --build-base /home/duckie5/turtlebot3_ws/build/turtlebot3_example/build install --record /home/duckie5/turtlebot3_ws/build/turtlebot3_example/install.log --single-version-externally-managed install_data
[1.088s] running egg_info
[1.089s] writing ../../../build/turtlebot3_example/turtlebot3_example.egg-info/PKG-INFO
[1.089s] writing dependency_links to ../../../build/turtlebot3_example/turtlebot3_example.egg-info/dependency_links.txt
[1.089s] writing entry points to ../../../build/turtlebot3_example/turtlebot3_example.egg-info/entry_points.txt
[1.089s] writing requirements to ../../../build/turtlebot3_example/turtlebot3_example.egg-info/requires.txt
[1.089s] writing top-level names to ../../../build/turtlebot3_example/turtlebot3_example.egg-info/top_level.txt
[1.091s] reading manifest file '../../../build/turtlebot3_example/turtlebot3_example.egg-info/SOURCES.txt'
[1.092s] writing manifest file '../../../build/turtlebot3_example/turtlebot3_example.egg-info/SOURCES.txt'
[1.092s] running build
[1.092s] running build_py
[1.093s] running install
[1.093s] running install_lib
[1.095s] running install_data
[1.095s] running install_egg_info
[1.096s] removing '/home/duckie5/turtlebot3_ws/install/turtlebot3_example/lib/python3.10/site-packages/turtlebot3_example-2.3.3-py3.10.egg-info' (and everything under it)
[1.097s] Copying ../../../build/turtlebot3_example/turtlebot3_example.egg-info to /home/duckie5/turtlebot3_ws/install/turtlebot3_example/lib/python3.10/site-packages/turtlebot3_example-2.3.3-py3.10.egg-info
[1.097s] running install_scripts
[1.114s] Installing turtlebot3_absolute_move script to /home/duckie5/turtlebot3_ws/install/turtlebot3_example/lib/turtlebot3_example
[1.114s] Installing turtlebot3_interactive_marker script to /home/duckie5/turtlebot3_ws/install/turtlebot3_example/lib/turtlebot3_example
[1.114s] Installing turtlebot3_obstacle_detection script to /home/duckie5/turtlebot3_ws/install/turtlebot3_example/lib/turtlebot3_example
[1.115s] Installing turtlebot3_patrol_client script to /home/duckie5/turtlebot3_ws/install/turtlebot3_example/lib/turtlebot3_example
[1.115s] Installing turtlebot3_patrol_server script to /home/duckie5/turtlebot3_ws/install/turtlebot3_example/lib/turtlebot3_example
[1.115s] Installing turtlebot3_relative_move script to /home/duckie5/turtlebot3_ws/install/turtlebot3_example/lib/turtlebot3_example
[1.115s] writing list of installed files to '/home/duckie5/turtlebot3_ws/build/turtlebot3_example/install.log'
[1.141s] Invoked command in '/home/duckie5/turtlebot3_ws/src/turtlebot3/turtlebot3_example' returned '0': CMAKE_PREFIX_PATH=/home/duckie5/turtlebot3_ws/install/turtlebot3_msgs:/home/duckie5/turtlebot3_ws/install/turtlebot3:/home/duckie5/turtlebot3_ws/install/turtlebot3_bringup:/home/duckie5/turtlebot3_ws/install/turtlebot3_node:/home/duckie5/turtlebot3_ws/install/turtlebot3_navigation2:/home/duckie5/turtlebot3_ws/install/turtlebot3_description:/home/duckie5/turtlebot3_ws/install/turtlebot3_cartographer:/home/duckie5/turtlebot3_ws/install/dynamixel_sdk_examples:/home/duckie5/turtlebot3_ws/install/dynamixel_sdk_custom_interfaces:/home/duckie5/turtlebot3_ws/install/dynamixel_sdk LD_LIBRARY_PATH=/home/duckie5/turtlebot3_ws/install/turtlebot3_msgs/lib:/home/duckie5/turtlebot3_ws/install/dynamixel_sdk_custom_interfaces/lib:/home/duckie5/turtlebot3_ws/install/dynamixel_sdk/lib:/usr/lib/x86_64-linux-gnu/gazebo-11/plugins:/opt/ros/humble/opt/rviz_ogre_vendor/lib:/opt/ros/humble/lib/x86_64-linux-gnu:/opt/ros/humble/lib:/usr/lib/x86_64-linux-gnu/gazebo-11/plugins:/usr/lib/x86_64-linux-gnu/gazebo-11/plugins:/usr/lib/x86_64-linux-gnu/gazebo-11/plugins PYTHONPATH=/home/duckie5/turtlebot3_ws/build/turtlebot3_example/prefix_override:/usr/lib/python3/dist-packages/colcon_core/task/python/colcon_distutils_commands:/home/duckie5/turtlebot3_ws/install/turtlebot3_example/lib/python3.10/site-packages:${PYTHONPATH} /usr/bin/python3 -W ignore:setup.py install is deprecated -W ignore:easy_install command is deprecated setup.py egg_info --egg-base ../../../build/turtlebot3_example build --build-base /home/duckie5/turtlebot3_ws/build/turtlebot3_example/build install --record /home/duckie5/turtlebot3_ws/build/turtlebot3_example/install.log --single-version-externally-managed install_data
