[1.109s] Invoking command in '/home/duckie5/turtlebot3_ws/src/tb3_lane_fusion': PYTHONPATH=/home/duckie5/turtlebot3_ws/build/tb3_lane_fusion/prefix_override:/usr/lib/python3/dist-packages/colcon_core/task/python/colcon_distutils_commands:/home/duckie5/turtlebot3_ws/install/tb3_lane_fusion/lib/python3.10/site-packages:${PYTHONPATH} /usr/bin/python3 -W ignore:setup.py install is deprecated -W ignore:easy_install command is deprecated setup.py egg_info --egg-base ../../build/tb3_lane_fusion build --build-base /home/duckie5/turtlebot3_ws/build/tb3_lane_fusion/build install --record /home/duckie5/turtlebot3_ws/build/tb3_lane_fusion/install.log --single-version-externally-managed install_data
[1.442s] running egg_info
[1.443s] writing ../../build/tb3_lane_fusion/tb3_lane_fusion.egg-info/PKG-INFO
[1.444s] writing dependency_links to ../../build/tb3_lane_fusion/tb3_lane_fusion.egg-info/dependency_links.txt
[1.444s] writing entry points to ../../build/tb3_lane_fusion/tb3_lane_fusion.egg-info/entry_points.txt
[1.444s] writing requirements to ../../build/tb3_lane_fusion/tb3_lane_fusion.egg-info/requires.txt
[1.444s] writing top-level names to ../../build/tb3_lane_fusion/tb3_lane_fusion.egg-info/top_level.txt
[1.447s] reading manifest file '../../build/tb3_lane_fusion/tb3_lane_fusion.egg-info/SOURCES.txt'
[1.448s] writing manifest file '../../build/tb3_lane_fusion/tb3_lane_fusion.egg-info/SOURCES.txt'
[1.448s] running build
[1.448s] running build_py
[1.448s] copying tb3_lane_fusion/lane_bev_node.py -> /home/duckie5/turtlebot3_ws/build/tb3_lane_fusion/build/lib/tb3_lane_fusion
[1.448s] running install
[1.449s] running install_lib
[1.450s] copying /home/duckie5/turtlebot3_ws/build/tb3_lane_fusion/build/lib/tb3_lane_fusion/lane_bev_node.py -> /home/duckie5/turtlebot3_ws/install/tb3_lane_fusion/lib/python3.10/site-packages/tb3_lane_fusion
[1.450s] byte-compiling /home/duckie5/turtlebot3_ws/install/tb3_lane_fusion/lib/python3.10/site-packages/tb3_lane_fusion/lane_bev_node.py to lane_bev_node.cpython-310.pyc
[1.451s] running install_data
[1.451s] copying package.xml -> /home/duckie5/turtlebot3_ws/install/tb3_lane_fusion/share/tb3_lane_fusion
[1.451s] running install_egg_info
[1.453s] removing '/home/duckie5/turtlebot3_ws/install/tb3_lane_fusion/lib/python3.10/site-packages/tb3_lane_fusion-0.0.0-py3.10.egg-info' (and everything under it)
[1.454s] Copying ../../build/tb3_lane_fusion/tb3_lane_fusion.egg-info to /home/duckie5/turtlebot3_ws/install/tb3_lane_fusion/lib/python3.10/site-packages/tb3_lane_fusion-0.0.0-py3.10.egg-info
[1.455s] running install_scripts
[1.483s] Installing lane_bev_node script to /home/duckie5/turtlebot3_ws/install/tb3_lane_fusion/lib/tb3_lane_fusion
[1.483s] Installing slam_interface_node script to /home/duckie5/turtlebot3_ws/install/tb3_lane_fusion/lib/tb3_lane_fusion
[1.483s] Installing test_node script to /home/duckie5/turtlebot3_ws/install/tb3_lane_fusion/lib/tb3_lane_fusion
[1.484s] writing list of installed files to '/home/duckie5/turtlebot3_ws/build/tb3_lane_fusion/install.log'
[1.611s] Invoked command in '/home/duckie5/turtlebot3_ws/src/tb3_lane_fusion' returned '0': PYTHONPATH=/home/duckie5/turtlebot3_ws/build/tb3_lane_fusion/prefix_override:/usr/lib/python3/dist-packages/colcon_core/task/python/colcon_distutils_commands:/home/duckie5/turtlebot3_ws/install/tb3_lane_fusion/lib/python3.10/site-packages:${PYTHONPATH} /usr/bin/python3 -W ignore:setup.py install is deprecated -W ignore:easy_install command is deprecated setup.py egg_info --egg-base ../../build/tb3_lane_fusion build --build-base /home/duckie5/turtlebot3_ws/build/tb3_lane_fusion/build install --record /home/duckie5/turtlebot3_ws/build/tb3_lane_fusion/install.log --single-version-externally-managed install_data
