[1.105s] Invoking command in '/home/duckie5/turtlebot3_ws/build/turtlebot3_teleop': PYTHONPATH=/home/duckie5/turtlebot3_ws/build/turtlebot3_teleop/prefix_override:/usr/lib/python3/dist-packages/colcon_core/task/python/colcon_distutils_commands:/home/duckie5/turtlebot3_ws/install/turtlebot3_teleop/lib/python3.10/site-packages:${PYTHONPATH} /usr/bin/python3 -W ignore:setup.py install is deprecated -W ignore:easy_install command is deprecated setup.py develop --uninstall --editable --build-directory /home/duckie5/turtlebot3_ws/build/turtlebot3_teleop/build
[1.414s] running develop
[1.652s] Removing /home/duckie5/turtlebot3_ws/install/turtlebot3_teleop/lib/python3.10/site-packages/turtlebot3-teleop.egg-link (link to .)
[1.727s] Invoked command in '/home/duckie5/turtlebot3_ws/build/turtlebot3_teleop' returned '0': PYTHONPATH=/home/duckie5/turtlebot3_ws/build/turtlebot3_teleop/prefix_override:/usr/lib/python3/dist-packages/colcon_core/task/python/colcon_distutils_commands:/home/duckie5/turtlebot3_ws/install/turtlebot3_teleop/lib/python3.10/site-packages:${PYTHONPATH} /usr/bin/python3 -W ignore:setup.py install is deprecated -W ignore:easy_install command is deprecated setup.py develop --uninstall --editable --build-directory /home/duckie5/turtlebot3_ws/build/turtlebot3_teleop/build
[1.729s] Invoking command in '/home/duckie5/turtlebot3_ws/src/turtlebot3/turtlebot3_teleop': PYTHONPATH=/home/duckie5/turtlebot3_ws/build/turtlebot3_teleop/prefix_override:/usr/lib/python3/dist-packages/colcon_core/task/python/colcon_distutils_commands:/home/duckie5/turtlebot3_ws/install/turtlebot3_teleop/lib/python3.10/site-packages:${PYTHONPATH} /usr/bin/python3 -W ignore:setup.py install is deprecated -W ignore:easy_install command is deprecated setup.py egg_info --egg-base ../../../build/turtlebot3_teleop build --build-base /home/duckie5/turtlebot3_ws/build/turtlebot3_teleop/build install --record /home/duckie5/turtlebot3_ws/build/turtlebot3_teleop/install.log --single-version-externally-managed install_data --force
[2.074s] running egg_info
[2.075s] writing ../../../build/turtlebot3_teleop/turtlebot3_teleop.egg-info/PKG-INFO
[2.075s] writing dependency_links to ../../../build/turtlebot3_teleop/turtlebot3_teleop.egg-info/dependency_links.txt
[2.076s] writing entry points to ../../../build/turtlebot3_teleop/turtlebot3_teleop.egg-info/entry_points.txt
[2.076s] writing requirements to ../../../build/turtlebot3_teleop/turtlebot3_teleop.egg-info/requires.txt
[2.076s] writing top-level names to ../../../build/turtlebot3_teleop/turtlebot3_teleop.egg-info/top_level.txt
[2.079s] reading manifest file '../../../build/turtlebot3_teleop/turtlebot3_teleop.egg-info/SOURCES.txt'
[2.080s] writing manifest file '../../../build/turtlebot3_teleop/turtlebot3_teleop.egg-info/SOURCES.txt'
[2.081s] running build
[2.081s] running build_py
[2.081s] creating /home/duckie5/turtlebot3_ws/build/turtlebot3_teleop/build
[2.081s] creating /home/duckie5/turtlebot3_ws/build/turtlebot3_teleop/build/lib
[2.081s] creating /home/duckie5/turtlebot3_ws/build/turtlebot3_teleop/build/lib/turtlebot3_teleop
[2.081s] copying turtlebot3_teleop/__init__.py -> /home/duckie5/turtlebot3_ws/build/turtlebot3_teleop/build/lib/turtlebot3_teleop
[2.081s] creating /home/duckie5/turtlebot3_ws/build/turtlebot3_teleop/build/lib/turtlebot3_teleop/script
[2.081s] copying turtlebot3_teleop/script/__init__.py -> /home/duckie5/turtlebot3_ws/build/turtlebot3_teleop/build/lib/turtlebot3_teleop/script
[2.081s] copying turtlebot3_teleop/script/teleop_keyboard.py -> /home/duckie5/turtlebot3_ws/build/turtlebot3_teleop/build/lib/turtlebot3_teleop/script
[2.081s] running install
[2.082s] running install_lib
[2.083s] creating /home/duckie5/turtlebot3_ws/install/turtlebot3_teleop/lib/python3.10/site-packages/turtlebot3_teleop
[2.083s] copying /home/duckie5/turtlebot3_ws/build/turtlebot3_teleop/build/lib/turtlebot3_teleop/__init__.py -> /home/duckie5/turtlebot3_ws/install/turtlebot3_teleop/lib/python3.10/site-packages/turtlebot3_teleop
[2.083s] creating /home/duckie5/turtlebot3_ws/install/turtlebot3_teleop/lib/python3.10/site-packages/turtlebot3_teleop/script
[2.083s] copying /home/duckie5/turtlebot3_ws/build/turtlebot3_teleop/build/lib/turtlebot3_teleop/script/__init__.py -> /home/duckie5/turtlebot3_ws/install/turtlebot3_teleop/lib/python3.10/site-packages/turtlebot3_teleop/script
[2.083s] copying /home/duckie5/turtlebot3_ws/build/turtlebot3_teleop/build/lib/turtlebot3_teleop/script/teleop_keyboard.py -> /home/duckie5/turtlebot3_ws/install/turtlebot3_teleop/lib/python3.10/site-packages/turtlebot3_teleop/script
[2.084s] byte-compiling /home/duckie5/turtlebot3_ws/install/turtlebot3_teleop/lib/python3.10/site-packages/turtlebot3_teleop/__init__.py to __init__.cpython-310.pyc
[2.084s] byte-compiling /home/duckie5/turtlebot3_ws/install/turtlebot3_teleop/lib/python3.10/site-packages/turtlebot3_teleop/script/__init__.py to __init__.cpython-310.pyc
[2.084s] byte-compiling /home/duckie5/turtlebot3_ws/install/turtlebot3_teleop/lib/python3.10/site-packages/turtlebot3_teleop/script/teleop_keyboard.py to teleop_keyboard.cpython-310.pyc
[2.086s] running install_data
[2.086s] copying resource/turtlebot3_teleop -> /home/duckie5/turtlebot3_ws/install/turtlebot3_teleop/share/ament_index/resource_index/packages
[2.086s] copying package.xml -> /home/duckie5/turtlebot3_ws/install/turtlebot3_teleop/share/turtlebot3_teleop
[2.086s] running install_egg_info
[2.089s] Copying ../../../build/turtlebot3_teleop/turtlebot3_teleop.egg-info to /home/duckie5/turtlebot3_ws/install/turtlebot3_teleop/lib/python3.10/site-packages/turtlebot3_teleop-2.3.3-py3.10.egg-info
[2.091s] running install_scripts
[2.126s] Installing teleop_keyboard script to /home/duckie5/turtlebot3_ws/install/turtlebot3_teleop/lib/turtlebot3_teleop
[2.126s] writing list of installed files to '/home/duckie5/turtlebot3_ws/build/turtlebot3_teleop/install.log'
[2.183s] Invoked command in '/home/duckie5/turtlebot3_ws/src/turtlebot3/turtlebot3_teleop' returned '0': PYTHONPATH=/home/duckie5/turtlebot3_ws/build/turtlebot3_teleop/prefix_override:/usr/lib/python3/dist-packages/colcon_core/task/python/colcon_distutils_commands:/home/duckie5/turtlebot3_ws/install/turtlebot3_teleop/lib/python3.10/site-packages:${PYTHONPATH} /usr/bin/python3 -W ignore:setup.py install is deprecated -W ignore:easy_install command is deprecated setup.py egg_info --egg-base ../../../build/turtlebot3_teleop build --build-base /home/duckie5/turtlebot3_ws/build/turtlebot3_teleop/build install --record /home/duckie5/turtlebot3_ws/build/turtlebot3_teleop/install.log --single-version-externally-managed install_data --force
