[0.562s] Invoking command in '/home/duckie5/turtlebot3_ws/src/tb3_lane_fusion': PYTHONPATH=/home/duckie5/turtlebot3_ws/build/tb3_lane_fusion/prefix_override:/usr/lib/python3/dist-packages/colcon_core/task/python/colcon_distutils_commands:/home/duckie5/turtlebot3_ws/install/tb3_lane_fusion/lib/python3.10/site-packages:${PYTHONPATH} /usr/bin/python3 -W ignore:setup.py install is deprecated -W ignore:easy_install command is deprecated setup.py egg_info --egg-base ../../build/tb3_lane_fusion build --build-base /home/duckie5/turtlebot3_ws/build/tb3_lane_fusion/build install --record /home/duckie5/turtlebot3_ws/build/tb3_lane_fusion/install.log --single-version-externally-managed install_data
[0.770s] running egg_info
[0.770s] writing ../../build/tb3_lane_fusion/tb3_lane_fusion.egg-info/PKG-INFO
[0.770s] writing dependency_links to ../../build/tb3_lane_fusion/tb3_lane_fusion.egg-info/dependency_links.txt
[0.771s] writing entry points to ../../build/tb3_lane_fusion/tb3_lane_fusion.egg-info/entry_points.txt
[0.771s] writing requirements to ../../build/tb3_lane_fusion/tb3_lane_fusion.egg-info/requires.txt
[0.771s] writing top-level names to ../../build/tb3_lane_fusion/tb3_lane_fusion.egg-info/top_level.txt
[0.772s] reading manifest file '../../build/tb3_lane_fusion/tb3_lane_fusion.egg-info/SOURCES.txt'
[0.773s] writing manifest file '../../build/tb3_lane_fusion/tb3_lane_fusion.egg-info/SOURCES.txt'
[0.773s] running build
[0.773s] running build_py
[0.773s] copying tb3_lane_fusion/lane_map_node.py -> /home/duckie5/turtlebot3_ws/build/tb3_lane_fusion/build/lib/tb3_lane_fusion
[0.773s] running install
[0.773s] running install_lib
[0.774s] copying /home/duckie5/turtlebot3_ws/build/tb3_lane_fusion/build/lib/tb3_lane_fusion/lane_map_node.py -> /home/duckie5/turtlebot3_ws/install/tb3_lane_fusion/lib/python3.10/site-packages/tb3_lane_fusion
[0.775s] byte-compiling /home/duckie5/turtlebot3_ws/install/tb3_lane_fusion/lib/python3.10/site-packages/tb3_lane_fusion/lane_map_node.py to lane_map_node.cpython-310.pyc
[0.776s] running install_data
[0.776s] running install_egg_info
[0.777s] removing '/home/duckie5/turtlebot3_ws/install/tb3_lane_fusion/lib/python3.10/site-packages/tb3_lane_fusion-0.0.0-py3.10.egg-info' (and everything under it)
[0.777s] Copying ../../build/tb3_lane_fusion/tb3_lane_fusion.egg-info to /home/duckie5/turtlebot3_ws/install/tb3_lane_fusion/lib/python3.10/site-packages/tb3_lane_fusion-0.0.0-py3.10.egg-info
[0.778s] running install_scripts
[0.793s] Installing lane_bev_node script to /home/duckie5/turtlebot3_ws/install/tb3_lane_fusion/lib/tb3_lane_fusion
[0.793s] Installing lane_map_node script to /home/duckie5/turtlebot3_ws/install/tb3_lane_fusion/lib/tb3_lane_fusion
[0.793s] Installing slam_interface_node script to /home/duckie5/turtlebot3_ws/install/tb3_lane_fusion/lib/tb3_lane_fusion
[0.793s] Installing test_node script to /home/duckie5/turtlebot3_ws/install/tb3_lane_fusion/lib/tb3_lane_fusion
[0.793s] writing list of installed files to '/home/duckie5/turtlebot3_ws/build/tb3_lane_fusion/install.log'
[0.812s] Invoked command in '/home/duckie5/turtlebot3_ws/src/tb3_lane_fusion' returned '0': PYTHONPATH=/home/duckie5/turtlebot3_ws/build/tb3_lane_fusion/prefix_override:/usr/lib/python3/dist-packages/colcon_core/task/python/colcon_distutils_commands:/home/duckie5/turtlebot3_ws/install/tb3_lane_fusion/lib/python3.10/site-packages:${PYTHONPATH} /usr/bin/python3 -W ignore:setup.py install is deprecated -W ignore:easy_install command is deprecated setup.py egg_info --egg-base ../../build/tb3_lane_fusion build --build-base /home/duckie5/turtlebot3_ws/build/tb3_lane_fusion/build install --record /home/duckie5/turtlebot3_ws/build/tb3_lane_fusion/install.log --single-version-externally-managed install_data
