/home/duckie5/turtlebot3_ws/install/tb3_lane_fusion/lib/python3.10/site-packages/tb3_lane_fusion/slam_interface_node.py
/home/duckie5/turtlebot3_ws/install/tb3_lane_fusion/lib/python3.10/site-packages/tb3_lane_fusion/lane_bev_node.py
/home/duckie5/turtlebot3_ws/install/tb3_lane_fusion/lib/python3.10/site-packages/tb3_lane_fusion/test_node.py
/home/duckie5/turtlebot3_ws/install/tb3_lane_fusion/lib/python3.10/site-packages/tb3_lane_fusion/__init__.py
/home/duckie5/turtlebot3_ws/install/tb3_lane_fusion/lib/python3.10/site-packages/tb3_lane_fusion/lane_map_node.py
/home/duckie5/turtlebot3_ws/install/tb3_lane_fusion/lib/python3.10/site-packages/tb3_lane_fusion/__pycache__/slam_interface_node.cpython-310.pyc
/home/duckie5/turtlebot3_ws/install/tb3_lane_fusion/lib/python3.10/site-packages/tb3_lane_fusion/__pycache__/lane_bev_node.cpython-310.pyc
/home/duckie5/turtlebot3_ws/install/tb3_lane_fusion/lib/python3.10/site-packages/tb3_lane_fusion/__pycache__/test_node.cpython-310.pyc
/home/duckie5/turtlebot3_ws/install/tb3_lane_fusion/lib/python3.10/site-packages/tb3_lane_fusion/__pycache__/__init__.cpython-310.pyc
/home/duckie5/turtlebot3_ws/install/tb3_lane_fusion/lib/python3.10/site-packages/tb3_lane_fusion/__pycache__/lane_map_node.cpython-310.pyc
/home/duckie5/turtlebot3_ws/install/tb3_lane_fusion/share/ament_index/resource_index/packages/tb3_lane_fusion
/home/duckie5/turtlebot3_ws/install/tb3_lane_fusion/share/tb3_lane_fusion/package.xml
/home/duckie5/turtlebot3_ws/install/tb3_lane_fusion/lib/python3.10/site-packages/tb3_lane_fusion-0.0.0-py3.10.egg-info/requires.txt
/home/duckie5/turtlebot3_ws/install/tb3_lane_fusion/lib/python3.10/site-packages/tb3_lane_fusion-0.0.0-py3.10.egg-info/zip-safe
/home/duckie5/turtlebot3_ws/install/tb3_lane_fusion/lib/python3.10/site-packages/tb3_lane_fusion-0.0.0-py3.10.egg-info/top_level.txt
/home/duckie5/turtlebot3_ws/install/tb3_lane_fusion/lib/python3.10/site-packages/tb3_lane_fusion-0.0.0-py3.10.egg-info/PKG-INFO
/home/duckie5/turtlebot3_ws/install/tb3_lane_fusion/lib/python3.10/site-packages/tb3_lane_fusion-0.0.0-py3.10.egg-info/SOURCES.txt
/home/duckie5/turtlebot3_ws/install/tb3_lane_fusion/lib/python3.10/site-packages/tb3_lane_fusion-0.0.0-py3.10.egg-info/dependency_links.txt
/home/duckie5/turtlebot3_ws/install/tb3_lane_fusion/lib/python3.10/site-packages/tb3_lane_fusion-0.0.0-py3.10.egg-info/entry_points.txt
/home/duckie5/turtlebot3_ws/install/tb3_lane_fusion/lib/tb3_lane_fusion/lane_bev_node
/home/duckie5/turtlebot3_ws/install/tb3_lane_fusion/lib/tb3_lane_fusion/lane_map_node
/home/duckie5/turtlebot3_ws/install/tb3_lane_fusion/lib/tb3_lane_fusion/slam_interface_node
/home/duckie5/turtlebot3_ws/install/tb3_lane_fusion/lib/tb3_lane_fusion/test_node
