[0.822s] Invoking command in '/home/duckie5/turtlebot3_ws/build/turtlebot3_example': CMAKE_PREFIX_PATH=/home/duckie5/turtlebot3_ws/install/turtlebot3_msgs:/home/duckie5/turtlebot3_ws/install/turtlebot3:/home/duckie5/turtlebot3_ws/install/turtlebot3_bringup:/home/duckie5/turtlebot3_ws/install/turtlebot3_node:/home/duckie5/turtlebot3_ws/install/turtlebot3_navigation2:/home/duckie5/turtlebot3_ws/install/turtlebot3_description:/home/duckie5/turtlebot3_ws/install/turtlebot3_cartographer:/home/duckie5/turtlebot3_ws/install/dynamixel_sdk_examples:/home/duckie5/turtlebot3_ws/install/dynamixel_sdk_custom_interfaces:/home/duckie5/turtlebot3_ws/install/dynamixel_sdk LD_LIBRARY_PATH=/home/duckie5/turtlebot3_ws/install/turtlebot3_msgs/lib:/home/duckie5/turtlebot3_ws/install/dynamixel_sdk_custom_interfaces/lib:/home/duckie5/turtlebot3_ws/install/dynamixel_sdk/lib:/usr/lib/x86_64-linux-gnu/gazebo-11/plugins:/opt/ros/humble/opt/rviz_ogre_vendor/lib:/opt/ros/humble/lib/x86_64-linux-gnu:/opt/ros/humble/lib:/usr/lib/x86_64-linux-gnu/gazebo-11/plugins:/usr/lib/x86_64-linux-gnu/gazebo-11/plugins:/usr/lib/x86_64-linux-gnu/gazebo-11/plugins PYTHONPATH=/home/duckie5/turtlebot3_ws/build/turtlebot3_example/prefix_override:/usr/lib/python3/dist-packages/colcon_core/task/python/colcon_distutils_commands:/home/duckie5/turtlebot3_ws/install/turtlebot3_example/lib/python3.10/site-packages:${PYTHONPATH} /usr/bin/python3 -W ignore:setup.py install is deprecated -W ignore:easy_install command is deprecated setup.py develop --uninstall --editable --build-directory /home/duckie5/turtlebot3_ws/build/turtlebot3_example/build
[1.115s] running develop
[1.306s] Removing /home/duckie5/turtlebot3_ws/install/turtlebot3_example/lib/python3.10/site-packages/turtlebot3-example.egg-link (link to .)
[1.342s] Invoked command in '/home/duckie5/turtlebot3_ws/build/turtlebot3_example' returned '0': CMAKE_PREFIX_PATH=/home/duckie5/turtlebot3_ws/install/turtlebot3_msgs:/home/duckie5/turtlebot3_ws/install/turtlebot3:/home/duckie5/turtlebot3_ws/install/turtlebot3_bringup:/home/duckie5/turtlebot3_ws/install/turtlebot3_node:/home/duckie5/turtlebot3_ws/install/turtlebot3_navigation2:/home/duckie5/turtlebot3_ws/install/turtlebot3_description:/home/duckie5/turtlebot3_ws/install/turtlebot3_cartographer:/home/duckie5/turtlebot3_ws/install/dynamixel_sdk_examples:/home/duckie5/turtlebot3_ws/install/dynamixel_sdk_custom_interfaces:/home/duckie5/turtlebot3_ws/install/dynamixel_sdk LD_LIBRARY_PATH=/home/duckie5/turtlebot3_ws/install/turtlebot3_msgs/lib:/home/duckie5/turtlebot3_ws/install/dynamixel_sdk_custom_interfaces/lib:/home/duckie5/turtlebot3_ws/install/dynamixel_sdk/lib:/usr/lib/x86_64-linux-gnu/gazebo-11/plugins:/opt/ros/humble/opt/rviz_ogre_vendor/lib:/opt/ros/humble/lib/x86_64-linux-gnu:/opt/ros/humble/lib:/usr/lib/x86_64-linux-gnu/gazebo-11/plugins:/usr/lib/x86_64-linux-gnu/gazebo-11/plugins:/usr/lib/x86_64-linux-gnu/gazebo-11/plugins PYTHONPATH=/home/duckie5/turtlebot3_ws/build/turtlebot3_example/prefix_override:/usr/lib/python3/dist-packages/colcon_core/task/python/colcon_distutils_commands:/home/duckie5/turtlebot3_ws/install/turtlebot3_example/lib/python3.10/site-packages:${PYTHONPATH} /usr/bin/python3 -W ignore:setup.py install is deprecated -W ignore:easy_install command is deprecated setup.py develop --uninstall --editable --build-directory /home/duckie5/turtlebot3_ws/build/turtlebot3_example/build
[1.344s] Invoking command in '/home/duckie5/turtlebot3_ws/src/turtlebot3/turtlebot3_example': CMAKE_PREFIX_PATH=/home/duckie5/turtlebot3_ws/install/turtlebot3_msgs:/home/duckie5/turtlebot3_ws/install/turtlebot3:/home/duckie5/turtlebot3_ws/install/turtlebot3_bringup:/home/duckie5/turtlebot3_ws/install/turtlebot3_node:/home/duckie5/turtlebot3_ws/install/turtlebot3_navigation2:/home/duckie5/turtlebot3_ws/install/turtlebot3_description:/home/duckie5/turtlebot3_ws/install/turtlebot3_cartographer:/home/duckie5/turtlebot3_ws/install/dynamixel_sdk_examples:/home/duckie5/turtlebot3_ws/install/dynamixel_sdk_custom_interfaces:/home/duckie5/turtlebot3_ws/install/dynamixel_sdk LD_LIBRARY_PATH=/home/duckie5/turtlebot3_ws/install/turtlebot3_msgs/lib:/home/duckie5/turtlebot3_ws/install/dynamixel_sdk_custom_interfaces/lib:/home/duckie5/turtlebot3_ws/install/dynamixel_sdk/lib:/usr/lib/x86_64-linux-gnu/gazebo-11/plugins:/opt/ros/humble/opt/rviz_ogre_vendor/lib:/opt/ros/humble/lib/x86_64-linux-gnu:/opt/ros/humble/lib:/usr/lib/x86_64-linux-gnu/gazebo-11/plugins:/usr/lib/x86_64-linux-gnu/gazebo-11/plugins:/usr/lib/x86_64-linux-gnu/gazebo-11/plugins PYTHONPATH=/home/duckie5/turtlebot3_ws/build/turtlebot3_example/prefix_override:/usr/lib/python3/dist-packages/colcon_core/task/python/colcon_distutils_commands:/home/duckie5/turtlebot3_ws/install/turtlebot3_example/lib/python3.10/site-packages:${PYTHONPATH} /usr/bin/python3 -W ignore:setup.py install is deprecated -W ignore:easy_install command is deprecated setup.py egg_info --egg-base ../../../build/turtlebot3_example build --build-base /home/duckie5/turtlebot3_ws/build/turtlebot3_example/build install --record /home/duckie5/turtlebot3_ws/build/turtlebot3_example/install.log --single-version-externally-managed install_data --force
[1.561s] running egg_info
[1.562s] writing ../../../build/turtlebot3_example/turtlebot3_example.egg-info/PKG-INFO
[1.562s] writing dependency_links to ../../../build/turtlebot3_example/turtlebot3_example.egg-info/dependency_links.txt
[1.562s] writing entry points to ../../../build/turtlebot3_example/turtlebot3_example.egg-info/entry_points.txt
[1.562s] writing requirements to ../../../build/turtlebot3_example/turtlebot3_example.egg-info/requires.txt
[1.562s] writing top-level names to ../../../build/turtlebot3_example/turtlebot3_example.egg-info/top_level.txt
[1.564s] reading manifest file '../../../build/turtlebot3_example/turtlebot3_example.egg-info/SOURCES.txt'
[1.564s] writing manifest file '../../../build/turtlebot3_example/turtlebot3_example.egg-info/SOURCES.txt'
[1.565s] running build
[1.565s] running build_py
[1.565s] creating /home/duckie5/turtlebot3_ws/build/turtlebot3_example/build
[1.565s] creating /home/duckie5/turtlebot3_ws/build/turtlebot3_example/build/lib
[1.565s] creating /home/duckie5/turtlebot3_ws/build/turtlebot3_example/build/lib/turtlebot3_example
[1.565s] copying turtlebot3_example/__init__.py -> /home/duckie5/turtlebot3_ws/build/turtlebot3_example/build/lib/turtlebot3_example
[1.565s] creating /home/duckie5/turtlebot3_ws/build/turtlebot3_example/build/lib/turtlebot3_example/turtlebot3_relative_move
[1.565s] copying turtlebot3_example/turtlebot3_relative_move/__init__.py -> /home/duckie5/turtlebot3_ws/build/turtlebot3_example/build/lib/turtlebot3_example/turtlebot3_relative_move
[1.565s] copying turtlebot3_example/turtlebot3_relative_move/turtlebot3_relative_move.py -> /home/duckie5/turtlebot3_ws/build/turtlebot3_example/build/lib/turtlebot3_example/turtlebot3_relative_move
[1.565s] creating /home/duckie5/turtlebot3_ws/build/turtlebot3_example/build/lib/turtlebot3_example/turtlebot3_patrol
[1.565s] copying turtlebot3_example/turtlebot3_patrol/__init__.py -> /home/duckie5/turtlebot3_ws/build/turtlebot3_example/build/lib/turtlebot3_example/turtlebot3_patrol
[1.566s] copying turtlebot3_example/turtlebot3_patrol/turtlebot3_patrol_server.py -> /home/duckie5/turtlebot3_ws/build/turtlebot3_example/build/lib/turtlebot3_example/turtlebot3_patrol
[1.566s] copying turtlebot3_example/turtlebot3_patrol/turtlebot3_patrol_client.py -> /home/duckie5/turtlebot3_ws/build/turtlebot3_example/build/lib/turtlebot3_example/turtlebot3_patrol
[1.566s] creating /home/duckie5/turtlebot3_ws/build/turtlebot3_example/build/lib/turtlebot3_example/turtlebot3_absolute_move
[1.566s] copying turtlebot3_example/turtlebot3_absolute_move/turtlebot3_absolute_move.py -> /home/duckie5/turtlebot3_ws/build/turtlebot3_example/build/lib/turtlebot3_example/turtlebot3_absolute_move
[1.566s] copying turtlebot3_example/turtlebot3_absolute_move/__init__.py -> /home/duckie5/turtlebot3_ws/build/turtlebot3_example/build/lib/turtlebot3_example/turtlebot3_absolute_move
[1.566s] creating /home/duckie5/turtlebot3_ws/build/turtlebot3_example/build/lib/turtlebot3_example/turtlebot3_obstacle_detection
[1.566s] copying turtlebot3_example/turtlebot3_obstacle_detection/turtlebot3_obstacle_detection.py -> /home/duckie5/turtlebot3_ws/build/turtlebot3_example/build/lib/turtlebot3_example/turtlebot3_obstacle_detection
[1.566s] copying turtlebot3_example/turtlebot3_obstacle_detection/__init__.py -> /home/duckie5/turtlebot3_ws/build/turtlebot3_example/build/lib/turtlebot3_example/turtlebot3_obstacle_detection
[1.566s] creating /home/duckie5/turtlebot3_ws/build/turtlebot3_example/build/lib/turtlebot3_example/turtlebot3_interactive_marker
[1.566s] copying turtlebot3_example/turtlebot3_interactive_marker/turtlebot3_interactive_marker.py -> /home/duckie5/turtlebot3_ws/build/turtlebot3_example/build/lib/turtlebot3_example/turtlebot3_interactive_marker
[1.567s] copying turtlebot3_example/turtlebot3_interactive_marker/__init__.py -> /home/duckie5/turtlebot3_ws/build/turtlebot3_example/build/lib/turtlebot3_example/turtlebot3_interactive_marker
[1.567s] running install
[1.567s] running install_lib
[1.568s] creating /home/duckie5/turtlebot3_ws/install/turtlebot3_example/lib/python3.10/site-packages/turtlebot3_example
[1.568s] creating /home/duckie5/turtlebot3_ws/install/turtlebot3_example/lib/python3.10/site-packages/turtlebot3_example/turtlebot3_relative_move
[1.568s] copying /home/duckie5/turtlebot3_ws/build/turtlebot3_example/build/lib/turtlebot3_example/turtlebot3_relative_move/__init__.py -> /home/duckie5/turtlebot3_ws/install/turtlebot3_example/lib/python3.10/site-packages/turtlebot3_example/turtlebot3_relative_move
[1.568s] copying /home/duckie5/turtlebot3_ws/build/turtlebot3_example/build/lib/turtlebot3_example/turtlebot3_relative_move/turtlebot3_relative_move.py -> /home/duckie5/turtlebot3_ws/install/turtlebot3_example/lib/python3.10/site-packages/turtlebot3_example/turtlebot3_relative_move
[1.568s] copying /home/duckie5/turtlebot3_ws/build/turtlebot3_example/build/lib/turtlebot3_example/__init__.py -> /home/duckie5/turtlebot3_ws/install/turtlebot3_example/lib/python3.10/site-packages/turtlebot3_example
[1.568s] creating /home/duckie5/turtlebot3_ws/install/turtlebot3_example/lib/python3.10/site-packages/turtlebot3_example/turtlebot3_patrol
[1.568s] copying /home/duckie5/turtlebot3_ws/build/turtlebot3_example/build/lib/turtlebot3_example/turtlebot3_patrol/__init__.py -> /home/duckie5/turtlebot3_ws/install/turtlebot3_example/lib/python3.10/site-packages/turtlebot3_example/turtlebot3_patrol
[1.569s] copying /home/duckie5/turtlebot3_ws/build/turtlebot3_example/build/lib/turtlebot3_example/turtlebot3_patrol/turtlebot3_patrol_server.py -> /home/duckie5/turtlebot3_ws/install/turtlebot3_example/lib/python3.10/site-packages/turtlebot3_example/turtlebot3_patrol
[1.569s] copying /home/duckie5/turtlebot3_ws/build/turtlebot3_example/build/lib/turtlebot3_example/turtlebot3_patrol/turtlebot3_patrol_client.py -> /home/duckie5/turtlebot3_ws/install/turtlebot3_example/lib/python3.10/site-packages/turtlebot3_example/turtlebot3_patrol
[1.569s] creating /home/duckie5/turtlebot3_ws/install/turtlebot3_example/lib/python3.10/site-packages/turtlebot3_example/turtlebot3_absolute_move
[1.569s] copying /home/duckie5/turtlebot3_ws/build/turtlebot3_example/build/lib/turtlebot3_example/turtlebot3_absolute_move/turtlebot3_absolute_move.py -> /home/duckie5/turtlebot3_ws/install/turtlebot3_example/lib/python3.10/site-packages/turtlebot3_example/turtlebot3_absolute_move
[1.569s] copying /home/duckie5/turtlebot3_ws/build/turtlebot3_example/build/lib/turtlebot3_example/turtlebot3_absolute_move/__init__.py -> /home/duckie5/turtlebot3_ws/install/turtlebot3_example/lib/python3.10/site-packages/turtlebot3_example/turtlebot3_absolute_move
[1.569s] creating /home/duckie5/turtlebot3_ws/install/turtlebot3_example/lib/python3.10/site-packages/turtlebot3_example/turtlebot3_obstacle_detection
[1.569s] copying /home/duckie5/turtlebot3_ws/build/turtlebot3_example/build/lib/turtlebot3_example/turtlebot3_obstacle_detection/turtlebot3_obstacle_detection.py -> /home/duckie5/turtlebot3_ws/install/turtlebot3_example/lib/python3.10/site-packages/turtlebot3_example/turtlebot3_obstacle_detection
[1.569s] copying /home/duckie5/turtlebot3_ws/build/turtlebot3_example/build/lib/turtlebot3_example/turtlebot3_obstacle_detection/__init__.py -> /home/duckie5/turtlebot3_ws/install/turtlebot3_example/lib/python3.10/site-packages/turtlebot3_example/turtlebot3_obstacle_detection
[1.569s] creating /home/duckie5/turtlebot3_ws/install/turtlebot3_example/lib/python3.10/site-packages/turtlebot3_example/turtlebot3_interactive_marker
[1.569s] copying /home/duckie5/turtlebot3_ws/build/turtlebot3_example/build/lib/turtlebot3_example/turtlebot3_interactive_marker/turtlebot3_interactive_marker.py -> /home/duckie5/turtlebot3_ws/install/turtlebot3_example/lib/python3.10/site-packages/turtlebot3_example/turtlebot3_interactive_marker
[1.569s] copying /home/duckie5/turtlebot3_ws/build/turtlebot3_example/build/lib/turtlebot3_example/turtlebot3_interactive_marker/__init__.py -> /home/duckie5/turtlebot3_ws/install/turtlebot3_example/lib/python3.10/site-packages/turtlebot3_example/turtlebot3_interactive_marker
[1.570s] byte-compiling /home/duckie5/turtlebot3_ws/install/turtlebot3_example/lib/python3.10/site-packages/turtlebot3_example/turtlebot3_relative_move/__init__.py to __init__.cpython-310.pyc
[1.570s] byte-compiling /home/duckie5/turtlebot3_ws/install/turtlebot3_example/lib/python3.10/site-packages/turtlebot3_example/turtlebot3_relative_move/turtlebot3_relative_move.py to turtlebot3_relative_move.cpython-310.pyc
[1.571s] byte-compiling /home/duckie5/turtlebot3_ws/install/turtlebot3_example/lib/python3.10/site-packages/turtlebot3_example/__init__.py to __init__.cpython-310.pyc
[1.572s] byte-compiling /home/duckie5/turtlebot3_ws/install/turtlebot3_example/lib/python3.10/site-packages/turtlebot3_example/turtlebot3_patrol/__init__.py to __init__.cpython-310.pyc
[1.572s] byte-compiling /home/duckie5/turtlebot3_ws/install/turtlebot3_example/lib/python3.10/site-packages/turtlebot3_example/turtlebot3_patrol/turtlebot3_patrol_server.py to turtlebot3_patrol_server.cpython-310.pyc
[1.572s] byte-compiling /home/duckie5/turtlebot3_ws/install/turtlebot3_example/lib/python3.10/site-packages/turtlebot3_example/turtlebot3_patrol/turtlebot3_patrol_client.py to turtlebot3_patrol_client.cpython-310.pyc
[1.573s] byte-compiling /home/duckie5/turtlebot3_ws/install/turtlebot3_example/lib/python3.10/site-packages/turtlebot3_example/turtlebot3_absolute_move/turtlebot3_absolute_move.py to turtlebot3_absolute_move.cpython-310.pyc
[1.574s] byte-compiling /home/duckie5/turtlebot3_ws/install/turtlebot3_example/lib/python3.10/site-packages/turtlebot3_example/turtlebot3_absolute_move/__init__.py to __init__.cpython-310.pyc
[1.574s] byte-compiling /home/duckie5/turtlebot3_ws/install/turtlebot3_example/lib/python3.10/site-packages/turtlebot3_example/turtlebot3_obstacle_detection/turtlebot3_obstacle_detection.py to turtlebot3_obstacle_detection.cpython-310.pyc
[1.574s] byte-compiling /home/duckie5/turtlebot3_ws/install/turtlebot3_example/lib/python3.10/site-packages/turtlebot3_example/turtlebot3_obstacle_detection/__init__.py to __init__.cpython-310.pyc
[1.574s] byte-compiling /home/duckie5/turtlebot3_ws/install/turtlebot3_example/lib/python3.10/site-packages/turtlebot3_example/turtlebot3_interactive_marker/turtlebot3_interactive_marker.py to turtlebot3_interactive_marker.cpython-310.pyc
[1.575s] byte-compiling /home/duckie5/turtlebot3_ws/install/turtlebot3_example/lib/python3.10/site-packages/turtlebot3_example/turtlebot3_interactive_marker/__init__.py to __init__.cpython-310.pyc
[1.575s] running install_data
[1.575s] copying resource/turtlebot3_example -> /home/duckie5/turtlebot3_ws/install/turtlebot3_example/share/ament_index/resource_index/packages
[1.575s] copying package.xml -> /home/duckie5/turtlebot3_ws/install/turtlebot3_example/share/turtlebot3_example
[1.575s] running install_egg_info
[1.577s] Copying ../../../build/turtlebot3_example/turtlebot3_example.egg-info to /home/duckie5/turtlebot3_ws/install/turtlebot3_example/lib/python3.10/site-packages/turtlebot3_example-2.3.3-py3.10.egg-info
[1.578s] running install_scripts
[1.600s] Installing turtlebot3_absolute_move script to /home/duckie5/turtlebot3_ws/install/turtlebot3_example/lib/turtlebot3_example
[1.600s] Installing turtlebot3_interactive_marker script to /home/duckie5/turtlebot3_ws/install/turtlebot3_example/lib/turtlebot3_example
[1.600s] Installing turtlebot3_obstacle_detection script to /home/duckie5/turtlebot3_ws/install/turtlebot3_example/lib/turtlebot3_example
[1.600s] Installing turtlebot3_patrol_client script to /home/duckie5/turtlebot3_ws/install/turtlebot3_example/lib/turtlebot3_example
[1.600s] Installing turtlebot3_patrol_server script to /home/duckie5/turtlebot3_ws/install/turtlebot3_example/lib/turtlebot3_example
[1.600s] Installing turtlebot3_relative_move script to /home/duckie5/turtlebot3_ws/install/turtlebot3_example/lib/turtlebot3_example
[1.601s] writing list of installed files to '/home/duckie5/turtlebot3_ws/build/turtlebot3_example/install.log'
[1.632s] Invoked command in '/home/duckie5/turtlebot3_ws/src/turtlebot3/turtlebot3_example' returned '0': CMAKE_PREFIX_PATH=/home/duckie5/turtlebot3_ws/install/turtlebot3_msgs:/home/duckie5/turtlebot3_ws/install/turtlebot3:/home/duckie5/turtlebot3_ws/install/turtlebot3_bringup:/home/duckie5/turtlebot3_ws/install/turtlebot3_node:/home/duckie5/turtlebot3_ws/install/turtlebot3_navigation2:/home/duckie5/turtlebot3_ws/install/turtlebot3_description:/home/duckie5/turtlebot3_ws/install/turtlebot3_cartographer:/home/duckie5/turtlebot3_ws/install/dynamixel_sdk_examples:/home/duckie5/turtlebot3_ws/install/dynamixel_sdk_custom_interfaces:/home/duckie5/turtlebot3_ws/install/dynamixel_sdk LD_LIBRARY_PATH=/home/duckie5/turtlebot3_ws/install/turtlebot3_msgs/lib:/home/duckie5/turtlebot3_ws/install/dynamixel_sdk_custom_interfaces/lib:/home/duckie5/turtlebot3_ws/install/dynamixel_sdk/lib:/usr/lib/x86_64-linux-gnu/gazebo-11/plugins:/opt/ros/humble/opt/rviz_ogre_vendor/lib:/opt/ros/humble/lib/x86_64-linux-gnu:/opt/ros/humble/lib:/usr/lib/x86_64-linux-gnu/gazebo-11/plugins:/usr/lib/x86_64-linux-gnu/gazebo-11/plugins:/usr/lib/x86_64-linux-gnu/gazebo-11/plugins PYTHONPATH=/home/duckie5/turtlebot3_ws/build/turtlebot3_example/prefix_override:/usr/lib/python3/dist-packages/colcon_core/task/python/colcon_distutils_commands:/home/duckie5/turtlebot3_ws/install/turtlebot3_example/lib/python3.10/site-packages:${PYTHONPATH} /usr/bin/python3 -W ignore:setup.py install is deprecated -W ignore:easy_install command is deprecated setup.py egg_info --egg-base ../../../build/turtlebot3_example build --build-base /home/duckie5/turtlebot3_ws/build/turtlebot3_example/build install --record /home/duckie5/turtlebot3_ws/build/turtlebot3_example/install.log --single-version-externally-managed install_data --force
